GPU queue: reactor-art09a-preview waiting for the current job
GPU acquired: reactor-art09a-preview
C:\Users\Camer\Games\critical-shift\worktrees\reactor-valorant\sections\reactor-room\blender\build_scene.py:70: DeprecationWarning: 'Material.use_nodes' is expected to be removed in Blender 6.0
  mat.use_nodes = True
C:\Users\Camer\Games\critical-shift\worktrees\reactor-valorant\sections\reactor-room\blender\build_scene.py:192: DeprecationWarning: 'Material.use_nodes' is expected to be removed in Blender 6.0
  vol=bpy.data.materials.new('pool_medium'); vol.use_nodes=True; nt=vol.node_tree; nt.nodes.clear()
00:05.188  cycles           | WARNING CUEW initialization failed: Error opening the library
C:\Users\Camer\Games\critical-shift\worktrees\reactor-valorant\sections\reactor-room\blender\build_scene.py:1585: DeprecationWarning: 'World.use_nodes' is expected to be removed in Blender 6.0
  scene.world.use_nodes=True
VALIDATION PASS: 64 checks; 4914 objects
Info: Saved as "reactor_scene.blend"
RENDER START 01_HERO
02:13.203  render           | Saved: 'C:\Users\Camer\Games\critical-shift\worktrees\reactor-valorant\sections\reactor-room\art\renders\art-09a\01_HERO.png'
RENDER COMPLETE 01_HERO
RENDER START 04_TURBINE_AISLE
04:22.703  render           | Saved: 'C:\Users\Camer\Games\critical-shift\worktrees\reactor-valorant\sections\reactor-room\art\renders\art-09a\04_TURBINE_AISLE.png'
RENDER COMPLETE 04_TURBINE_AISLE
RENDER START 06_CONTROL_ROOM
05:09.141  render           | Saved: 'C:\Users\Camer\Games\critical-shift\worktrees\reactor-valorant\sections\reactor-room\art\renders\art-09a\06_CONTROL_ROOM.png'
RENDER COMPLETE 06_CONTROL_ROOM
RENDER START 07_COMPACT_STAIR
05:47.781  render           | Saved: 'C:\Users\Camer\Games\critical-shift\worktrees\reactor-valorant\sections\reactor-room\art\renders\art-09a\07_COMPACT_STAIR.png'
RENDER COMPLETE 07_COMPACT_STAIR
RENDER START 08_MATERIAL_SLICE
06:26.609  render           | Saved: 'C:\Users\Camer\Games\critical-shift\worktrees\reactor-valorant\sections\reactor-room\art\renders\art-09a\08_MATERIAL_SLICE.png'
RENDER COMPLETE 08_MATERIAL_SLICE
BUILD COMPLETE art-09a
Blender 5.2.0 LTS (hash fbe6228777e7 built 2026-07-14 01:35:40)

Blender quit
