REFINERY_VALIDATION PASS 0 errors: C:\Users\Camer\Games\critical-shift\worktrees\refinery-compact\sections\refinery\production\validation_report.json
Info: Saved as "Refinery.blend"
REFINERY_VALIDATION PASS 0 errors: C:\Users\Camer\Games\critical-shift\worktrees\refinery-compact\sections\refinery\production\validation_report.json
RENDER_CAMERA CAM_ENTRY
02:23.000  render           | Saved: 'C:\Users\Camer\Games\critical-shift\worktrees\refinery-compact\sections\refinery\production\renders\review\CAM_ENTRY.png'
RENDER_CAMERA CAM_MINE_TO_CRUSHER
03:04.953  render           | Saved: 'C:\Users\Camer\Games\critical-shift\worktrees\refinery-compact\sections\refinery\production\renders\review\CAM_MINE_TO_CRUSHER.png'
RENDER_CAMERA CAM_MAIN_ROUTE
03:46.859  render           | Saved: 'C:\Users\Camer\Games\critical-shift\worktrees\refinery-compact\sections\refinery\production\renders\review\CAM_MAIN_ROUTE.png'
RENDER_CAMERA CAM_PROCESS
04:28.203  render           | Saved: 'C:\Users\Camer\Games\critical-shift\worktrees\refinery-compact\sections\refinery\production\renders\review\CAM_PROCESS.png'
RENDER_CAMERA CAM_ASSEMBLY
05:07.297  render           | Saved: 'C:\Users\Camer\Games\critical-shift\worktrees\refinery-compact\sections\refinery\production\renders\review\CAM_ASSEMBLY.png'
RENDER_CAMERA CAM_REVERSE
05:47.484  render           | Saved: 'C:\Users\Camer\Games\critical-shift\worktrees\refinery-compact\sections\refinery\production\renders\review\CAM_REVERSE.png'
RENDER_CAMERA CAM_PINCH
06:30.234  render           | Saved: 'C:\Users\Camer\Games\critical-shift\worktrees\refinery-compact\sections\refinery\production\renders\review\CAM_PINCH.png'
RENDER_CAMERA CAM_MATERIAL
07:11.437  render           | Saved: 'C:\Users\Camer\Games\critical-shift\worktrees\refinery-compact\sections\refinery\production\renders\review\CAM_MATERIAL.png'
REFINERY_BUILD_COMPLETE 429.52309942245483
Blender 5.2.0 LTS (hash fbe6228777e7 built 2026-07-14 01:35:40)

Blender quit
