00:00.491  blend            | Read blend: "/workspace/fuel-final/sections/facility-assembly/sources/fuel-corridor/module.blend"
00:01.771  blend            | Read blend: "/workspace/fuel-final/sections/facility-assembly/sources/fuel-corridor/module.blend"
00:06.048  render           | Saved: '/workspace/fuel-final/sections/fuel-corridor/production/renders/temporal/F14ci-entry-loop/C01_ENTRY_F0001.png'
00:09.497  render           | Saved: '/workspace/fuel-final/sections/fuel-corridor/production/renders/temporal/F14ci-entry-loop/C01_ENTRY_F0012.png'
00:13.494  render           | Saved: '/workspace/fuel-final/sections/fuel-corridor/production/renders/temporal/F14ci-entry-loop/C01_ENTRY_F0015.png'
00:17.613  render           | Saved: '/workspace/fuel-final/sections/fuel-corridor/production/renders/temporal/F14ci-entry-loop/C01_ENTRY_F0017.png'
00:20.840  render           | Saved: '/workspace/fuel-final/sections/fuel-corridor/production/renders/temporal/F14ci-entry-loop/C01_ENTRY_F0018.png'
00:23.997  render           | Saved: '/workspace/fuel-final/sections/fuel-corridor/production/renders/temporal/F14ci-entry-loop/C01_ENTRY_F0020.png'
00:27.229  render           | Saved: '/workspace/fuel-final/sections/fuel-corridor/production/renders/temporal/F14ci-entry-loop/C01_ENTRY_F0021.png'
00:30.548  render           | Saved: '/workspace/fuel-final/sections/fuel-corridor/production/renders/temporal/F14ci-entry-loop/C01_ENTRY_F0022.png'
00:33.295  render           | Saved: '/workspace/fuel-final/sections/fuel-corridor/production/renders/temporal/F14ci-entry-loop/C01_ENTRY_F0024.png'
00:36.507  render           | Saved: '/workspace/fuel-final/sections/fuel-corridor/production/renders/temporal/F14ci-entry-loop/C01_ENTRY_F0026.png'
00:40.137  render           | Saved: '/workspace/fuel-final/sections/fuel-corridor/production/renders/temporal/F14ci-entry-loop/C01_ENTRY_F0027.png'
00:43.905  render           | Saved: '/workspace/fuel-final/sections/fuel-corridor/production/renders/temporal/F14ci-entry-loop/C01_ENTRY_F0028.png'
00:47.519  render           | Saved: '/workspace/fuel-final/sections/fuel-corridor/production/renders/temporal/F14ci-entry-loop/C01_ENTRY_F0029.png'
00:53.123  render           | Saved: '/workspace/fuel-final/sections/fuel-corridor/production/renders/temporal/F14ci-entry-loop/C01_ENTRY_F0030.png'
00:58.060  render           | Saved: '/workspace/fuel-final/sections/fuel-corridor/production/renders/temporal/F14ci-entry-loop/C01_ENTRY_F0031.png'
01:03.864  render           | Saved: '/workspace/fuel-final/sections/fuel-corridor/production/renders/temporal/F14ci-entry-loop/C01_ENTRY_F0032.png'
01:09.749  render           | Saved: '/workspace/fuel-final/sections/fuel-corridor/production/renders/temporal/F14ci-entry-loop/C01_ENTRY_F0033.png'
01:16.427  render           | Saved: '/workspace/fuel-final/sections/fuel-corridor/production/renders/temporal/F14ci-entry-loop/C01_ENTRY_F0034.png'
01:24.165  render           | Saved: '/workspace/fuel-final/sections/fuel-corridor/production/renders/temporal/F14ci-entry-loop/C01_ENTRY_F0035.png'
01:31.547  render           | Saved: '/workspace/fuel-final/sections/fuel-corridor/production/renders/temporal/F14ci-entry-loop/C01_ENTRY_F0036.png'
01:39.037  render           | Saved: '/workspace/fuel-final/sections/fuel-corridor/production/renders/temporal/F14ci-entry-loop/C01_ENTRY_F0037.png'
01:46.130  render           | Saved: '/workspace/fuel-final/sections/fuel-corridor/production/renders/temporal/F14ci-entry-loop/C01_ENTRY_F0038.png'
01:52.944  render           | Saved: '/workspace/fuel-final/sections/fuel-corridor/production/renders/temporal/F14ci-entry-loop/C01_ENTRY_F0039.png'
01:59.321  render           | Saved: '/workspace/fuel-final/sections/fuel-corridor/production/renders/temporal/F14ci-entry-loop/C01_ENTRY_F0040.png'
02:05.609  render           | Saved: '/workspace/fuel-final/sections/fuel-corridor/production/renders/temporal/F14ci-entry-loop/C01_ENTRY_F0041.png'
02:12.152  render           | Saved: '/workspace/fuel-final/sections/fuel-corridor/production/renders/temporal/F14ci-entry-loop/C01_ENTRY_F0042.png'
02:18.667  render           | Saved: '/workspace/fuel-final/sections/fuel-corridor/production/renders/temporal/F14ci-entry-loop/C01_ENTRY_F0043.png'
02:25.197  render           | Saved: '/workspace/fuel-final/sections/fuel-corridor/production/renders/temporal/F14ci-entry-loop/C01_ENTRY_F0044.png'
02:32.295  render           | Saved: '/workspace/fuel-final/sections/fuel-corridor/production/renders/temporal/F14ci-entry-loop/C01_ENTRY_F0045.png'
02:39.510  render           | Saved: '/workspace/fuel-final/sections/fuel-corridor/production/renders/temporal/F14ci-entry-loop/C01_ENTRY_F0046.png'
02:46.625  render           | Saved: '/workspace/fuel-final/sections/fuel-corridor/production/renders/temporal/F14ci-entry-loop/C01_ENTRY_F0047.png'
02:53.652  render           | Saved: '/workspace/fuel-final/sections/fuel-corridor/production/renders/temporal/F14ci-entry-loop/C01_ENTRY_F0048.png'
03:00.600  render           | Saved: '/workspace/fuel-final/sections/fuel-corridor/production/renders/temporal/F14ci-entry-loop/C01_ENTRY_F0049.png'
03:07.641  render           | Saved: '/workspace/fuel-final/sections/fuel-corridor/production/renders/temporal/F14ci-entry-loop/C01_ENTRY_F0051.png'
03:14.106  render           | Saved: '/workspace/fuel-final/sections/fuel-corridor/production/renders/temporal/F14ci-entry-loop/C01_ENTRY_F0056.png'
03:21.660  render           | Saved: '/workspace/fuel-final/sections/fuel-corridor/production/renders/temporal/F14ci-entry-loop/C01_ENTRY_F0057.png'
03:34.007  render           | Saved: '/workspace/fuel-final/sections/fuel-corridor/production/renders/temporal/F14ci-entry-loop/C01_ENTRY_F0058.png'
03:40.828  render           | Saved: '/workspace/fuel-final/sections/fuel-corridor/production/renders/temporal/F14ci-entry-loop/C01_ENTRY_F0060.png'
03:47.038  render           | Saved: '/workspace/fuel-final/sections/fuel-corridor/production/renders/temporal/F14ci-entry-loop/C01_ENTRY_F0071.png'
03:53.111  render           | Saved: '/workspace/fuel-final/sections/fuel-corridor/production/renders/temporal/F14ci-entry-loop/C01_ENTRY_F0073.png'
03:59.237  render           | Saved: '/workspace/fuel-final/sections/fuel-corridor/production/renders/temporal/F14ci-entry-loop/C01_ENTRY_F0074.png'
04:05.210  render           | Saved: '/workspace/fuel-final/sections/fuel-corridor/production/renders/temporal/F14ci-entry-loop/C01_ENTRY_F0075.png'
04:08.350  render           | Saved: '/workspace/fuel-final/sections/fuel-corridor/production/renders/temporal/F14ci-entry-loop/C01_ENTRY_F0076.png'
04:11.354  render           | Saved: '/workspace/fuel-final/sections/fuel-corridor/production/renders/temporal/F14ci-entry-loop/C01_ENTRY_F0077.png'
04:14.466  render           | Saved: '/workspace/fuel-final/sections/fuel-corridor/production/renders/temporal/F14ci-entry-loop/C01_ENTRY_F0078.png'
04:17.692  render           | Saved: '/workspace/fuel-final/sections/fuel-corridor/production/renders/temporal/F14ci-entry-loop/C01_ENTRY_F0080.png'
04:20.663  render           | Saved: '/workspace/fuel-final/sections/fuel-corridor/production/renders/temporal/F14ci-entry-loop/C01_ENTRY_F0090.png'
04:23.551  render           | Saved: '/workspace/fuel-final/sections/fuel-corridor/production/renders/temporal/F14ci-entry-loop/C01_ENTRY_F0091.png'
04:26.341  render           | Saved: '/workspace/fuel-final/sections/fuel-corridor/production/renders/temporal/F14ci-entry-loop/C01_ENTRY_F0093.png'
04:29.066  render           | Saved: '/workspace/fuel-final/sections/fuel-corridor/production/renders/temporal/F14ci-entry-loop/C01_ENTRY_F0101.png'
04:32.097  render           | Saved: '/workspace/fuel-final/sections/fuel-corridor/production/renders/temporal/F14ci-entry-loop/C01_ENTRY_F0102.png'
04:35.445  render           | Saved: '/workspace/fuel-final/sections/fuel-corridor/production/renders/temporal/F14ci-entry-loop/C01_ENTRY_F0103.png'
04:39.087  render           | Saved: '/workspace/fuel-final/sections/fuel-corridor/production/renders/temporal/F14ci-entry-loop/C01_ENTRY_F0104.png'
04:42.268  render           | Saved: '/workspace/fuel-final/sections/fuel-corridor/production/renders/temporal/F14ci-entry-loop/C01_ENTRY_F0105.png'
04:45.346  render           | Saved: '/workspace/fuel-final/sections/fuel-corridor/production/renders/temporal/F14ci-entry-loop/C01_ENTRY_F0106.png'
04:48.098  render           | Saved: '/workspace/fuel-final/sections/fuel-corridor/production/renders/temporal/F14ci-entry-loop/C01_ENTRY_F0107.png'
04:50.810  render           | Saved: '/workspace/fuel-final/sections/fuel-corridor/production/renders/temporal/F14ci-entry-loop/C01_ENTRY_F0108.png'
04:53.451  render           | Saved: '/workspace/fuel-final/sections/fuel-corridor/production/renders/temporal/F14ci-entry-loop/C01_ENTRY_F0109.png'
04:56.216  render           | Saved: '/workspace/fuel-final/sections/fuel-corridor/production/renders/temporal/F14ci-entry-loop/C01_ENTRY_F0110.png'
04:58.866  render           | Saved: '/workspace/fuel-final/sections/fuel-corridor/production/renders/temporal/F14ci-entry-loop/C01_ENTRY_F0111.png'
05:01.554  render           | Saved: '/workspace/fuel-final/sections/fuel-corridor/production/renders/temporal/F14ci-entry-loop/C01_ENTRY_F0112.png'
05:04.308  render           | Saved: '/workspace/fuel-final/sections/fuel-corridor/production/renders/temporal/F14ci-entry-loop/C01_ENTRY_F0113.png'
05:06.958  render           | Saved: '/workspace/fuel-final/sections/fuel-corridor/production/renders/temporal/F14ci-entry-loop/C01_ENTRY_F0114.png'
05:10.051  render           | Saved: '/workspace/fuel-final/sections/fuel-corridor/production/renders/temporal/F14ci-entry-loop/C01_ENTRY_F0115.png'
05:13.178  render           | Saved: '/workspace/fuel-final/sections/fuel-corridor/production/renders/temporal/F14ci-entry-loop/C01_ENTRY_F0116.png'
05:16.287  render           | Saved: '/workspace/fuel-final/sections/fuel-corridor/production/renders/temporal/F14ci-entry-loop/C01_ENTRY_F0117.png'
05:19.092  render           | Saved: '/workspace/fuel-final/sections/fuel-corridor/production/renders/temporal/F14ci-entry-loop/C01_ENTRY_F0118.png'
05:22.089  render           | Saved: '/workspace/fuel-final/sections/fuel-corridor/production/renders/temporal/F14ci-entry-loop/C01_ENTRY_F0119.png'
05:25.128  render           | Saved: '/workspace/fuel-final/sections/fuel-corridor/production/renders/temporal/F14ci-entry-loop/C01_ENTRY_F0120.png'
05:28.116  render           | Saved: '/workspace/fuel-final/sections/fuel-corridor/production/renders/temporal/F14ci-entry-loop/C01_ENTRY_F0121.png'
05:31.118  render           | Saved: '/workspace/fuel-final/sections/fuel-corridor/production/renders/temporal/F14ci-entry-loop/C01_ENTRY_F0122.png'
05:34.111  render           | Saved: '/workspace/fuel-final/sections/fuel-corridor/production/renders/temporal/F14ci-entry-loop/C01_ENTRY_F0123.png'
05:36.947  render           | Saved: '/workspace/fuel-final/sections/fuel-corridor/production/renders/temporal/F14ci-entry-loop/C01_ENTRY_F0124.png'
05:39.783  render           | Saved: '/workspace/fuel-final/sections/fuel-corridor/production/renders/temporal/F14ci-entry-loop/C01_ENTRY_F0125.png'
05:42.653  render           | Saved: '/workspace/fuel-final/sections/fuel-corridor/production/renders/temporal/F14ci-entry-loop/C01_ENTRY_F0126.png'
05:45.405  render           | Saved: '/workspace/fuel-final/sections/fuel-corridor/production/renders/temporal/F14ci-entry-loop/C01_ENTRY_F0127.png'
05:48.081  render           | Saved: '/workspace/fuel-final/sections/fuel-corridor/production/renders/temporal/F14ci-entry-loop/C01_ENTRY_F0130.png'
05:51.060  render           | Saved: '/workspace/fuel-final/sections/fuel-corridor/production/renders/temporal/F14ci-entry-loop/C01_ENTRY_F0131.png'
05:54.113  render           | Saved: '/workspace/fuel-final/sections/fuel-corridor/production/renders/temporal/F14ci-entry-loop/C01_ENTRY_F0133.png'
05:57.491  render           | Saved: '/workspace/fuel-final/sections/fuel-corridor/production/renders/temporal/F14ci-entry-loop/C01_ENTRY_F0140.png'
06:00.444  render           | Saved: '/workspace/fuel-final/sections/fuel-corridor/production/renders/temporal/F14ci-entry-loop/C01_ENTRY_F0141.png'
06:03.524  render           | Saved: '/workspace/fuel-final/sections/fuel-corridor/production/renders/temporal/F14ci-entry-loop/C01_ENTRY_F0147.png'
06:06.584  render           | Saved: '/workspace/fuel-final/sections/fuel-corridor/production/renders/temporal/F14ci-entry-loop/C01_ENTRY_F0148.png'
06:09.500  render           | Saved: '/workspace/fuel-final/sections/fuel-corridor/production/renders/temporal/F14ci-entry-loop/C01_ENTRY_F0151.png'
06:12.220  render           | Saved: '/workspace/fuel-final/sections/fuel-corridor/production/renders/temporal/F14ci-entry-loop/C01_ENTRY_F0154.png'
06:15.060  render           | Saved: '/workspace/fuel-final/sections/fuel-corridor/production/renders/temporal/F14ci-entry-loop/C01_ENTRY_F0158.png'
06:17.935  render           | Saved: '/workspace/fuel-final/sections/fuel-corridor/production/renders/temporal/F14ci-entry-loop/C01_ENTRY_F0159.png'
06:20.778  render           | Saved: '/workspace/fuel-final/sections/fuel-corridor/production/renders/temporal/F14ci-entry-loop/C01_ENTRY_F0162.png'
06:23.609  render           | Saved: '/workspace/fuel-final/sections/fuel-corridor/production/renders/temporal/F14ci-entry-loop/C01_ENTRY_F0165.png'
06:26.343  render           | Saved: '/workspace/fuel-final/sections/fuel-corridor/production/renders/temporal/F14ci-entry-loop/C01_ENTRY_F0166.png'
06:29.212  render           | Saved: '/workspace/fuel-final/sections/fuel-corridor/production/renders/temporal/F14ci-entry-loop/C01_ENTRY_F0167.png'
06:32.330  render           | Saved: '/workspace/fuel-final/sections/fuel-corridor/production/renders/temporal/F14ci-entry-loop/C01_ENTRY_F0173.png'
06:35.493  render           | Saved: '/workspace/fuel-final/sections/fuel-corridor/production/renders/temporal/F14ci-entry-loop/C01_ENTRY_F0179.png'
06:38.399  render           | Saved: '/workspace/fuel-final/sections/fuel-corridor/production/renders/temporal/F14ci-entry-loop/C01_ENTRY_F0182.png'
06:41.221  render           | Saved: '/workspace/fuel-final/sections/fuel-corridor/production/renders/temporal/F14ci-entry-loop/C01_ENTRY_F0183.png'
06:44.038  render           | Saved: '/workspace/fuel-final/sections/fuel-corridor/production/renders/temporal/F14ci-entry-loop/C01_ENTRY_F0185.png'
06:46.841  render           | Saved: '/workspace/fuel-final/sections/fuel-corridor/production/renders/temporal/F14ci-entry-loop/C01_ENTRY_F0189.png'
06:49.772  render           | Saved: '/workspace/fuel-final/sections/fuel-corridor/production/renders/temporal/F14ci-entry-loop/C01_ENTRY_F0198.png'
06:52.555  render           | Saved: '/workspace/fuel-final/sections/fuel-corridor/production/renders/temporal/F14ci-entry-loop/C01_ENTRY_F0200.png'
06:55.263  render           | Saved: '/workspace/fuel-final/sections/fuel-corridor/production/renders/temporal/F14ci-entry-loop/C01_ENTRY_F0205.png'
06:57.987  render           | Saved: '/workspace/fuel-final/sections/fuel-corridor/production/renders/temporal/F14ci-entry-loop/C01_ENTRY_F0208.png'
07:00.647  render           | Saved: '/workspace/fuel-final/sections/fuel-corridor/production/renders/temporal/F14ci-entry-loop/C01_ENTRY_F0209.png'
07:03.424  render           | Saved: '/workspace/fuel-final/sections/fuel-corridor/production/renders/temporal/F14ci-entry-loop/C01_ENTRY_F0211.png'
07:06.169  render           | Saved: '/workspace/fuel-final/sections/fuel-corridor/production/renders/temporal/F14ci-entry-loop/C01_ENTRY_F0216.png'
07:09.000  render           | Saved: '/workspace/fuel-final/sections/fuel-corridor/production/renders/temporal/F14ci-entry-loop/C01_ENTRY_F0221.png'
07:11.765  render           | Saved: '/workspace/fuel-final/sections/fuel-corridor/production/renders/temporal/F14ci-entry-loop/C01_ENTRY_F0222.png'
07:14.641  render           | Saved: '/workspace/fuel-final/sections/fuel-corridor/production/renders/temporal/F14ci-entry-loop/C01_ENTRY_F0223.png'
07:17.494  render           | Saved: '/workspace/fuel-final/sections/fuel-corridor/production/renders/temporal/F14ci-entry-loop/C01_ENTRY_F0224.png'
07:20.267  render           | Saved: '/workspace/fuel-final/sections/fuel-corridor/production/renders/temporal/F14ci-entry-loop/C01_ENTRY_F0227.png'
07:23.252  render           | Saved: '/workspace/fuel-final/sections/fuel-corridor/production/renders/temporal/F14ci-entry-loop/C01_ENTRY_F0229.png'
07:26.002  render           | Saved: '/workspace/fuel-final/sections/fuel-corridor/production/renders/temporal/F14ci-entry-loop/C01_ENTRY_F0231.png'
07:28.774  render           | Saved: '/workspace/fuel-final/sections/fuel-corridor/production/renders/temporal/F14ci-entry-loop/C01_ENTRY_F0236.png'
REVIEW_MANIFEST /workspace/fuel-final/sections/fuel-corridor/production/renders/temporal/F14ci-entry-loop
NATIVE_LOOP_PREVIEW 112 rendered states; 240 frames, 24 fps, 10 seconds
Blender 5.2.1 LTS (hash 9e2066aef7ef built 2026-08-25 02:12:34)

Blender quit
