GPU acquired: astra-facility-assembly
00:03.157  blend            | Read blend: "C:\Users\Camer\Games\critical-shift\worktrees\facility-assembly-astra\sections\facility-assembly\blender\facility_master_A05_exteriors.blend"
00:46.078  cycles           | WARNING CUEW initialization failed: Error opening the library
C:\Users\Camer\Games\critical-shift\worktrees\facility-assembly-astra\sections\facility-assembly\blender\render_material_views.py:30: DeprecationWarning: 'World.use_nodes' is expected to be removed in Blender 6.0
  world=bpy.data.worlds.new('REVIEW_ONLY_Neutral_Daylight');world.use_nodes=True
07:01.500  render           | Saved: 'C:\Users\Camer\Games\critical-shift\worktrees\facility-assembly-astra\sections\facility-assembly\production\material-views-A05\E03_COMPLETE_EXTERIOR.png'
Info: Read library: 'C:\Users\Camer\Games\critical-shift\worktrees\facility-assembly-astra\sections\facility-assembly\exteriors\waste-storage\exterior-R01.blend', 'C:\Users\Camer\Games\critical-shift\worktrees\facility-assembly-astra\sections\facility-assembly\exteriors\waste-storage\exterior-R01.blend', parent '<direct>'
Info: Read library: 'C:\Users\Camer\Games\critical-shift\worktrees\facility-assembly-astra\sections\facility-assembly\exteriors\refinery\exterior-R01.blend', 'C:\Users\Camer\Games\critical-shift\worktrees\facility-assembly-astra\sections\facility-assembly\exteriors\refinery\exterior-R01.blend', parent '<direct>'
Info: Read library: 'C:\Users\Camer\Games\critical-shift\worktrees\facility-assembly-astra\sections\facility-assembly\exteriors\condenser-bay\exterior-R02.blend', 'C:\Users\Camer\Games\critical-shift\worktrees\facility-assembly-astra\sections\facility-assembly\exteriors\condenser-bay\exterior-R02.blend', parent '<direct>'
Info: Read library: 'C:\Users\Camer\Games\critical-shift\worktrees\facility-assembly-astra\sections\facility-assembly\exteriors\fuel-corridor\exterior-R02.blend', 'C:\Users\Camer\Games\critical-shift\worktrees\facility-assembly-astra\sections\facility-assembly\exteriors\fuel-corridor\exterior-R02.blend', parent '<direct>'
Info: Read library: 'C:\Users\Camer\Games\critical-shift\worktrees\facility-assembly-astra\sections\facility-assembly\exteriors\mine\exterior-R02.blend', 'C:\Users\Camer\Games\critical-shift\worktrees\facility-assembly-astra\sections\facility-assembly\exteriors\mine\exterior-R02.blend', parent '<direct>'
Info: Read library: 'C:\Users\Camer\Games\critical-shift\worktrees\facility-assembly-astra\sections\facility-assembly\exteriors\electrical-room\exterior-R03.blend', 'C:\Users\Camer\Games\critical-shift\worktrees\facility-assembly-astra\sections\facility-assembly\exteriors\electrical-room\exterior-R03.blend', parent '<direct>'
Info: Read library: 'C:\Users\Camer\Games\critical-shift\worktrees\facility-assembly-astra\sections\facility-assembly\exteriors\cooling-plant\exterior-R03.blend', 'C:\Users\Camer\Games\critical-shift\worktrees\facility-assembly-astra\sections\facility-assembly\exteriors\cooling-plant\exterior-R03.blend', parent '<direct>'
Info: Read library: 'C:\Users\Camer\Games\critical-shift\worktrees\facility-assembly-astra\sections\facility-assembly\exteriors\medical-reanimation\exterior-R04.blend', 'C:\Users\Camer\Games\critical-shift\worktrees\facility-assembly-astra\sections\facility-assembly\exteriors\medical-reanimation\exterior-R04.blend', parent '<direct>'
Info: Read library: 'C:\Users\Camer\Games\critical-shift\worktrees\facility-assembly-astra\sections\facility-assembly\exteriors\turbine-room\exterior-R04.blend', 'C:\Users\Camer\Games\critical-shift\worktrees\facility-assembly-astra\sections\facility-assembly\exteriors\turbine-room\exterior-R04.blend', parent '<direct>'
Info: Read library: 'C:\Users\Camer\Games\critical-shift\worktrees\facility-assembly-astra\sections\facility-assembly\exteriors\spawn-room\exterior-R05.blend', 'C:\Users\Camer\Games\critical-shift\worktrees\facility-assembly-astra\sections\facility-assembly\exteriors\spawn-room\exterior-R05.blend', parent '<direct>'
Info: Read library: 'C:\Users\Camer\Games\critical-shift\worktrees\facility-assembly-astra\sections\facility-assembly\exteriors\reactor-room\exterior-R05.blend', 'C:\Users\Camer\Games\critical-shift\worktrees\facility-assembly-astra\sections\facility-assembly\exteriors\reactor-room\exterior-R05.blend', parent '<direct>'
Info: Read library: 'C:\Users\Camer\Games\critical-shift\worktrees\facility-assembly-astra\sections\facility-assembly\exteriors\compliance-dock\exterior-R08.blend', 'C:\Users\Camer\Games\critical-shift\worktrees\facility-assembly-astra\sections\facility-assembly\exteriors\compliance-dock\exterior-R08.blend', parent '<direct>'
Info: Read library: 'C:\Users\Camer\Games\critical-shift\worktrees\facility-assembly-astra\sections\facility-assembly\sources\spawn-room\module.blend', '//..\sources\spawn-room\module.blend', parent 'C:\Users\Camer\Games\critical-shift\worktrees\facility-assembly-astra\sections\facility-assembly\exteriors\spawn-room\exterior-R05.blend'
Info: Read library: 'C:\Users\Camer\Games\critical-shift\worktrees\facility-assembly-astra\sections\facility-assembly\sources\fuel-corridor\module.blend', '//..\sources\fuel-corridor\module.blend', parent '<direct>'
Info: Read library: 'C:\Users\Camer\Games\critical-shift\worktrees\facility-assembly-astra\sections\facility-assembly\sources\condenser-bay\module.blend', '//..\sources\condenser-bay\module.blend', parent '<direct>'
Info: Read library: 'C:\Users\Camer\Games\critical-shift\worktrees\facility-assembly-astra\sections\facility-assembly\sources\electrical-room\module.blend', '//..\sources\electrical-room\module.blend', parent '<direct>'
Info: Read library: 'C:\Users\Camer\Games\critical-shift\worktrees\facility-assembly-astra\sections\facility-assembly\sources\waste-storage\module.blend', '//..\sources\waste-storage\module.blend', parent '<direct>'
Info: Read library: 'C:\Users\Camer\Games\critical-shift\worktrees\facility-assembly-astra\sections\facility-assembly\sources\medical-reanimation\module.blend', '//..\sources\medical-reanimation\module.blend', parent '<direct>'
Info: Read library: 'C:\Users\Camer\Games\critical-shift\worktrees\facility-assembly-astra\sections\facility-assembly\sources\compliance-dock\module.blend', '//..\sources\compliance-dock\module.blend', parent '<direct>'
Info: Read library: 'C:\Users\Camer\Games\critical-shift\worktrees\facility-assembly-astra\sections\facility-assembly\sources\refinery\module.blend', '//..\..\sources\refinery\module.blend', parent 'C:\Users\Camer\Games\critical-shift\worktrees\facility-assembly-astra\sections\facility-assembly\exteriors\refinery\exterior-R01.blend'
Info: Read library: 'C:\Users\Camer\Games\critical-shift\worktrees\facility-assembly-astra\sections\facility-assembly\sources\mine\module.blend', '//..\..\sources\mine\module.blend', parent 'C:\Users\Camer\Games\critical-shift\worktrees\facility-assembly-astra\sections\facility-assembly\exteriors\mine\exterior-R02.blend'
Info: Read library: 'C:\Users\Camer\Games\critical-shift\worktrees\facility-assembly-astra\sections\facility-assembly\sources\cooling-plant\module.blend', '//..\..\sources\cooling-plant\module.blend', parent 'C:\Users\Camer\Games\critical-shift\worktrees\facility-assembly-astra\sections\facility-assembly\exteriors\cooling-plant\exterior-R03.blend'
Info: Read library: 'C:\Users\Camer\Games\critical-shift\worktrees\facility-assembly-astra\sections\facility-assembly\sources\turbine-room\module.blend', '//..\..\sources\turbine-room\module.blend', parent 'C:\Users\Camer\Games\critical-shift\worktrees\facility-assembly-astra\sections\facility-assembly\exteriors\turbine-room\exterior-R04.blend'
Info: Read library: 'C:\Users\Camer\Games\critical-shift\worktrees\facility-assembly-astra\sections\facility-assembly\sources\reactor-room\module.blend', '//..\..\sources\reactor-room\module.blend', parent 'C:\Users\Camer\Games\critical-shift\worktrees\facility-assembly-astra\sections\facility-assembly\exteriors\reactor-room\exterior-R05.blend'
MATERIAL_VIEW_DONE E03_COMPLETE_EXTERIOR
12:11.016  render           | Saved: 'C:\Users\Camer\Games\critical-shift\worktrees\facility-assembly-astra\sections\facility-assembly\production\material-views-A05\E02_FACILITY_EXTERIOR.png'
MATERIAL_VIEW_DONE E02_FACILITY_EXTERIOR
MATERIAL_VIEWS_COMPLETE_MASTER_UNCHANGED
Blender 5.2.0 LTS (hash fbe6228777e7 built 2026-07-14 01:35:40)

Blender quit
