GPU acquired: astra-facility-assembly
00:01.719  blend            | Read blend: "C:\Users\Camer\Games\critical-shift\worktrees\facility-assembly-astra\sections\facility-assembly\blender\facility_spawn_concept02_R16.blend"
Info: Read library: 'C:\Users\Camer\Games\critical-shift\worktrees\facility-assembly-astra\sections\facility-assembly\exteriors\waste-storage\exterior-R01.blend', 'C:\Users\Camer\Games\critical-shift\worktrees\facility-assembly-astra\sections\facility-assembly\exteriors\waste-storage\exterior-R01.blend', parent '<direct>'
Info: Read library: 'C:\Users\Camer\Games\critical-shift\worktrees\facility-assembly-astra\sections\facility-assembly\exteriors\refinery\exterior-R01.blend', 'C:\Users\Camer\Games\critical-shift\worktrees\facility-assembly-astra\sections\facility-assembly\exteriors\refinery\exterior-R01.blend', parent '<direct>'
Info: Read library: 'C:\Users\Camer\Games\critical-shift\worktrees\facility-assembly-astra\sections\facility-assembly\exteriors\condenser-bay\exterior-R02.blend', 'C:\Users\Camer\Games\critical-shift\worktrees\facility-assembly-astra\sections\facility-assembly\exteriors\condenser-bay\exterior-R02.blend', parent '<direct>'
Info: Read library: 'C:\Users\Camer\Games\critical-shift\worktrees\facility-assembly-astra\sections\facility-assembly\exteriors\fuel-corridor\exterior-R02.blend', 'C:\Users\Camer\Games\critical-shift\worktrees\facility-assembly-astra\sections\facility-assembly\exteriors\fuel-corridor\exterior-R02.blend', parent '<direct>'
Info: Read library: 'C:\Users\Camer\Games\critical-shift\worktrees\facility-assembly-astra\sections\facility-assembly\exteriors\mine\exterior-R02.blend', 'C:\Users\Camer\Games\critical-shift\worktrees\facility-assembly-astra\sections\facility-assembly\exteriors\mine\exterior-R02.blend', parent '<direct>'
Info: Read library: 'C:\Users\Camer\Games\critical-shift\worktrees\facility-assembly-astra\sections\facility-assembly\exteriors\electrical-room\exterior-R03.blend', 'C:\Users\Camer\Games\critical-shift\worktrees\facility-assembly-astra\sections\facility-assembly\exteriors\electrical-room\exterior-R03.blend', parent '<direct>'
Info: Read library: 'C:\Users\Camer\Games\critical-shift\worktrees\facility-assembly-astra\sections\facility-assembly\exteriors\cooling-plant\exterior-R03.blend', 'C:\Users\Camer\Games\critical-shift\worktrees\facility-assembly-astra\sections\facility-assembly\exteriors\cooling-plant\exterior-R03.blend', parent '<direct>'
Info: Read library: 'C:\Users\Camer\Games\critical-shift\worktrees\facility-assembly-astra\sections\facility-assembly\exteriors\medical-reanimation\exterior-R04.blend', 'C:\Users\Camer\Games\critical-shift\worktrees\facility-assembly-astra\sections\facility-assembly\exteriors\medical-reanimation\exterior-R04.blend', parent '<direct>'
Info: Read library: 'C:\Users\Camer\Games\critical-shift\worktrees\facility-assembly-astra\sections\facility-assembly\exteriors\turbine-room\exterior-R04.blend', 'C:\Users\Camer\Games\critical-shift\worktrees\facility-assembly-astra\sections\facility-assembly\exteriors\turbine-room\exterior-R04.blend', parent '<direct>'
Info: Read library: 'C:\Users\Camer\Games\critical-shift\worktrees\facility-assembly-astra\sections\facility-assembly\exteriors\spawn-room\exterior-R05.blend', 'C:\Users\Camer\Games\critical-shift\worktrees\facility-assembly-astra\sections\facility-assembly\exteriors\spawn-room\exterior-R05.blend', parent '<direct>'
Info: Read library: 'C:\Users\Camer\Games\critical-shift\worktrees\facility-assembly-astra\sections\facility-assembly\exteriors\reactor-room\exterior-R05.blend', 'C:\Users\Camer\Games\critical-shift\worktrees\facility-assembly-astra\sections\facility-assembly\exteriors\reactor-room\exterior-R05.blend', parent '<direct>'
Info: Read library: 'C:\Users\Camer\Games\critical-shift\worktrees\facility-assembly-astra\sections\facility-assembly\exteriors\compliance-dock\exterior-R08.blend', 'C:\Users\Camer\Games\critical-shift\worktrees\facility-assembly-astra\sections\facility-assembly\exteriors\compliance-dock\exterior-R08.blend', parent '<direct>'
Info: Read library: 'C:\Users\Camer\Games\critical-shift\worktrees\facility-assembly-astra\sections\facility-assembly\sources\spawn-room\module.blend', '//..\sources\spawn-room\module.blend', parent '<direct>'
Info: Read library: 'C:\Users\Camer\Games\critical-shift\worktrees\facility-assembly-astra\sections\facility-assembly\sources\refinery\module.blend', '//..\sources\refinery\module.blend', parent '<direct>'
Info: Read library: 'C:\Users\Camer\Games\critical-shift\worktrees\facility-assembly-astra\sections\facility-assembly\sources\mine\module.blend', '//..\sources\mine\module.blend', parent '<direct>'
Info: Read library: 'C:\Users\Camer\Games\critical-shift\worktrees\facility-assembly-astra\sections\facility-assembly\sources\fuel-corridor\module.blend', '//..\sources\fuel-corridor\module.blend', parent '<direct>'
Info: Read library: 'C:\Users\Camer\Games\critical-shift\worktrees\facility-assembly-astra\sections\facility-assembly\sources\cooling-plant\module.blend', '//..\sources\cooling-plant\module.blend', parent '<direct>'
Info: Read library: 'C:\Users\Camer\Games\critical-shift\worktrees\facility-assembly-astra\sections\facility-assembly\sources\turbine-room\module.blend', '//..\sources\turbine-room\module.blend', parent '<direct>'
Info: Read library: 'C:\Users\Camer\Games\critical-shift\worktrees\facility-assembly-astra\sections\facility-assembly\sources\reactor-room\module.blend', '//..\sources\reactor-room\module.blend', parent '<direct>'
Info: Read library: 'C:\Users\Camer\Games\critical-shift\worktrees\facility-assembly-astra\sections\facility-assembly\sources\condenser-bay\module.blend', '//..\sources\condenser-bay\module.blend', parent '<direct>'
Info: Read library: 'C:\Users\Camer\Games\critical-shift\worktrees\facility-assembly-astra\sections\facility-assembly\sources\electrical-room\module.blend', '//..\sources\electrical-room\module.blend', parent '<direct>'
Info: Read library: 'C:\Users\Camer\Games\critical-shift\worktrees\facility-assembly-astra\sections\facility-assembly\sources\waste-storage\module.blend', '//..\sources\waste-storage\module.blend', parent '<direct>'
Info: Read library: 'C:\Users\Camer\Games\critical-shift\worktrees\facility-assembly-astra\sections\facility-assembly\sources\medical-reanimation\module.blend', '//..\sources\medical-reanimation\module.blend', parent '<direct>'
Info: Read library: 'C:\Users\Camer\Games\critical-shift\worktrees\facility-assembly-astra\sections\facility-assembly\sources\compliance-dock\module.blend', '//..\sources\compliance-dock\module.blend', parent '<direct>'
SHADOW_POOL 2048
03:32.422  render           | Saved: 'C:\Users\Camer\Games\critical-shift\worktrees\facility-assembly-astra\sections\facility-assembly\production\spawn-exterior-review\renders-R16\01_COURTYARD.png'
LOCKED_VIEW_DONE 01_COURTYARD
06:31.469  render           | Saved: 'C:\Users\Camer\Games\critical-shift\worktrees\facility-assembly-astra\sections\facility-assembly\production\spawn-exterior-review\renders-R16\02_SOUTH.png'
LOCKED_VIEW_DONE 02_SOUTH
09:04.719  render           | Saved: 'C:\Users\Camer\Games\critical-shift\worktrees\facility-assembly-astra\sections\facility-assembly\production\spawn-exterior-review\renders-R16\03_EAST.png'
LOCKED_VIEW_DONE 03_EAST
11:55.219  render           | Saved: 'C:\Users\Camer\Games\critical-shift\worktrees\facility-assembly-astra\sections\facility-assembly\production\spawn-exterior-review\renders-R16\04_TOP.png'
LOCKED_VIEW_DONE 04_TOP
FOUR_VIEWS_COMPLETE
Blender 5.2.0 LTS (hash fbe6228777e7 built 2026-07-14 01:35:40)

Blender quit
