GPU acquired: astra-facility-assembly
00:05.281  blend            | Read blend: "C:\Users\Camer\Games\critical-shift\worktrees\facility-assembly-astra\sections\facility-assembly\blender\facility_master_A14_exterior.blend"
01:50.422  render           | Saved: 'C:\Users\Camer\Games\critical-shift\worktrees\facility-assembly-astra\sections\facility-assembly\production\spawn-exterior-review\baseline-A14\01_COURTYARD.png'
Info: Read library: 'C:\Users\Camer\Games\critical-shift\worktrees\facility-assembly-astra\sections\facility-assembly\exteriors\waste-storage\exterior-R01.blend', 'C:\Users\Camer\Games\critical-shift\worktrees\facility-assembly-astra\sections\facility-assembly\exteriors\waste-storage\exterior-R01.blend', parent '<direct>'
Info: Read library: 'C:\Users\Camer\Games\critical-shift\worktrees\facility-assembly-astra\sections\facility-assembly\exteriors\refinery\exterior-R01.blend', 'C:\Users\Camer\Games\critical-shift\worktrees\facility-assembly-astra\sections\facility-assembly\exteriors\refinery\exterior-R01.blend', parent '<direct>'
Info: Read library: 'C:\Users\Camer\Games\critical-shift\worktrees\facility-assembly-astra\sections\facility-assembly\exteriors\condenser-bay\exterior-R02.blend', 'C:\Users\Camer\Games\critical-shift\worktrees\facility-assembly-astra\sections\facility-assembly\exteriors\condenser-bay\exterior-R02.blend', parent '<direct>'
Info: Read library: 'C:\Users\Camer\Games\critical-shift\worktrees\facility-assembly-astra\sections\facility-assembly\exteriors\fuel-corridor\exterior-R02.blend', 'C:\Users\Camer\Games\critical-shift\worktrees\facility-assembly-astra\sections\facility-assembly\exteriors\fuel-corridor\exterior-R02.blend', parent '<direct>'
Info: Read library: 'C:\Users\Camer\Games\critical-shift\worktrees\facility-assembly-astra\sections\facility-assembly\exteriors\mine\exterior-R02.blend', 'C:\Users\Camer\Games\critical-shift\worktrees\facility-assembly-astra\sections\facility-assembly\exteriors\mine\exterior-R02.blend', parent '<direct>'
Info: Read library: 'C:\Users\Camer\Games\critical-shift\worktrees\facility-assembly-astra\sections\facility-assembly\exteriors\electrical-room\exterior-R03.blend', 'C:\Users\Camer\Games\critical-shift\worktrees\facility-assembly-astra\sections\facility-assembly\exteriors\electrical-room\exterior-R03.blend', parent '<direct>'
Info: Read library: 'C:\Users\Camer\Games\critical-shift\worktrees\facility-assembly-astra\sections\facility-assembly\exteriors\cooling-plant\exterior-R03.blend', 'C:\Users\Camer\Games\critical-shift\worktrees\facility-assembly-astra\sections\facility-assembly\exteriors\cooling-plant\exterior-R03.blend', parent '<direct>'
Info: Read library: 'C:\Users\Camer\Games\critical-shift\worktrees\facility-assembly-astra\sections\facility-assembly\exteriors\medical-reanimation\exterior-R04.blend', 'C:\Users\Camer\Games\critical-shift\worktrees\facility-assembly-astra\sections\facility-assembly\exteriors\medical-reanimation\exterior-R04.blend', parent '<direct>'
Info: Read library: 'C:\Users\Camer\Games\critical-shift\worktrees\facility-assembly-astra\sections\facility-assembly\exteriors\turbine-room\exterior-R04.blend', 'C:\Users\Camer\Games\critical-shift\worktrees\facility-assembly-astra\sections\facility-assembly\exteriors\turbine-room\exterior-R04.blend', parent '<direct>'
Info: Read library: 'C:\Users\Camer\Games\critical-shift\worktrees\facility-assembly-astra\sections\facility-assembly\exteriors\spawn-room\exterior-R05.blend', 'C:\Users\Camer\Games\critical-shift\worktrees\facility-assembly-astra\sections\facility-assembly\exteriors\spawn-room\exterior-R05.blend', parent '<direct>'
Info: Read library: 'C:\Users\Camer\Games\critical-shift\worktrees\facility-assembly-astra\sections\facility-assembly\exteriors\reactor-room\exterior-R05.blend', 'C:\Users\Camer\Games\critical-shift\worktrees\facility-assembly-astra\sections\facility-assembly\exteriors\reactor-room\exterior-R05.blend', parent '<direct>'
Info: Read library: 'C:\Users\Camer\Games\critical-shift\worktrees\facility-assembly-astra\sections\facility-assembly\exteriors\compliance-dock\exterior-R08.blend', 'C:\Users\Camer\Games\critical-shift\worktrees\facility-assembly-astra\sections\facility-assembly\exteriors\compliance-dock\exterior-R08.blend', parent '<direct>'
Info: Read library: 'C:\Users\Camer\Games\critical-shift\worktrees\facility-assembly-astra\sections\facility-assembly\sources\spawn-room\module.blend', '//..\sources\spawn-room\module.blend', parent '<direct>'
Info: Read library: 'C:\Users\Camer\Games\critical-shift\worktrees\facility-assembly-astra\sections\facility-assembly\sources\fuel-corridor\module.blend', '//..\sources\fuel-corridor\module.blend', parent '<direct>'
Info: Read library: 'C:\Users\Camer\Games\critical-shift\worktrees\facility-assembly-astra\sections\facility-assembly\sources\reactor-room\module.blend', '//..\sources\reactor-room\module.blend', parent '<direct>'
Info: Read library: 'C:\Users\Camer\Games\critical-shift\worktrees\facility-assembly-astra\sections\facility-assembly\sources\condenser-bay\module.blend', '//..\sources\condenser-bay\module.blend', parent '<direct>'
Info: Read library: 'C:\Users\Camer\Games\critical-shift\worktrees\facility-assembly-astra\sections\facility-assembly\sources\electrical-room\module.blend', '//..\sources\electrical-room\module.blend', parent '<direct>'
Info: Read library: 'C:\Users\Camer\Games\critical-shift\worktrees\facility-assembly-astra\sections\facility-assembly\sources\waste-storage\module.blend', '//..\sources\waste-storage\module.blend', parent '<direct>'
Info: Read library: 'C:\Users\Camer\Games\critical-shift\worktrees\facility-assembly-astra\sections\facility-assembly\sources\medical-reanimation\module.blend', '//..\sources\medical-reanimation\module.blend', parent '<direct>'
Info: Read library: 'C:\Users\Camer\Games\critical-shift\worktrees\facility-assembly-astra\sections\facility-assembly\sources\compliance-dock\module.blend', '//..\sources\compliance-dock\module.blend', parent '<direct>'
Info: Read library: 'C:\Users\Camer\Games\critical-shift\worktrees\facility-assembly-astra\sections\facility-assembly\sources\refinery\module.blend', '//..\..\sources\refinery\module.blend', parent 'C:\Users\Camer\Games\critical-shift\worktrees\facility-assembly-astra\sections\facility-assembly\exteriors\refinery\exterior-R01.blend'
Info: Read library: 'C:\Users\Camer\Games\critical-shift\worktrees\facility-assembly-astra\sections\facility-assembly\sources\mine\module.blend', '//..\..\sources\mine\module.blend', parent 'C:\Users\Camer\Games\critical-shift\worktrees\facility-assembly-astra\sections\facility-assembly\exteriors\mine\exterior-R02.blend'
Info: Read library: 'C:\Users\Camer\Games\critical-shift\worktrees\facility-assembly-astra\sections\facility-assembly\sources\cooling-plant\module.blend', '//..\..\sources\cooling-plant\module.blend', parent 'C:\Users\Camer\Games\critical-shift\worktrees\facility-assembly-astra\sections\facility-assembly\exteriors\cooling-plant\exterior-R03.blend'
Info: Read library: 'C:\Users\Camer\Games\critical-shift\worktrees\facility-assembly-astra\sections\facility-assembly\sources\turbine-room\module.blend', '//..\..\sources\turbine-room\module.blend', parent 'C:\Users\Camer\Games\critical-shift\worktrees\facility-assembly-astra\sections\facility-assembly\exteriors\turbine-room\exterior-R04.blend'
LOCKED_VIEW_DONE 01_COURTYARD
02:27.094  render           | Saved: 'C:\Users\Camer\Games\critical-shift\worktrees\facility-assembly-astra\sections\facility-assembly\production\spawn-exterior-review\baseline-A14\02_SOUTH_WEST.png'
LOCKED_VIEW_DONE 02_SOUTH_WEST
Blender 5.2.0 LTS (hash fbe6228777e7 built 2026-07-14 01:35:40)
Error: Shadow buffer full, may result in missing shadows and lower performance. (2981 / 2048)
Error: Shadow buffer full, may result in missing shadows and lower performance. (2995 / 2048)
Error: Shadow buffer full, may result in missing shadows and lower performance. (2988 / 2048)
Error: Shadow buffer full, may result in missing shadows and lower performance. (3007 / 2048)
Error: Shadow buffer full, may result in missing shadows and lower performance. (3005 / 2048)
Error: Shadow buffer full, may result in missing shadows and lower performance. (2997 / 2048)
Error: Shadow buffer full, may result in missing shadows and lower performance. (2996 / 2048)
Error: Shadow buffer full, may result in missing shadows and lower performance. (2995 / 2048)
Error: Shadow buffer full, may result in missing shadows and lower performance. (2986 / 2048)
Error: Shadow buffer full, may result in missing shadows and lower performance. (3000 / 2048)
Error: Shadow buffer full, may result in missing shadows and lower performance. (2999 / 2048)
Error: Shadow buffer full, may result in missing shadows and lower performance. (2998 / 2048)
Error: Shadow buffer full, may result in missing shadows and lower performance. (2991 / 2048)
Error: Shadow buffer full, may result in missing shadows and lower performance. (2997 / 2048)
Error: Shadow buffer full, may result in missing shadows and lower performance. (3010 / 2048)
Error: Shadow buffer full, may result in missing shadows and lower performance. (2997 / 2048)
Error: Shadow buffer full, may result in missing shadows and lower performance. (2985 / 2048)
Error: Shadow buffer full, may result in missing shadows and lower performance. (2986 / 2048)
Error: Shadow buffer full, may result in missing shadows and lower performance. (2994 / 2048)
Error: Shadow buffer full, may result in missing shadows and lower performance. (3004 / 2048)
Error: Shadow buffer full, may result in missing shadows and lower performance. (2998 / 2048)
Error: Shadow buffer full, may result in missing shadows and lower performance. (2988 / 2048)
Error: Shadow buffer full, may result in missing shadows and lower performance. (3004 / 2048)
Error: Shadow buffer full, may result in missing shadows and lower performance. (2994 / 2048)
Error: Shadow buffer full, may result in missing shadows and lower performance. (2993 / 2048)
Error: Shadow buffer full, may result in missing shadows and lower performance. (2991 / 2048)
Error: Shadow buffer full, may result in missing shadows and lower performance. (3001 / 2048)
Error: Shadow buffer full, may result in missing shadows and lower performance. (2998 / 2048)
Error: Shadow buffer full, may result in missing shadows and lower performance. (2986 / 2048)
Error: Shadow buffer full, may result in missing shadows and lower performance. (3002 / 2048)
Error: Shadow buffer full, may result in missing shadows and lower performance. (3009 / 2048)
Error: Shadow buffer full, may result in missing shadows and lower performance. (2457 / 2048)
Error: Shadow buffer full, may result in missing shadows and lower performance. (2407 / 2048)
Error: Shadow buffer full, may result in missing shadows and lower performance. (2453 / 2048)
Error: Shadow buffer full, may result in missing shadows and lower performance. (2426 / 2048)
Error: Shadow buffer full, may result in missing shadows and lower performance. (2450 / 2048)
Error: Shadow buffer full, may result in missing shadows and lower performance. (2397 / 2048)
Error: Shadow buffer full, may result in missing shadows and lower performance. (2474 / 2048)
Error: Shadow buffer full, may result in missing shadows and lower performance. (2452 / 2048)
Error: Shadow buffer full, may result in missing shadows and lower performance. (2474 / 2048)
Error: Shadow buffer full, may result in missing shadows and lower performance. (2396 / 2048)
Error: Shadow buffer full, may result in missing shadows and lower performance. (2464 / 2048)
Error: Shadow buffer full, may result in missing shadows and lower performance. (24103:13.563  render           | Saved: 'C:\Users\Camer\Games\critical-shift\worktrees\facility-assembly-astra\sections\facility-assembly\production\spawn-exterior-review\baseline-A14\03_EAST.png'
LOCKED_VIEW_DONE 03_EAST
1 / 2048)
Error: Shadow buffer full, may result in missing shadows and lower performance. (2464 / 2048)
Error: Shadow buffer full, may result in missing shadows and lower performance. (2413 / 2048)
Error: Shadow buffer full, may result in missing shadows and lower performance. (2458 / 2048)
Error: Shadow buffer full, may result in missing shadows and lower performance. (2462 / 2048)
Error: Shadow buffer full, may result in missing shadows and lower performance. (2406 / 2048)
Error: Shadow buffer full, may result in missing shadows and lower performance. (2451 / 2048)
Error: Shadow buffer full, may result in missing shadows and lower performance. (2447 / 2048)
Error: Shadow buffer full, may result in missing shadows and lower performance. (2470 / 2048)
Error: Shadow buffer full, may result in missing shadows and lower performance. (2421 / 2048)
Error: Shadow buffer full, may result in missing shadows and lower performance. (2471 / 2048)
Error: Shadow buffer full, may result in missing shadows and lower performance. (2426 / 2048)
Error: Shadow buffer full, may result in missing shadows and lower performance. (2460 / 2048)
Error: Shadow buffer full, may result in missing shadows and lower performance. (2405 / 2048)
Error: Shadow buffer full, may result in missing shadows and lower performance. (2439 / 2048)
Error: Shadow buffer full, may result in missing shadows and lower performance. (2393 / 2048)
Error: Shadow buffer full, may result in missing shadows and lower performance. (2448 / 2048)
Error: Shadow buffer full, may result in missing shadows and lower performance. (2394 / 2048)
Error: Shadow buffer full, may result in missing shadows and lower performance. (2446 / 2048)
Error: Shadow buffer full, may result in missing shadows and lower performance. (2456 / 2048)
Error: Shadow buffer full, may result in missing shadows and lower performance. (2111 / 2048)
Error: Shadow buffer full, may result in missing shadows and lower performance. (2116 / 2048)
Error: Shadow buffer full, may result in missing shadows and lower performance. (2126 / 2048)
Error: Shadow buffer full, may result in missing shadows and lower performance. (2114 / 2048)
Error: Shadow buffer full, may result in missing shadows and lower performance. (2100 / 2048)
Error: Shadow buffer full, may result in missing shadows and lower performance. (2122 / 2048)
Error: Shadow buffer full, may result in missing shadows and lower performance. (2120 / 2048)
Error: Shadow buffer full, may result in missing shadows and lower performance. (2115 / 2048)
Error: Shadow buffer full, may result in missing shadows and lower performance. (2111 / 2048)
Error: Shadow buffer full, may result in missing shadows and lower performance. (2110 / 2048)
Error: Shadow buffer full, may result in missing shadows and lower performance. (2120 / 2048)
Error: Shadow buffer full, may result in missing shadows and lower performance. (2119 / 2048)
Error: Shadow buffer full, may result in missing shadows and lower performance. (2111 / 2048)
Error: Shadow buffer full, may result in missing shadows and lower performance. (2107 / 2048)
Error: Shadow buffer full, may result in missing shadows and lower performance. (2104 / 2048)
Error: Shadow buffer full, may result in missing shadows and lower performance. (2127 / 2048)
Error: Shadow buffer full, may result in missing shadows and lower performance. (2106 / 2048)
Error: Shadow buffer full, may result in missing shadows and lower performance. (2120 / 2048)
Error: Shadow buffer full, may result in missing shadows and lower performance. (2108 / 2048)
Error: Shadow buffer full, may result in missing shadows and lower performance. (2109 / 2048)
Error: Shadow buffer full, may result in missing shadows and lower performance. (2120 / 2048)
Error: Shadow buffer full, may result in missing shadows and lower performance. (2103 / 2048)
Error: Shadow buffer full, may result in missing shadows and lower performance. (2111 / 2048)
Error: Shadow buffer full, may result in missing shadows and lower performance. (2109 / 2048)
Error: Shadow buffer full, may result in mis03:58.594  render           | Saved: 'C:\Users\Camer\Games\critical-shift\worktrees\facility-assembly-astra\sections\facility-assembly\production\spawn-exterior-review\baseline-A14\04_TOP.png'
LOCKED_VIEW_DONE 04_TOP
FOUR_VIEWS_COMPLETE
sing shadows and lower performance. (2122 / 2048)
Error: Shadow buffer full, may result in missing shadows and lower performance. (2118 / 2048)
Error: Shadow buffer full, may result in missing shadows and lower performance. (2106 / 2048)
Error: Shadow buffer full, may result in missing shadows and lower performance. (2111 / 2048)
Error: Shadow buffer full, may result in missing shadows and lower performance. (2117 / 2048)
Error: Shadow buffer full, may result in missing shadows and lower performance. (2119 / 2048)
Error: Shadow buffer full, may result in missing shadows and lower performance. (2111 / 2048)

Blender quit
