00:01.906  blend            | Read blend: "C:\Users\Camer\Games\critical-shift\worktrees\facility-assembly-astra\sections\facility-assembly\blender\facility_spawn_concept02_R13.blend"
Info: Read library: 'C:\Users\Camer\Games\critical-shift\worktrees\facility-assembly-astra\sections\facility-assembly\exteriors\waste-storage\exterior-R01.blend', 'C:\Users\Camer\Games\critical-shift\worktrees\facility-assembly-astra\sections\facility-assembly\exteriors\waste-storage\exterior-R01.blend', parent '<direct>'
Info: Read library: 'C:\Users\Camer\Games\critical-shift\worktrees\facility-assembly-astra\sections\facility-assembly\exteriors\refinery\exterior-R01.blend', 'C:\Users\Camer\Games\critical-shift\worktrees\facility-assembly-astra\sections\facility-assembly\exteriors\refinery\exterior-R01.blend', parent '<direct>'
Info: Read library: 'C:\Users\Camer\Games\critical-shift\worktrees\facility-assembly-astra\sections\facility-assembly\exteriors\condenser-bay\exterior-R02.blend', 'C:\Users\Camer\Games\critical-shift\worktrees\facility-assembly-astra\sections\facility-assembly\exteriors\condenser-bay\exterior-R02.blend', parent '<direct>'
Info: Read library: 'C:\Users\Camer\Games\critical-shift\worktrees\facility-assembly-astra\sections\facility-assembly\exteriors\fuel-corridor\exterior-R02.blend', 'C:\Users\Camer\Games\critical-shift\worktrees\facility-assembly-astra\sections\facility-assembly\exteriors\fuel-corridor\exterior-R02.blend', parent '<direct>'
Info: Read library: 'C:\Users\Camer\Games\critical-shift\worktrees\facility-assembly-astra\sections\facility-assembly\exteriors\mine\exterior-R02.blend', 'C:\Users\Camer\Games\critical-shift\worktrees\facility-assembly-astra\sections\facility-assembly\exteriors\mine\exterior-R02.blend', parent '<direct>'
Info: Read library: 'C:\Users\Camer\Games\critical-shift\worktrees\facility-assembly-astra\sections\facility-assembly\exteriors\electrical-room\exterior-R03.blend', 'C:\Users\Camer\Games\critical-shift\worktrees\facility-assembly-astra\sections\facility-assembly\exteriors\electrical-room\exterior-R03.blend', parent '<direct>'
Info: Read library: 'C:\Users\Camer\Games\critical-shift\worktrees\facility-assembly-astra\sections\facility-assembly\exteriors\cooling-plant\exterior-R03.blend', 'C:\Users\Camer\Games\critical-shift\worktrees\facility-assembly-astra\sections\facility-assembly\exteriors\cooling-plant\exterior-R03.blend', parent '<direct>'
Info: Read library: 'C:\Users\Camer\Games\critical-shift\worktrees\facility-assembly-astra\sections\facility-assembly\exteriors\medical-reanimation\exterior-R04.blend', 'C:\Users\Camer\Games\critical-shift\worktrees\facility-assembly-astra\sections\facility-assembly\exteriors\medical-reanimation\exterior-R04.blend', parent '<direct>'
Info: Read library: 'C:\Users\Camer\Games\critical-shift\worktrees\facility-assembly-astra\sections\facility-assembly\exteriors\turbine-room\exterior-R04.blend', 'C:\Users\Camer\Games\critical-shift\worktrees\facility-assembly-astra\sections\facility-assembly\exteriors\turbine-room\exterior-R04.blend', parent '<direct>'
Info: Read library: 'C:\Users\Camer\Games\critical-shift\worktrees\facility-assembly-astra\sections\facility-assembly\exteriors\spawn-room\exterior-R05.blend', 'C:\Users\Camer\Games\critical-shift\worktrees\facility-assembly-astra\sections\facility-assembly\exteriors\spawn-room\exterior-R05.blend', parent '<direct>'
Info: Read library: 'C:\Users\Camer\Games\critical-shift\worktrees\facility-assembly-astra\sections\facility-assembly\exteriors\reactor-room\exterior-R05.blend', 'C:\Users\Camer\Games\critical-shift\worktrees\facility-assembly-astra\sections\facility-assembly\exteriors\reactor-room\exterior-R05.blend', parent '<direct>'
Info: Read library: 'C:\Users\Camer\Games\critical-shift\worktrees\facility-assembly-astra\sections\facility-assembly\exteriors\compliance-dock\exterior-R08.blend', 'C:\Users\Camer\Games\critical-shift\worktrees\facility-assembly-astra\sections\facility-assembly\exteriors\compliance-dock\exterior-R08.blend', parent '<direct>'
Info: Read library: 'C:\Users\Camer\Games\critical-shift\worktrees\facility-assembly-astra\sections\facility-assembly\sources\spawn-room\module.blend', '//..\sources\spawn-room\module.blend', parent '<direct>'
Info: Read library: 'C:\Users\Camer\Games\critical-shift\worktrees\facility-assembly-astra\sections\facility-assembly\sources\refinery\module.blend', '//..\sources\refinery\module.blend', parent '<direct>'
Info: Read library: 'C:\Users\Camer\Games\critical-shift\worktrees\facility-assembly-astra\sections\facility-assembly\sources\mine\module.blend', '//..\sources\mine\module.blend', parent '<direct>'
Info: Read library: 'C:\Users\Camer\Games\critical-shift\worktrees\facility-assembly-astra\sections\facility-assembly\sources\fuel-corridor\module.blend', '//..\sources\fuel-corridor\module.blend', parent '<direct>'
Info: Read library: 'C:\Users\Camer\Games\critical-shift\worktrees\facility-assembly-astra\sections\facility-assembly\sources\cooling-plant\module.blend', '//..\sources\cooling-plant\module.blend', parent '<direct>'
Info: Read library: 'C:\Users\Camer\Games\critical-shift\worktrees\facility-assembly-astra\sections\facility-assembly\sources\turbine-room\module.blend', '//..\sources\turbine-room\module.blend', parent '<direct>'
Info: Read library: 'C:\Users\Camer\Games\critical-shift\worktrees\facility-assembly-astra\sections\facility-assembly\sources\reactor-room\module.blend', '//..\sources\reactor-room\module.blend', parent '<direct>'
Info: Read library: 'C:\Users\Camer\Games\critical-shift\worktrees\facility-assembly-astra\sections\facility-assembly\sources\condenser-bay\module.blend', '//..\sources\condenser-bay\module.blend', parent '<direct>'
Info: Read library: 'C:\Users\Camer\Games\critical-shift\worktrees\facility-assembly-astra\sections\facility-assembly\sources\electrical-room\module.blend', '//..\sources\electrical-room\module.blend', parent '<direct>'
Info: Read library: 'C:\Users\Camer\Games\critical-shift\worktrees\facility-assembly-astra\sections\facility-assembly\sources\waste-storage\module.blend', '//..\sources\waste-storage\module.blend', parent '<direct>'
Info: Read library: 'C:\Users\Camer\Games\critical-shift\worktrees\facility-assembly-astra\sections\facility-assembly\sources\medical-reanimation\module.blend', '//..\sources\medical-reanimation\module.blend', parent '<direct>'
Info: Read library: 'C:\Users\Camer\Games\critical-shift\worktrees\facility-assembly-astra\sections\facility-assembly\sources\compliance-dock\module.blend', '//..\sources\compliance-dock\module.blend', parent '<direct>'
Info: Saved as "facility_spawn_concept02_R14.blend"
R14_SAVED [{'object': 'S01 exterior quarried front material override', 'protected_vertices': 2142, 'source_faces': 14626, 'ratio': 0.24, 'scope': 'Derived exterior surface only. Boundary and all vertices below local Z=5m protected. Source library geometry untouched.'}, {'object': 'S01 exterior upper mountain material override', 'protected_vertices': 302, 'source_faces': 11396, 'ratio': 0.24, 'scope': 'Derived exterior surface only. Boundary and all vertices below local Z=5m protected. Source library geometry untouched.'}]
Blender 5.2.0 LTS (hash fbe6228777e7 built 2026-07-14 01:35:40)

Blender quit
