00:01.734  blend            | Read blend: "C:\Users\Camer\Games\critical-shift\worktrees\facility-assembly-astra\sections\facility-assembly\blender\facility_walkthrough.blend"
00:02.328  reports          | Read library: 'C:\Users\Camer\Games\critical-shift\worktrees\facility-assembly-astra\sections\facility-assembly\exteriors\waste-storage\exterior-R01.blend', 'C:\Users\Camer\Games\critical-shift\worktrees\facility-assembly-astra\sections\facility-assembly\exteriors\waste-storage\exterior-R01.blend', parent '<direct>'
Blender 5.2.0 LTS (hash fbe6228777e7 built 2026-07-14 01:35:40)
00:02.328  reports          | Read library: 'C:\Users\Camer\Games\critical-shift\worktrees\facility-assembly-astra\sections\facility-assembly\exteriors\refinery\exterior-R01.blend', 'C:\Users\Camer\Games\critical-shift\worktrees\facility-assembly-astra\sections\facility-assembly\exteriors\refinery\exterior-R01.blend', parent '<direct>'
00:02.391  reports          | Read library: 'C:\Users\Camer\Games\critical-shift\worktrees\facility-assembly-astra\sections\facility-assembly\exteriors\condenser-bay\exterior-R02.blend', 'C:\Users\Camer\Games\critical-shift\worktrees\facility-assembly-astra\sections\facility-assembly\exteriors\condenser-bay\exterior-R02.blend', parent '<direct>'
00:02.391  reports          | Read library: 'C:\Users\Camer\Games\critical-shift\worktrees\facility-assembly-astra\sections\facility-assembly\exteriors\fuel-corridor\exterior-R02.blend', 'C:\Users\Camer\Games\critical-shift\worktrees\facility-assembly-astra\sections\facility-assembly\exteriors\fuel-corridor\exterior-R02.blend', parent '<direct>'
00:02.406  reports          | Read library: 'C:\Users\Camer\Games\critical-shift\worktrees\facility-assembly-astra\sections\facility-assembly\exteriors\mine\exterior-R02.blend', 'C:\Users\Camer\Games\critical-shift\worktrees\facility-assembly-astra\sections\facility-assembly\exteriors\mine\exterior-R02.blend', parent '<direct>'
00:02.516  reports          | Read library: 'C:\Users\Camer\Games\critical-shift\worktrees\facility-assembly-astra\sections\facility-assembly\exteriors\electrical-room\exterior-R03.blend', 'C:\Users\Camer\Games\critical-shift\worktrees\facility-assembly-astra\sections\facility-assembly\exteriors\electrical-room\exterior-R03.blend', parent '<direct>'
00:02.531  reports          | Read library: 'C:\Users\Camer\Games\critical-shift\worktrees\facility-assembly-astra\sections\facility-assembly\exteriors\cooling-plant\exterior-R03.blend', 'C:\Users\Camer\Games\critical-shift\worktrees\facility-assembly-astra\sections\facility-assembly\exteriors\cooling-plant\exterior-R03.blend', parent '<direct>'
00:02.562  reports          | Read library: 'C:\Users\Camer\Games\critical-shift\worktrees\facility-assembly-astra\sections\facility-assembly\exteriors\medical-reanimation\exterior-R04.blend', 'C:\Users\Camer\Games\critical-shift\worktrees\facility-assembly-astra\sections\facility-assembly\exteriors\medical-reanimation\exterior-R04.blend', parent '<direct>'
00:02.578  reports          | Read library: 'C:\Users\Camer\Games\critical-shift\worktrees\facility-assembly-astra\sections\facility-assembly\exteriors\turbine-room\exterior-R04.blend', 'C:\Users\Camer\Games\critical-shift\worktrees\facility-assembly-astra\sections\facility-assembly\exteriors\turbine-room\exterior-R04.blend', parent '<direct>'
00:02.625  reports          | Read library: 'C:\Users\Camer\Games\critical-shift\worktrees\facility-assembly-astra\sections\facility-assembly\exteriors\spawn-room\exterior-R05.blend', 'C:\Users\Camer\Games\critical-shift\worktrees\facility-assembly-astra\sections\facility-assembly\exteriors\spawn-room\exterior-R05.blend', parent '<direct>'
00:02.719  reports          | Read library: 'C:\Users\Camer\Games\critical-shift\worktrees\facility-assembly-astra\sections\facility-assembly\exteriors\reactor-room\exterior-R05.blend', 'C:\Users\Camer\Games\critical-shift\worktrees\facility-assembly-astra\sections\facility-assembly\exteriors\reactor-room\exterior-R05.blend', parent '<direct>'
00:03.641  reports          | Read library: 'C:\Users\Camer\Games\critical-shift\worktrees\facility-assembly-astra\sections\facility-assembly\exteriors\compliance-dock\exterior-R08.blend', 'C:\Users\Camer\Games\critical-shift\worktrees\facility-assembly-astra\sections\facility-assembly\exteriors\compliance-dock\exterior-R08.blend', parent '<direct>'
00:03.641  reports          | Read library: 'C:\Users\Camer\Games\critical-shift\worktrees\facility-assembly-astra\sections\facility-assembly\sources\spawn-room\module.blend', '//..\sources\spawn-room\module.blend', parent 'C:\Users\Camer\Games\critical-shift\worktrees\facility-assembly-astra\sections\facility-assembly\exteriors\spawn-room\exterior-R05.blend'
00:05.312  reports          | Read library: 'C:\Users\Camer\Games\critical-shift\worktrees\facility-assembly-astra\sections\facility-assembly\sources\fuel-corridor\module.blend', '//..\sources\fuel-corridor\module.blend', parent '<direct>'
00:07.531  reports          | Read library: 'C:\Users\Camer\Games\critical-shift\worktrees\facility-assembly-astra\sections\facility-assembly\sources\condenser-bay\module.blend', '//..\sources\condenser-bay\module.blend', parent '<direct>'
00:08.047  reports          | Read library: 'C:\Users\Camer\Games\critical-shift\worktrees\facility-assembly-astra\sections\facility-assembly\sources\electrical-room\module.blend', '//..\sources\electrical-room\module.blend', parent '<direct>'
00:09.172  reports          | Read library: 'C:\Users\Camer\Games\critical-shift\worktrees\facility-assembly-astra\sections\facility-assembly\sources\waste-storage\module.blend', '//..\sources\waste-storage\module.blend', parent '<direct>'
00:10.172  reports          | Read library: 'C:\Users\Camer\Games\critical-shift\worktrees\facility-assembly-astra\sections\facility-assembly\sources\medical-reanimation\module.blend', '//..\sources\medical-reanimation\module.blend', parent '<direct>'
00:10.859  reports          | Read library: 'C:\Users\Camer\Games\critical-shift\worktrees\facility-assembly-astra\sections\facility-assembly\sources\compliance-dock\module.blend', '//..\sources\compliance-dock\module.blend', parent '<direct>'
00:11.250  reports          | Read library: 'C:\Users\Camer\Games\critical-shift\worktrees\facility-assembly-astra\sections\facility-assembly\sources\refinery\module.blend', '//..\..\sources\refinery\module.blend', parent 'C:\Users\Camer\Games\critical-shift\worktrees\facility-assembly-astra\sections\facility-assembly\exteriors\refinery\exterior-R01.blend'
00:12.547  reports          | Read library: 'C:\Users\Camer\Games\critical-shift\worktrees\facility-assembly-astra\sections\facility-assembly\sources\mine\module.blend', '//..\..\sources\mine\module.blend', parent 'C:\Users\Camer\Games\critical-shift\worktrees\facility-assembly-astra\sections\facility-assembly\exteriors\mine\exterior-R02.blend'
00:16.125  reports          | Read library: 'C:\Users\Camer\Games\critical-shift\worktrees\facility-assembly-astra\sections\facility-assembly\sources\cooling-plant\module.blend', '//..\..\sources\cooling-plant\module.blend', parent 'C:\Users\Camer\Games\critical-shift\worktrees\facility-assembly-astra\sections\facility-assembly\exteriors\cooling-plant\exterior-R03.blend'
00:17.297  reports          | Read library: 'C:\Users\Camer\Games\critical-shift\worktrees\facility-assembly-astra\sections\facility-assembly\sources\turbine-room\module.blend', '//..\..\sources\turbine-room\module.blend', parent 'C:\Users\Camer\Games\critical-shift\worktrees\facility-assembly-astra\sections\facility-assembly\exteriors\turbine-room\exterior-R04.blend'
00:18.453  reports          | Read library: 'C:\Users\Camer\Games\critical-shift\worktrees\facility-assembly-astra\sections\facility-assembly\sources\reactor-room\module.blend', '//..\..\sources\reactor-room\module.blend', parent 'C:\Users\Camer\Games\critical-shift\worktrees\facility-assembly-astra\sections\facility-assembly\exteriors\reactor-room\exterior-R05.blend'
WALKTHROUGH_COLD_PASS

Blender quit
