00:03.047  blend            | Read blend: "C:\Users\Camer\Games\critical-shift\worktrees\facility-assembly-astra\sections\facility-assembly\blender\facility_master_A05_exteriors.blend"
00:03.063  blend.readfile   | Read library: 'C:\Users\Camer\Games\critical-shift\worktrees\facility-assembly-astra\sections\facility-assembly\exteriors\waste-storage\exterior-R01.blend', 'C:\Users\Camer\Games\critical-shift\worktrees\facility-assembly-astra\sections\facility-assembly\exteriors\waste-storage\exterior-R01.blend', parent '<direct>'
00:03.141  blend.readfile   | Read library: 'C:\Users\Camer\Games\critical-shift\worktrees\facility-assembly-astra\sections\facility-assembly\exteriors\refinery\exterior-R01.blend', 'C:\Users\Camer\Games\critical-shift\worktrees\facility-assembly-astra\sections\facility-assembly\exteriors\refinery\exterior-R01.blend', parent '<direct>'
00:03.281  blend.readfile   | Read library: 'C:\Users\Camer\Games\critical-shift\worktrees\facility-assembly-astra\sections\facility-assembly\exteriors\condenser-bay\exterior-R02.blend', 'C:\Users\Camer\Games\critical-shift\worktrees\facility-assembly-astra\sections\facility-assembly\exteriors\condenser-bay\exterior-R02.blend', parent '<direct>'
00:03.375  blend.readfile   | Read library: 'C:\Users\Camer\Games\critical-shift\worktrees\facility-assembly-astra\sections\facility-assembly\exteriors\fuel-corridor\exterior-R02.blend', 'C:\Users\Camer\Games\critical-shift\worktrees\facility-assembly-astra\sections\facility-assembly\exteriors\fuel-corridor\exterior-R02.blend', parent '<direct>'
00:03.469  blend.readfile   | Read library: 'C:\Users\Camer\Games\critical-shift\worktrees\facility-assembly-astra\sections\facility-assembly\exteriors\mine\exterior-R02.blend', 'C:\Users\Camer\Games\critical-shift\worktrees\facility-assembly-astra\sections\facility-assembly\exteriors\mine\exterior-R02.blend', parent '<direct>'
00:03.656  blend.readfile   | Read library: 'C:\Users\Camer\Games\critical-shift\worktrees\facility-assembly-astra\sections\facility-assembly\exteriors\electrical-room\exterior-R03.blend', 'C:\Users\Camer\Games\critical-shift\worktrees\facility-assembly-astra\sections\facility-assembly\exteriors\electrical-room\exterior-R03.blend', parent '<direct>'
00:03.734  blend.readfile   | Read library: 'C:\Users\Camer\Games\critical-shift\worktrees\facility-assembly-astra\sections\facility-assembly\exteriors\cooling-plant\exterior-R03.blend', 'C:\Users\Camer\Games\critical-shift\worktrees\facility-assembly-astra\sections\facility-assembly\exteriors\cooling-plant\exterior-R03.blend', parent '<direct>'
00:03.859  blend.readfile   | Read library: 'C:\Users\Camer\Games\critical-shift\worktrees\facility-assembly-astra\sections\facility-assembly\exteriors\medical-reanimation\exterior-R04.blend', 'C:\Users\Camer\Games\critical-shift\worktrees\facility-assembly-astra\sections\facility-assembly\exteriors\medical-reanimation\exterior-R04.blend', parent '<direct>'
00:03.953  blend.readfile   | Read library: 'C:\Users\Camer\Games\critical-shift\worktrees\facility-assembly-astra\sections\facility-assembly\exteriors\turbine-room\exterior-R04.blend', 'C:\Users\Camer\Games\critical-shift\worktrees\facility-assembly-astra\sections\facility-assembly\exteriors\turbine-room\exterior-R04.blend', parent '<direct>'
00:04.078  blend.readfile   | Read library: 'C:\Users\Camer\Games\critical-shift\worktrees\facility-assembly-astra\sections\facility-assembly\exteriors\spawn-room\exterior-R05.blend', 'C:\Users\Camer\Games\critical-shift\worktrees\facility-assembly-astra\sections\facility-assembly\exteriors\spawn-room\exterior-R05.blend', parent '<direct>'
00:04.234  blend.readfile   | Read library: 'C:\Users\Camer\Games\critical-shift\worktrees\facility-assembly-astra\sections\facility-assembly\exteriors\reactor-room\exterior-R05.blend', 'C:\Users\Camer\Games\critical-shift\worktrees\facility-assembly-astra\sections\facility-assembly\exteriors\reactor-room\exterior-R05.blend', parent '<direct>'
00:05.219  blend.readfile   | Read library: 'C:\Users\Camer\Games\critical-shift\worktrees\facility-assembly-astra\sections\facility-assembly\exteriors\compliance-dock\exterior-R08.blend', 'C:\Users\Camer\Games\critical-shift\worktrees\facility-assembly-astra\sections\facility-assembly\exteriors\compliance-dock\exterior-R08.blend', parent '<direct>'
00:05.313  blend.readfile   | Read library: 'C:\Users\Camer\Games\critical-shift\worktrees\facility-assembly-astra\sections\facility-assembly\sources\spawn-room\module.blend', '//..\sources\spawn-room\module.blend', parent 'C:\Users\Camer\Games\critical-shift\worktrees\facility-assembly-astra\sections\facility-assembly\exteriors\spawn-room\exterior-R05.blend'
00:06.828  blend.readfile   | Read library: 'C:\Users\Camer\Games\critical-shift\worktrees\facility-assembly-astra\sections\facility-assembly\sources\fuel-corridor\module.blend', '//..\sources\fuel-corridor\module.blend', parent '<direct>'
00:08.875  blend.readfile   | Read library: 'C:\Users\Camer\Games\critical-shift\worktrees\facility-assembly-astra\sections\facility-assembly\sources\condenser-bay\module.blend', '//..\sources\condenser-bay\module.blend', parent '<direct>'
00:09.422  blend.readfile   | Read library: 'C:\Users\Camer\Games\critical-shift\worktrees\facility-assembly-astra\sections\facility-assembly\sources\electrical-room\module.blend', '//..\sources\electrical-room\module.blend', parent '<direct>'
00:10.547  blend.readfile   | Read library: 'C:\Users\Camer\Games\critical-shift\worktrees\facility-assembly-astra\sections\facility-assembly\sources\waste-storage\module.blend', '//..\sources\waste-storage\module.blend', parent '<direct>'
00:11.500  blend.readfile   | Read library: 'C:\Users\Camer\Games\critical-shift\worktrees\facility-assembly-astra\sections\facility-assembly\sources\medical-reanimation\module.blend', '//..\sources\medical-reanimation\module.blend', parent '<direct>'
00:12.172  blend.readfile   | Read library: 'C:\Users\Camer\Games\critical-shift\worktrees\facility-assembly-astra\sections\facility-assembly\sources\compliance-dock\module.blend', '//..\sources\compliance-dock\module.blend', parent '<direct>'
00:12.563  blend.readfile   | Read library: 'C:\Users\Camer\Games\critical-shift\worktrees\facility-assembly-astra\sections\facility-assembly\sources\refinery\module.blend', '//..\..\sources\refinery\module.blend', parent 'C:\Users\Camer\Games\critical-shift\worktrees\facility-assembly-astra\sections\facility-assembly\exteriors\refinery\exterior-R01.blend'
00:13.859  blend.readfile   | Read library: 'C:\Users\Camer\Games\critical-shift\worktrees\facility-assembly-astra\sections\facility-assembly\sources\mine\module.blend', '//..\..\sources\mine\module.blend', parent 'C:\Users\Camer\Games\critical-shift\worktrees\facility-assembly-astra\sections\facility-assembly\exteriors\mine\exterior-R02.blend'
00:17.375  blend.readfile   | Read library: 'C:\Users\Camer\Games\critical-shift\worktrees\facility-assembly-astra\sections\facility-assembly\sources\cooling-plant\module.blend', '//..\..\sources\cooling-plant\module.blend', parent 'C:\Users\Camer\Games\critical-shift\worktrees\facility-assembly-astra\sections\facility-assembly\exteriors\cooling-plant\exterior-R03.blend'
00:18.531  blend.readfile   | Read library: 'C:\Users\Camer\Games\critical-shift\worktrees\facility-assembly-astra\sections\facility-assembly\sources\turbine-room\module.blend', '//..\..\sources\turbine-room\module.blend', parent 'C:\Users\Camer\Games\critical-shift\worktrees\facility-assembly-astra\sections\facility-assembly\exteriors\turbine-room\exterior-R04.blend'
00:19.641  blend.readfile   | Read library: 'C:\Users\Camer\Games\critical-shift\worktrees\facility-assembly-astra\sections\facility-assembly\sources\reactor-room\module.blend', '//..\..\sources\reactor-room\module.blend', parent 'C:\Users\Camer\Games\critical-shift\worktrees\facility-assembly-astra\sections\facility-assembly\exteriors\reactor-room\exterior-R05.blend'
Info: Read library: 'C:\Users\Camer\Games\critical-shift\worktrees\facility-assembly-astra\sections\facility-assembly\exteriors\waste-storage\exterior-R01.blend', 'C:\Users\Camer\Games\critical-shift\worktrees\facility-assembly-astra\sections\facility-assembly\exteriors\waste-storage\exterior-R01.blend', parent '<direct>'
Info: Read library: 'C:\Users\Camer\Games\critical-shift\worktrees\facility-assembly-astra\sections\facility-assembly\exteriors\refinery\exterior-R01.blend', 'C:\Users\Camer\Games\critical-shift\worktrees\facility-assembly-astra\sections\facility-assembly\exteriors\refinery\exterior-R01.blend', parent '<direct>'
Info: Read library: 'C:\Users\Camer\Games\critical-shift\worktrees\facility-assembly-astra\sections\facility-assembly\exteriors\condenser-bay\exterior-R02.blend', 'C:\Users\Camer\Games\critical-shift\worktrees\facility-assembly-astra\sections\facility-assembly\exteriors\condenser-bay\exterior-R02.blend', parent '<direct>'
Info: Read library: 'C:\Users\Camer\Games\critical-shift\worktrees\facility-assembly-astra\sections\facility-assembly\exteriors\fuel-corridor\exterior-R02.blend', 'C:\Users\Camer\Games\critical-shift\worktrees\facility-assembly-astra\sections\facility-assembly\exteriors\fuel-corridor\exterior-R02.blend', parent '<direct>'
Info: Read library: 'C:\Users\Camer\Games\critical-shift\worktrees\facility-assembly-astra\sections\facility-assembly\exteriors\mine\exterior-R02.blend', 'C:\Users\Camer\Games\critical-shift\worktrees\facility-assembly-astra\sections\facility-assembly\exteriors\mine\exterior-R02.blend', parent '<direct>'
Info: Read library: 'C:\Users\Camer\Games\critical-shift\worktrees\facility-assembly-astra\sections\facility-assembly\exteriors\electrical-room\exterior-R03.blend', 'C:\Users\Camer\Games\critical-shift\worktrees\facility-assembly-astra\sections\facility-assembly\exteriors\electrical-room\exterior-R03.blend', parent '<direct>'
Info: Read library: 'C:\Users\Camer\Games\critical-shift\worktrees\facility-assembly-astra\sections\facility-assembly\exteriors\cooling-plant\exterior-R03.blend', 'C:\Users\Camer\Games\critical-shift\worktrees\facility-assembly-astra\sections\facility-assembly\exteriors\cooling-plant\exterior-R03.blend', parent '<direct>'
Info: Read library: 'C:\Users\Camer\Games\critical-shift\worktrees\facility-assembly-astra\sections\facility-assembly\exteriors\medical-reanimation\exterior-R04.blend', 'C:\Users\Camer\Games\critical-shift\worktrees\facility-assembly-astra\sections\facility-assembly\exteriors\medical-reanimation\exterior-R04.blend', parent '<direct>'
Info: Read library: 'C:\Users\Camer\Games\critical-shift\worktrees\facility-assembly-astra\sections\facility-assembly\exteriors\turbine-room\exterior-R04.blend', 'C:\Users\Camer\Games\critical-shift\worktrees\facility-assembly-astra\sections\facility-assembly\exteriors\turbine-room\exterior-R04.blend', parent '<direct>'
Info: Read library: 'C:\Users\Camer\Games\critical-shift\worktrees\facility-assembly-astra\sections\facility-assembly\exteriors\spawn-room\exterior-R05.blend', 'C:\Users\Camer\Games\critical-shift\worktrees\facility-assembly-astra\sections\facility-assembly\exteriors\spawn-room\exterior-R05.blend', parent '<direct>'
Info: Read library: 'C:\Users\Camer\Games\critical-shift\worktrees\facility-assembly-astra\sections\facility-assembly\exteriors\reactor-room\exterior-R05.blend', 'C:\Users\Camer\Games\critical-shift\worktrees\facility-assembly-astra\sections\facility-assembly\exteriors\reactor-room\exterior-R05.blend', parent '<direct>'
Info: Read library: 'C:\Users\Camer\Games\critical-shift\worktrees\facility-assembly-astra\sections\facility-assembly\exteriors\compliance-dock\exterior-R08.blend', 'C:\Users\Camer\Games\critical-shift\worktrees\facility-assembly-astra\sections\facility-assembly\exteriors\compliance-dock\exterior-R08.blend', parent '<direct>'
Info: Read library: 'C:\Users\Camer\Games\critical-shift\worktrees\facility-assembly-astra\sections\facility-assembly\sources\spawn-room\module.blend', '//..\sources\spawn-room\module.blend', parent 'C:\Users\Camer\Games\critical-shift\worktrees\facility-assembly-astra\sections\facility-assembly\exteriors\spawn-room\exterior-R05.blend'
Info: Read library: 'C:\Users\Camer\Games\critical-shift\worktrees\facility-assembly-astra\sections\facility-assembly\sources\fuel-corridor\module.blend', '//..\sources\fuel-corridor\module.blend', parent '<direct>'
Info: Read library: 'C:\Users\Camer\Games\critical-shift\worktrees\facility-assembly-astra\sections\facility-assembly\sources\condenser-bay\module.blend', '//..\sources\condenser-bay\module.blend', parent '<direct>'
Info: Read library: 'C:\Users\Camer\Games\critical-shift\worktrees\facility-assembly-astra\sections\facility-assembly\sources\electrical-room\module.blend', '//..\sources\electrical-room\module.blend', parent '<direct>'
Info: Read library: 'C:\Users\Camer\Games\critical-shift\worktrees\facility-assembly-astra\sections\facility-assembly\sources\waste-storage\module.blend', '//..\sources\waste-storage\module.blend', parent '<direct>'
Info: Read library: 'C:\Users\Camer\Games\critical-shift\worktrees\facility-assembly-astra\sections\facility-assembly\sources\medical-reanimation\module.blend', '//..\sources\medical-reanimation\module.blend', parent '<direct>'
Info: Read library: 'C:\Users\Camer\Games\critical-shift\worktrees\facility-assembly-astra\sections\facility-assembly\sources\compliance-dock\module.blend', '//..\sources\compliance-dock\module.blend', parent '<direct>'
Info: Read library: 'C:\Users\Camer\Games\critical-shift\worktrees\facility-assembly-astra\sections\facility-assembly\sources\refinery\module.blend', '//..\..\sources\refinery\module.blend', parent 'C:\Users\Camer\Games\critical-shift\worktrees\facility-assembly-astra\sections\facility-assembly\exteriors\refinery\exterior-R01.blend'
Info: Read library: 'C:\Users\Camer\Games\critical-shift\worktrees\facility-assembly-astra\sections\facility-assembly\sources\mine\module.blend', '//..\..\sources\mine\module.blend', parent 'C:\Users\Camer\Games\critical-shift\worktrees\facility-assembly-astra\sections\facility-assembly\exteriors\mine\exterior-R02.blend'
Info: Read library: 'C:\Users\Camer\Games\critical-shift\worktrees\facility-assembly-astra\sections\facility-assembly\sources\cooling-plant\module.blend', '//..\..\sources\cooling-plant\module.blend', parent 'C:\Users\Camer\Games\critical-shift\worktrees\facility-assembly-astra\sections\facility-assembly\exteriors\cooling-plant\exterior-R03.blend'
Info: Read library: 'C:\Users\Camer\Games\critical-shift\worktrees\facility-assembly-astra\sections\facility-assembly\sources\turbine-room\module.blend', '//..\..\sources\turbine-room\module.blend', parent 'C:\Users\Camer\Games\critical-shift\worktrees\facility-assembly-astra\sections\facility-assembly\exteriors\turbine-room\exterior-R04.blend'
Info: Read library: 'C:\Users\Camer\Games\critical-shift\worktrees\facility-assembly-astra\sections\facility-assembly\sources\reactor-room\module.blend', '//..\..\sources\reactor-room\module.blend', parent 'C:\Users\Camer\Games\critical-shift\worktrees\facility-assembly-astra\sections\facility-assembly\exteriors\reactor-room\exterior-R05.blend'
Info: Saved as "facility_walkthrough.blend"
WALKTHROUGH_READY C:\Users\Camer\Games\critical-shift\worktrees\facility-assembly-astra\sections\facility-assembly\blender\facility_walkthrough.blend
06:45.438  blend            | Writing user preferences: "C:\Users\Camer\Games\critical-shift\worktrees\facility-assembly-astra/sections/facility-assembly/production/blender-profile\userpref.blend" 
11:20.500  blend            | Writing user preferences: "C:\Users\Camer\Games\critical-shift\worktrees\facility-assembly-astra/sections/facility-assembly/production/blender-profile\userpref.blend" 
15:23.313  blend            | Writing user preferences: "C:\Users\Camer\Games\critical-shift\worktrees\facility-assembly-astra/sections/facility-assembly/production/blender-profile\userpref.blend" 
Connected to client: ('127.0.0.1', 62742)
Client handler started
Executing handler for blender_mcp_handshake
Handler execution complete
Client disconnected
Client handler stopped
Connected to client: ('127.0.0.1', 62744)
Client handler started
Executing handler for blender_mcp_handshake
Handler execution complete
Client disconnected
Client handler stopped
Connected to client: ('127.0.0.1', 62745)
Client handler started
Executing handler for blender_mcp_handshake
Handler execution complete
Client disconnected
Client handler stopped
Connected to client: ('127.0.0.1', 62746)
Client handler started
Executing handler for blender_mcp_handshake
Handler execution complete
Client disconnected
Client handler stopped
Connected to client: ('127.0.0.1', 62747)
Client handler started
Executing handler for blender_mcp_handshake
Handler execution complete
Client disconnected
Client handler stopped
Connected to client: ('127.0.0.1', 62748)
Client handler started
Executing handler for blender_mcp_handshake
Handler execution complete
Client disconnected
Client handler stopped
Connected to client: ('127.0.0.1', 62749)
Client handler started
Executing handler for blender_mcp_handshake
Handler execution complete
Client disconnected
Client handler stopped
Connected to client: ('127.0.0.1', 62750)
Client handler started
Executing handler for blender_mcp_handshake
Handler execution complete
Client disconnected
Client handler stopped
Connected to client: ('127.0.0.1', 62751)
Client handler started
Executing handler for blender_mcp_handshake
Handler execution complete
Client disconnected
Client handler stopped
Connected to client: ('127.0.0.1', 62752)
Client handler started
Executing handler for blender_mcp_handshake
Handler execution complete
Client disconnected
Client handler stopped
Connected to client: ('127.0.0.1', 62753)
Client handler started
Executing handler for blender_mcp_handshake
Handler execution complete
Client disconnected
Client handler stopped
Connected to client: ('127.0.0.1', 62755)
Client handler started
Executing handler for claim_blender_instance
Handler execution complete
Executing handler for get_polyhaven_status
Handler execution complete
Executing handler for get_runtime_automation_context
Handler execution complete
Executing handler for get_polyhaven_status
Handler execution complete
Executing handler for execute_code
Handler execution complete
Executing handler for get_polyhaven_status
Handler execution complete
Executing handler for execute_code
Handler execution complete
Executing handler for renew_blender_instance
Handler execution complete
Executing handler for get_polyhaven_status
Handler execution complete
Executing handler for execute_code
Handler execution complete
Executing handler for renew_blender_instance
Handler execution complete
Executing handler for get_polyhaven_status
Handler execution complete
Executing handler for execute_code
Handler execution complete
Executing handler for renew_blender_instance
Handler execution complete
Executing handler for get_polyhaven_status
Handler execution complete
Executing handler for execute_code
BlenderMCP command rejected [blender_python_error]: Code execution error: load: C:\Users\Camer\Games\critical-shift\worktrees\facility-assembly-astra\sections\facility-assembly\blender\walkthrough_proxy_meshes.blend failed to open blend file
Executing handler for renew_blender_instance
Handler execution complete
Executing handler for get_polyhaven_status
Handler execution complete
Executing handler for execute_code
Handler execution complete
Executing handler for get_polyhaven_status
Handler execution complete
Executing handler for execute_code
Handler execution complete
Executing handler for renew_blender_instance
Handler execution complete
Executing handler for get_polyhaven_status
Handler execution complete
Executing handler for execute_code
Handler execution complete
Executing handler for get_polyhaven_status
Handler execution complete
Executing handler for get_viewport_screenshot
Handler execution complete
Executing handler for get_polyhaven_status
Handler execution complete
Executing handler for execute_code
Handler execution complete
Executing handler for get_polyhaven_status
Handler execution complete
Executing handler for get_viewport_screenshot
Handler execution complete
Executing handler for renew_blender_instance
Handler execution complete
Executing handler for get_polyhaven_status
Handler execution complete
Executing handler for execute_code
Handler execution complete
Executing handler for get_polyhaven_status
Handler execution complete
Executing handler for execute_code
Handler execution complete
Executing handler for get_polyhaven_status
Handler execution complete
Executing handler for get_viewport_screenshot
Handler execution complete
Executing handler for get_polyhaven_status
Handler execution complete
Executing handler for execute_code
Handler execution complete
Executing handler for get_polyhaven_status
Handler execution complete
Executing handler for execute_code
Handler execution complete
Executing handler for renew_blender_instance
Handler execution complete
Executing handler for get_polyhaven_status
Handler execution complete
Executing handler for execute_code
Handler execution complete
Executing handler for renew_blender_instance
Handler execution complete
Executing handler for get_polyhaven_status
Handler execution complete
Executing handler for execute_code
Handler execution complete
Executing handler for release_blender_instance
Handler execution complete
Client disconnected
Client handler stopped
Connected to client: ('127.0.0.1', 64619)
Client handler started
Executing handler for blender_mcp_handshake
Handler execution complete
Client disconnected
Client handler stopped
Connected to client: ('127.0.0.1', 64621)
Client handler started
Executing handler for blender_mcp_handshake
Handler execution complete
Client disconnected
Client handler stopped
Connected to client: ('127.0.0.1', 64622)
Client handler started
Executing handler for blender_mcp_handshake
Handler execution complete
Client disconnected
Client handler stopped
Connected to client: ('127.0.0.1', 64623)
Client handler started
Executing handler for blender_mcp_handshake
Handler execution complete
Client disconnected
Client handler stopped
Connected to client: ('127.0.0.1', 64624)
Client handler started
Executing handler for blender_mcp_handshake
Handler execution complete
Client disconnected
Client handler stopped
Connected to client: ('127.0.0.1', 64625)
Client handler started
Executing handler for blender_mcp_handshake
Handler execution complete
Client disconnected
Client handler stopped
Connected to client: ('127.0.0.1', 64626)
Client handler started
Executing handler for blender_mcp_handshake
Handler execution complete
Client disconnected
Client handler stopped
Connected to client: ('127.0.0.1', 64627)
Client handler started
Executing handler for blender_mcp_handshake
Handler execution complete
Client disconnected
Client handler stopped
Connected to client: ('127.0.0.1', 64628)
Client handler started
Executing handler for blender_mcp_handshake
Handler execution complete
Client disconnected
Client handler stopped
Connected to client: ('127.0.0.1', 64629)
Client handler started
Executing handler for blender_mcp_handshake
Handler execution complete
Client disconnected
Client handler stopped
Connected to client: ('127.0.0.1', 64630)
Client handler started
Executing handler for blender_mcp_handshake
Handler execution complete
Client disconnected
Client handler stopped
Connected to client: ('127.0.0.1', 64635)
Client handler started
Executing handler for claim_blender_instance
Handler execution complete
Executing handler for get_polyhaven_status
Handler execution complete
Executing handler for execute_code
Handler execution complete
Executing handler for get_polyhaven_status
Handler execution complete
Executing handler for get_viewport_screenshot
Handler execution complete54:35.375  blend            | Read blend: "C:\Users\Camer\Games\critical-shift\worktrees\facility-assembly-astra\sections\facility-assembly\blender\facility_walkthrough_A06_connections.blend"
54:35.984  blend.readfile   | Read library: 'C:\Users\Camer\Games\critical-shift\worktrees\facility-assembly-astra\sections\facility-assembly\exteriors\waste-storage\exterior-R01.blend', 'C:\Users\Camer\Games\critical-shift\worktrees\facility-assembly-astra\sections\facility-assembly\exteriors\waste-storage\exterior-R01.blend', parent '<direct>'
54:36.000  blend.readfile   | Read library: 'C:\Users\Camer\Games\critical-shift\worktrees\facility-assembly-astra\sections\facility-assembly\exteriors\refinery\exterior-R01.blend', 'C:\Users\Camer\Games\critical-shift\worktrees\facility-assembly-astra\sections\facility-assembly\exteriors\refinery\exterior-R01.blend', parent '<direct>'
54:36.063  blend.readfile   | Read library: 'C:\Users\Camer\Games\critical-shift\worktrees\facility-assembly-astra\sections\facility-assembly\exteriors\condenser-bay\exterior-R02.blend', 'C:\Users\Camer\Games\critical-shift\worktrees\facility-assembly-astra\sections\facility-assembly\exteriors\condenser-bay\exterior-R02.blend', parent '<direct>'
54:36.078  blend.readfile   | Read library: 'C:\Users\Camer\Games\critical-shift\worktrees\facility-assembly-astra\sections\facility-assembly\exteriors\fuel-corridor\exterior-R02.blend', 'C:\Users\Camer\Games\critical-shift\worktrees\facility-assembly-astra\sections\facility-assembly\exteriors\fuel-corridor\exterior-R02.blend', parent '<direct>'
54:36.094  blend.readfile   | Read library: 'C:\Users\Camer\Games\critical-shift\worktrees\facility-assembly-astra\sections\facility-assembly\exteriors\mine\exterior-R02.blend', 'C:\Users\Camer\Games\critical-shift\worktrees\facility-assembly-astra\sections\facility-assembly\exteriors\mine\exterior-R02.blend', parent '<direct>'
54:36.203  blend.readfile   | Read library: 'C:\Users\Camer\Games\critical-shift\worktrees\facility-assembly-astra\sections\facility-assembly\exteriors\electrical-room\exterior-R03.blend', 'C:\Users\Camer\Games\critical-shift\worktrees\facility-assembly-astra\sections\facility-assembly\exteriors\electrical-room\exterior-R03.blend', parent '<direct>'
54:36.203  blend.readfile   | Read library: 'C:\Users\Camer\Games\critical-shift\worktrees\facility-assembly-astra\sections\facility-assembly\exteriors\cooling-plant\exterior-R03.blend', 'C:\Users\Camer\Games\critical-shift\worktrees\facility-assembly-astra\sections\facility-assembly\exteriors\cooling-plant\exterior-R03.blend', parent '<direct>'
54:36.250  blend.readfile   | Read library: 'C:\Users\Camer\Games\critical-shift\worktrees\facility-assembly-astra\sections\facility-assembly\exteriors\medical-reanimation\exterior-R04.blend', 'C:\Users\Camer\Games\critical-shift\worktrees\facility-assembly-astra\sections\facility-assembly\exteriors\medical-reanimation\exterior-R04.blend', parent '<direct>'
54:36.266  blend.readfile   | Read library: 'C:\Users\Camer\Games\critical-shift\worktrees\facility-assembly-astra\sections\facility-assembly\exteriors\turbine-room\exterior-R04.blend', 'C:\Users\Camer\Games\critical-shift\worktrees\facility-assembly-astra\sections\facility-assembly\exteriors\turbine-room\exterior-R04.blend', parent '<direct>'
54:36.313  blend.readfile   | Read library: 'C:\Users\Camer\Games\critical-shift\worktrees\facility-assembly-astra\sections\facility-assembly\exteriors\spawn-room\exterior-R05.blend', 'C:\Users\Camer\Games\critical-shift\worktrees\facility-assembly-astra\sections\facility-assembly\exteriors\spawn-room\exterior-R05.blend', parent '<direct>'
54:36.406  blend.readfile   | Read library: 'C:\Users\Camer\Games\critical-shift\worktrees\facility-assembly-astra\sections\facility-assembly\exteriors\reactor-room\exterior-R05.blend', 'C:\Users\Camer\Games\critical-shift\worktrees\facility-assembly-astra\sections\facility-assembly\exteriors\reactor-room\exterior-R05.blend', parent '<direct>'
54:37.281  blend.readfile   | Read library: 'C:\Users\Camer\Games\critical-shift\worktrees\facility-assembly-astra\sections\facility-assembly\exteriors\compliance-dock\exterior-R08.blend', 'C:\Users\Camer\Games\critical-shift\worktrees\facility-assembly-astra\sections\facility-assembly\exteriors\compliance-dock\exterior-R08.blend', parent '<direct>'
54:37.281  blend.readfile   | Read library: 'C:\Users\Camer\Games\critical-shift\worktrees\facility-assembly-astra\sections\facility-assembly\sources\spawn-room\module.blend', '//..\sources\spawn-room\module.blend', parent 'C:\Users\Camer\Games\critical-shift\worktrees\facility-assembly-astra\sections\facility-assembly\exteriors\spawn-room\exterior-R05.blend'
54:38.781  blend.readfile   | Read library: 'C:\Users\Camer\Games\critical-shift\worktrees\facility-assembly-astra\sections\facility-assembly\sources\fuel-corridor\module.blend', '//..\sources\fuel-corridor\module.blend', parent '<direct>'
54:40.875  blend.readfile   | Read library: 'C:\Users\Camer\Games\critical-shift\worktrees\facility-assembly-astra\sections\facility-assembly\sources\condenser-bay\module.blend', '//..\sources\condenser-bay\module.blend', parent '<direct>'
54:41.406  blend.readfile   | Read library: 'C:\Users\Camer\Games\critical-shift\worktrees\facility-assembly-astra\sections\facility-assembly\sources\electrical-room\module.blend', '//..\sources\electrical-room\module.blend', parent '<direct>'
54:42.594  blend.readfile   | Read library: 'C:\Users\Camer\Games\critical-shift\worktrees\facility-assembly-astra\sections\facility-assembly\sources\waste-storage\module.blend', '//..\sources\waste-storage\module.blend', parent '<direct>'
54:43.578  blend.readfile   | Read library: 'C:\Users\Camer\Games\critical-shift\worktrees\facility-assembly-astra\sections\facility-assembly\sources\medical-reanimation\module.blend', '//..\sources\medical-reanimation\module.blend', parent '<direct>'
54:44.250  blend.readfile   | Read library: 'C:\Users\Camer\Games\critical-shift\worktrees\facility-assembly-astra\sections\facility-assembly\sources\compliance-dock\module.blend', '//..\sources\compliance-dock\module.blend', parent '<direct>'
54:44.641  blend.readfile   | Read library: 'C:\Users\Camer\Games\critical-shift\worktrees\facility-assembly-astra\sections\facility-assembly\sources\refinery\module.blend', '//..\..\sources\refinery\module.blend', parent 'C:\Users\Camer\Games\critical-shift\worktrees\facility-assembly-astra\sections\facility-assembly\exteriors\refinery\exterior-R01.blend'
54:45.938  blend.readfile   | Read library: 'C:\Users\Camer\Games\critical-shift\worktrees\facility-assembly-astra\sections\facility-assembly\sources\mine\module.blend', '//..\..\sources\mine\module.blend', parent 'C:\Users\Camer\Games\critical-shift\worktrees\facility-assembly-astra\sections\facility-assembly\exteriors\mine\exterior-R02.blend'
54:49.453  blend.readfile   | Read library: 'C:\Users\Camer\Games\critical-shift\worktrees\facility-assembly-astra\sections\facility-assembly\sources\cooling-plant\module.blend', '//..\..\sources\cooling-plant\module.blend', parent 'C:\Users\Camer\Games\critical-shift\worktrees\facility-assembly-astra\sections\facility-assembly\exteriors\cooling-plant\exterior-R03.blend'
54:50.641  blend.readfile   | Read library: 'C:\Users\Camer\Games\critical-shift\worktrees\facility-assembly-astra\sections\facility-assembly\sources\turbine-room\module.blend', '//..\..\sources\turbine-room\module.blend', parent 'C:\Users\Camer\Games\critical-shift\worktrees\facility-assembly-astra\sections\facility-assembly\exteriors\turbine-room\exterior-R04.blend'
54:51.797  blend.readfile   | Read library: 'C:\Users\Camer\Games\critical-shift\worktrees\facility-assembly-astra\sections\facility-assembly\sources\reactor-room\module.blend', '//..\..\sources\reactor-room\module.blend', parent 'C:\Users\Camer\Games\critical-shift\worktrees\facility-assembly-astra\sections\facility-assembly\exteriors\reactor-room\exterior-R05.blend'

Executing handler for release_blender_instance
Handler execution complete
Client disconnected
Client handler stopped
Connected to client: ('127.0.0.1', 58290)
Client handler started
Executing handler for blender_mcp_handshake
Handler execution complete
Client disconnected
Client handler stopped
Connected to client: ('127.0.0.1', 58292)
Client handler started
Executing handler for blender_mcp_handshake
Handler execution complete
Client disconnected
Client handler stopped
Connected to client: ('127.0.0.1', 58293)
Client handler started
Executing handler for blender_mcp_handshake
Handler execution complete
Client disconnected
Client handler stopped
Connected to client: ('127.0.0.1', 58294)
Client handler started
Executing handler for blender_mcp_handshake
Handler execution complete
Client disconnected
Client handler stopped
Connected to client: ('127.0.0.1', 58295)
Client handler started
Executing handler for blender_mcp_handshake
Handler execution complete
Client disconnected
Client handler stopped
Connected to client: ('127.0.0.1', 58296)
Client handler started
Executing handler for blender_mcp_handshake
Handler execution complete
Client disconnected
Client handler stopped
Connected to client: ('127.0.0.1', 58297)
Client handler started
Executing handler for blender_mcp_handshake
Handler execution complete
Client disconnected
Client handler stopped
Connected to client: ('127.0.0.1', 58298)
Client handler started
Executing handler for blender_mcp_handshake
Handler execution complete
Client disconnected
Client handler stopped
Connected to client: ('127.0.0.1', 58299)
Client handler started
Executing handler for blender_mcp_handshake
Handler execution complete
Client disconnected
Client handler stopped
Connected to client: ('127.0.0.1', 58300)
Client handler started
Executing handler for blender_mcp_handshake
Handler execution complete
Client disconnected
Client handler stopped
Connected to client: ('127.0.0.1', 58301)
Client handler started
Executing handler for blender_mcp_handshake
Handler execution complete
Client disconnected
Client handler stopped
Connected to client: ('127.0.0.1', 58305)
Client handler started
Executing handler for claim_blender_instance
Handler execution complete
Executing handler for get_polyhaven_status
Handler execution complete
Executing handler for execute_code
Handler execution complete
Executing handler for renew_blender_instance
Handler execution complete
Executing handler for get_polyhaven_status
Handler execution complete
Executing handler for execute_code
BlenderMCP command rejected [blender_python_error]: Code execution error: StructRNA of type Camera has been removed
Connected to client: ('127.0.0.1', 58364)
Client handler started
Executing handler for blender_mcp_handshake
Handler execution complete
Client disconnected
Client handler stopped
Connected to client: ('127.0.0.1', 58367)
Client handler started
Executing handler for blender_mcp_handshake
Handler execution complete
Client disconnected
Client handler stopped
Connected to client: ('127.0.0.1', 58368)
Client handler started
Executing handler for blender_mcp_handshake
Handler execution complete
Client disconnected
Client handler stopped
Connected to client: ('127.0.0.1', 58369)
Client handler started
Executing handler for blender_mcp_handshake
Handler execution complete
Client disconnected
Client handler stopped
Connected to client: ('127.0.0.1', 58370)
Client handler started
Executing handler for blender_mcp_handshake
Handler execution complete
Client disconnected
Client handler stopped
Connected to client: ('127.0.0.1', 58371)
Client handler started
Executing handler for blender_mcp_handshake
Handler execution complete
Client disconnected
Client handler stopped
Connected to client: ('127.0.0.1', 58372)
Client handler started
Executing handler for blender_mcp_handshake
Handler execution complete
Client disconnected
Client handler stopped
Connected to client: ('127.0.0.1', 58373)
Client handler started
Executing handler for blender_mcp_handshake
Handler execution complete
Client disconnected
Client handler stopped
Connected to client: ('127.0.0.1', 58374)
Client handler started
Executing handler for blender_mcp_handshake
Handler execution complete
Client disconnected
Client handler stopped
Connected to client: ('127.0.0.1', 58375)
Client handler started
Executing handler for blender_mcp_handshake
Handler execution complete
Client disconnected
Client handler stopped
Connected to client: ('127.0.0.1', 58376)
Client handler started
Executing handler for blender_mcp_handshake
Handler execution complete
Client disconnected
Client handler stopped
Connected to client: ('127.0.0.1', 58379)
Client handler started
Executing handler for claim_blender_instance
Handler execution complete
Client disconnected
Client handler stopped
Executing handler for get_polyhaven_status
Handler execution complete
Executing handler for execute_code
Handler execution complete
Executing handler for get_polyhaven_status
Handler execution complete
Executing handler for execute_code
Handler execution complete
Executing handler for get_polyhaven_status
Handler execution complete
Executing handler for get_viewport_screenshot
Handler execution complete
Executing handler for release_blender_instance
Handler execution complete
Client disconnected
Client handler stopped
Connected to client: ('127.0.0.1', 58626)
Client handler started
Executing handler for blender_mcp_handshake
Handler execution complete
Client disconnected
Client handler stopped
Connected to client: ('127.0.0.1', 58628)
Client handler started
Executing handler for blender_mcp_handshake
Handler execution complete
Client disconnected
Client handler stopped
Connected to client: ('127.0.0.1', 58629)
Client handler started
Executing handler for blender_mcp_handshake
Handler execution complete
Client disconnected
Client handler stopped
Connected to client: ('127.0.0.1', 58630)
Client handler started
Executing handler for blender_mcp_handshake
Handler execution complete
Client disconnected
Client handler stopped
Connected to client: ('127.0.0.1', 58631)
Client handler started
Executing handler for blender_mcp_handshake
Handler execution complete
Client disconnected
Client handler stopped
Connected to client: ('127.0.0.1', 58632)
Client handler started
Executing handler for blender_mcp_handshake
Handler execution complete
Client disconnected
Client handler stopped
Connected to client: ('127.0.0.1', 58633)
Client handler started
Executing handler for blender_mcp_handshake
Handler execution complete
Client disconnected
Client handler stopped
Connected to client: ('127.0.0.1', 58634)
Client handler started
Executing handler for blender_mcp_handshake
Handler execution complete
Client disconnected
Client handler stopped
Connected to client: ('127.0.0.1', 58635)
Client handler started
Executing handler for blender_mcp_handshake
Handler execution complete
Client disconnected
Client handler stopped
Connected to client: ('127.0.0.1', 58636)
Client handler started
Executing handler for blender_mcp_handshake
Handler execution complete
Client disconnected
Client handler stopped
Connected to client: ('127.0.0.1', 58637)
Client handler started
Executing handler for blender_mcp_handshake
Handler execution complete
Client disconnected
Client handler stopped
Connected to client: ('127.0.0.1', 58643)
Client handler started
Executing handler for claim_blender_instance
Handler execution complete
Executing handler for get_polyhaven_status
Handler execution complete
Executing handler for execute_code
Handler execution complete
Executing handler for get_polyhaven_status
Handler execution complete
Executing handler for execute_code
Handler execution complete
Executing handler for renew_blender_instance
Handler execution complete
Executing handler for get_polyhaven_status
Handler execution complete
Executing handler for execute_code
Handler execution complete
Executing handler for release_blender_instance
Handler execution complete
Client disconnected
Client handler stopped
Connected to client: ('127.0.0.1', 59670)
Client handler started
Executing handler for blender_mcp_handshake
Handler execution complete
Client disconnected
Client handler stopped
Connected to client: ('127.0.0.1', 59672)
Client handler started
Executing handler for blender_mcp_handshake
Handler execution complete
Client disconnected
Client handler stopped
Connected to client: ('127.0.0.1', 59673)
Client handler started
Executing handler for blender_mcp_handshake
Handler execution complete
Client disconnected
Client handler stopped
Connected to client: ('127.0.0.1', 59674)
Client handler started
Executing handler for blender_mcp_handshake
Handler execution complete
Client disconnected
Client handler stopped
Connected to client: ('127.0.0.1', 59675)
Client handler started
Executing handler for blender_mcp_handshake
Handler execution complete
Client disconnected
Client handler stopped
Connected to client: ('127.0.0.1', 59676)
Client handler started
Executing handler for blender_mcp_handshake
Handler execution complete
Client disconnected
Client handler stopped
Connected to client: ('127.0.0.1', 59677)
Client handler started
Executing handler for blender_mcp_handshake
Handler execution complete
Client disconnected
Client handler stopped
Connected to client: ('127.0.0.1', 59678)
Client handler started
Executing handler for blender_mcp_handshake
Handler execution complete
Client disconnected
Client handler stopped
Connected to client: ('127.0.0.1', 59679)
Client handler started
Executing handler for blender_mcp_handshake
Handler execution complete
Client disconnected
Client handler stopped
Connected to client: ('127.0.0.1', 59680)
Client handler started
Executing handler for blender_mcp_handshake
Handler execution complete
Client disconnected
Client handler stopped
Connected to client: ('127.0.0.1', 59681)
Client handler started
Executing handler for blender_mcp_handshake
Handler execution complete
Client disconnected
Client handler stopped
Connected to client: ('127.0.0.1', 59705)
Client handler started
Executing handler for claim_blender_instance
Handler execution complete
Executing handler for get_polyhaven_status
Handler execution complete
Executing handler for get_runtime_automation_context
Handler execution complete
Executing handler for get_polyhaven_status
Handler execution complete
Executing handler for execute_code
Handler execution complete
Failed to send response - client disconnected
Executing handler for blender_mcp_handshake
Handler execution complete
Client disconnected
Client handler stopped
Connected to client: ('127.0.0.1', 59776)
Client handler started
Executing handler for blender_mcp_handshake
Handler execution complete
Client disconnected
Client handler stopped
Connected to client: ('127.0.0.1', 59777)
Client handler started
Executing handler for blender_mcp_handshake
Handler execution complete
Client disconnected
Client handler stopped
Connected to client: ('127.0.0.1', 59778)
Client handler started
Executing handler for blender_mcp_handshake
Handler execution complete
Client disconnected
Client handler stopped
Connected to client: ('127.0.0.1', 59779)
Client handler started
Executing handler for blender_mcp_handshake
Handler execution complete
Client disconnected
Client handler stopped
Connected to client: ('127.0.0.1', 59780)
Client handler started
Executing handler for blender_mcp_handshake
Handler execution complete
Client disconnected
Client handler stopped
Connected to client: ('127.0.0.1', 59781)
Client handler started
Executing handler for blender_mcp_handshake
Handler execution complete
Client disconnected
Client handler stopped
Connected to client: ('127.0.0.1', 59782)
Client handler started
Executing handler for blender_mcp_handshake
Handler execution complete
Client disconnected
Client handler stopped
Connected to client: ('127.0.0.1', 59783)
Client handler started
Executing handler for blender_mcp_handshake
Handler execution complete
Client disconnected
Client handler stopped
Connected to client: ('127.0.0.1', 59784)
Client handler started
Executing handler for blender_mcp_handshake
Handler execution complete
Client disconnected
Client handler stopped
Connected to client: ('127.0.0.1', 59785)
Client handler started
Executing handler for blender_mcp_handshake
Handler execution complete
Client disconnected
Client handler stopped
Connected to client: ('127.0.0.1', 59795)
Client handler started
Executing handler for claim_blender_instance
Handler execution complete
Executing handler for get_polyhaven_status
Handler execution complete
Executing handler for execute_code
Handler execution complete
Executing handler for get_polyhaven_status
Handler execution complete
Executing handler for execute_code
Handler execution complete
Executing handler for renew_blender_instance
Handler execution complete
Executing handler for get_polyhaven_status
Handler execution complete
Executing handler for execute_code
Handler execution complete
Executing handler for get_polyhaven_status
Handler execution complete
Executing handler for execute_code
Handler execution complete
Executing handler for renew_blender_instance
BlenderMCP command rejected [claim_expired]: The Blender claim expired
Connected to client: ('127.0.0.1', 59904)
Client handler started
Executing handler for claim_blender_instance
Handler execution complete
Client disconnected
Client handler stopped
Executing handler for get_polyhaven_status
Handler execution complete
Executing handler for execute_code
Handler execution complete
Executing handler for release_blender_instance
Handler execution complete
Client disconnected
Client handler stopped
Connected to client: ('127.0.0.1', 51788)
Client handler started
Executing handler for blender_mcp_handshake
Handler execution complete
Client disconnected
Client handler stopped
Connected to client: ('127.0.0.1', 51790)
Client handler started
Executing handler for blender_mcp_handshake
Handler execution complete
Client disconnected
Client handler stopped
Connected to client: ('127.0.0.1', 51791)
Client handler started
Executing handler for blender_mcp_handshake
Handler execution complete
Client disconnected
Client handler stopped
Connected to client: ('127.0.0.1', 51792)
Client handler started
Executing handler for blender_mcp_handshake
Handler execution complete
Client disconnected
Client handler stopped
Connected to client: ('127.0.0.1', 51793)
Client handler started
Executing handler for blender_mcp_handshake
Handler execution complete
Client disconnected
Client handler stopped
Connected to client: ('127.0.0.1', 51794)
Client handler started
Executing handler for blender_mcp_handshake
Handler execution complete
Client disconnected
Client handler stopped
Connected to client: ('127.0.0.1', 51795)
Client handler started
Executing handler for blender_mcp_handshake
Handler execution complete
Client disconnected
Client handler stopped
Connected to client: ('127.0.0.1', 51796)
Client handler started
Executing handler for blender_mcp_handshake
Handler execution complete
Client disconnected
Client handler stopped
Connected to client: ('127.0.0.1', 51797)
Client handler started
Executing handler for blender_mcp_handshake
Handler execution complete
Client disconnected
Client handler stopped
Connected to client: ('127.0.0.1', 51798)
Client handler started
Executing handler for blender_mcp_handshake
Handler execution complete
Client disconnected
Client handler stopped
Connected to client: ('127.0.0.1', 51799)
Client handler started
Executing handler for blender_mcp_handshake
Handler execution complete
Client disconnected
Client handler stopped
Connected to client: ('127.0.0.1', 50416)
Client handler started
Executing handler for blender_mcp_handshake
Handler execution complete
Client disconnected
Client handler stopped
Connected to client: ('127.0.0.1', 50418)
Client handler started
Executing handler for blender_mcp_handshake02:10:29.016  blend            | Writing user preferences: "C:\Users\Camer\Games\critical-shift\worktrees\facility-assembly-astra/sections/facility-assembly/production/blender-profile\userpref.blend" 
02:10:57.063  blend            | Read blend: "C:\Users\Camer\Games\critical-shift\worktrees\facility-assembly-astra\sections\facility-assembly\blender\facility_walkthrough_A08_access.blend"
02:10:57.719  blend.readfile   | Read library: 'C:\Users\Camer\Games\critical-shift\worktrees\facility-assembly-astra\sections\facility-assembly\exteriors\waste-storage\exterior-R01.blend', 'C:\Users\Camer\Games\critical-shift\worktrees\facility-assembly-astra\sections\facility-assembly\exteriors\waste-storage\exterior-R01.blend', parent '<direct>'
02:10:57.734  blend.readfile   | Read library: 'C:\Users\Camer\Games\critical-shift\worktrees\facility-assembly-astra\sections\facility-assembly\exteriors\refinery\exterior-R01.blend', 'C:\Users\Camer\Games\critical-shift\worktrees\facility-assembly-astra\sections\facility-assembly\exteriors\refinery\exterior-R01.blend', parent '<direct>'
02:10:57.781  blend.readfile   | Read library: 'C:\Users\Camer\Games\critical-shift\worktrees\facility-assembly-astra\sections\facility-assembly\exteriors\condenser-bay\exterior-R02.blend', 'C:\Users\Camer\Games\critical-shift\worktrees\facility-assembly-astra\sections\facility-assembly\exteriors\condenser-bay\exterior-R02.blend', parent '<direct>'
02:10:57.797  blend.readfile   | Read library: 'C:\Users\Camer\Games\critical-shift\worktrees\facility-assembly-astra\sections\facility-assembly\exteriors\fuel-corridor\exterior-R02.blend', 'C:\Users\Camer\Games\critical-shift\worktrees\facility-assembly-astra\sections\facility-assembly\exteriors\fuel-corridor\exterior-R02.blend', parent '<direct>'
02:10:57.797  blend.readfile   | Read library: 'C:\Users\Camer\Games\critical-shift\worktrees\facility-assembly-astra\sections\facility-assembly\exteriors\mine\exterior-R02.blend', 'C:\Users\Camer\Games\critical-shift\worktrees\facility-assembly-astra\sections\facility-assembly\exteriors\mine\exterior-R02.blend', parent '<direct>'
02:10:57.906  blend.readfile   | Read library: 'C:\Users\Camer\Games\critical-shift\worktrees\facility-assembly-astra\sections\facility-assembly\exteriors\electrical-room\exterior-R03.blend', 'C:\Users\Camer\Games\critical-shift\worktrees\facility-assembly-astra\sections\facility-assembly\exteriors\electrical-room\exterior-R03.blend', parent '<direct>'
02:10:57.906  blend.readfile   | Read library: 'C:\Users\Camer\Games\critical-shift\worktrees\facility-assembly-astra\sections\facility-assembly\exteriors\cooling-plant\exterior-R03.blend', 'C:\Users\Camer\Games\critical-shift\worktrees\facility-assembly-astra\sections\facility-assembly\exteriors\cooling-plant\exterior-R03.blend', parent '<direct>'
02:10:57.953  blend.readfile   | Read library: 'C:\Users\Camer\Games\critical-shift\worktrees\facility-assembly-astra\sections\facility-assembly\exteriors\medical-reanimation\exterior-R04.blend', 'C:\Users\Camer\Games\critical-shift\worktrees\facility-assembly-astra\sections\facility-assembly\exteriors\medical-reanimation\exterior-R04.blend', parent '<direct>'
02:10:57.953  blend.readfile   | Read library: 'C:\Users\Camer\Games\critical-shift\worktrees\facility-assembly-astra\sections\facility-assembly\exteriors\turbine-room\exterior-R04.blend', 'C:\Users\Camer\Games\critical-shift\worktrees\facility-assembly-astra\sections\facility-assembly\exteriors\turbine-room\exterior-R04.blend', parent '<direct>'
02:10:58.000  blend.readfile   | Read library: 'C:\Users\Camer\Games\critical-shift\worktrees\facility-assembly-astra\sections\facility-assembly\exteriors\spawn-room\exterior-R05.blend', 'C:\Users\Camer\Games\critical-shift\worktrees\facility-assembly-astra\sections\facility-assembly\exteriors\spawn-room\exterior-R05.blend', parent '<direct>'
02:10:58.016  blend.readfile   | Read library: 'C:\Users\Camer\Games\critical-shift\worktrees\facility-assembly-astra\sections\facility-assembly\exteriors\reactor-room\exterior-R05.blend', 'C:\Users\Camer\Games\critical-shift\worktrees\facility-assembly-astra\sections\facility-assembly\exteriors\reactor-room\exterior-R05.blend', parent '<direct>'
02:10:58.047  blend.readfile   | Read library: 'C:\Users\Camer\Games\critical-shift\worktrees\facility-assembly-astra\sections\facility-assembly\exteriors\compliance-dock\exterior-R08.blend', 'C:\Users\Camer\Games\critical-shift\worktrees\facility-assembly-astra\sections\facility-assembly\exteriors\compliance-dock\exterior-R08.blend', parent '<direct>'
02:10:58.047  blend.readfile   | Read library: 'C:\Users\Camer\Games\critical-shift\worktrees\facility-assembly-astra\sections\facility-assembly\sources\spawn-room\module.blend', '//..\sources\spawn-room\module.blend', parent '<direct>'
02:10:59.922  blend.readfile   | Read library: 'C:\Users\Camer\Games\critical-shift\worktrees\facility-assembly-astra\sections\facility-assembly\sources\fuel-corridor\module.blend', '//..\sources\fuel-corridor\module.blend', parent '<direct>'
02:11:03.188  blend.readfile   | Read library: 'C:\Users\Camer\Games\critical-shift\worktrees\facility-assembly-astra\sections\facility-assembly\sources\reactor-room\module.blend', '//..\sources\reactor-room\module.blend', parent 'C:\Users\Camer\Games\critical-shift\worktrees\facility-assembly-astra\sections\facility-assembly\exteriors\reactor-room\exterior-R05.blend'
02:11:10.578  blend.readfile   | Read library: 'C:\Users\Camer\Games\critical-shift\worktrees\facility-assembly-astra\sections\facility-assembly\sources\condenser-bay\module.blend', '//..\sources\condenser-bay\module.blend', parent '<direct>'
02:11:12.766  blend.readfile   | Read library: 'C:\Users\Camer\Games\critical-shift\worktrees\facility-assembly-astra\sections\facility-assembly\sources\electrical-room\module.blend', '//..\sources\electrical-room\module.blend', parent '<direct>'
02:11:13.906  blend.readfile   | Read library: 'C:\Users\Camer\Games\critical-shift\worktrees\facility-assembly-astra\sections\facility-assembly\sources\waste-storage\module.blend', '//..\sources\waste-storage\module.blend', parent '<direct>'
02:11:14.891  blend.readfile   | Read library: 'C:\Users\Camer\Games\critical-shift\worktrees\facility-assembly-astra\sections\facility-assembly\sources\medical-reanimation\module.blend', '//..\sources\medical-reanimation\module.blend', parent '<direct>'
02:11:15.563  blend.readfile   | Read library: 'C:\Users\Camer\Games\critical-shift\worktrees\facility-assembly-astra\sections\facility-assembly\sources\compliance-dock\module.blend', '//..\sources\compliance-dock\module.blend', parent '<direct>'
02:11:16.563  blend.readfile   | Read library: 'C:\Users\Camer\Games\critical-shift\worktrees\facility-assembly-astra\sections\facility-assembly\sources\refinery\module.blend', '//..\..\sources\refinery\module.blend', parent 'C:\Users\Camer\Games\critical-shift\worktrees\facility-assembly-astra\sections\facility-assembly\exteriors\refinery\exterior-R01.blend'
02:11:18.703  blend.readfile   | Read library: 'C:\Users\Camer\Games\critical-shift\worktrees\facility-assembly-astra\sections\facility-assembly\sources\mine\module.blend', '//..\..\sources\mine\module.blend', parent 'C:\Users\Camer\Games\critical-shift\worktrees\facility-assembly-astra\sections\facility-assembly\exteriors\mine\exterior-R02.blend'
02:11:24.141  blend.readfile   | Read library: 'C:\Users\Camer\Games\critical-shift\worktrees\facility-assembly-astra\sections\facility-assembly\sources\cooling-plant\module.blend', '//..\..\sources\cooling-plant\module.blend', parent 'C:\Users\Camer\Games\critical-shift\worktrees\facility-assembly-astra\sections\facility-assembly\exteriors\cooling-plant\exterior-R03.blend'
02:11:26.188  blend.readfile   | Read library: 'C:\Users\Camer\Games\critical-shift\worktrees\facility-assembly-astra\sections\facility-assembly\sources\turbine-room\module.blend', '//..\..\sources\turbine-room\module.blend', parent 'C:\Users\Camer\Games\critical-shift\worktrees\facility-assembly-astra\sections\facility-assembly\exteriors\turbine-room\exterior-R04.blend'

Handler execution complete
Client disconnected
Client handler stopped
Connected to client: ('127.0.0.1', 50419)
Client handler started
Executing handler for blender_mcp_handshake
Handler execution complete
Client disconnected
Client handler stopped
Connected to client: ('127.0.0.1', 50420)
Client handler started
Executing handler for blender_mcp_handshake
Handler execution complete
Client disconnected
Client handler stopped
Connected to client: ('127.0.0.1', 50421)
Client handler started
Executing handler for blender_mcp_handshake
Handler execution complete
Client disconnected
Client handler stopped
Connected to client: ('127.0.0.1', 50422)
Client handler started
Executing handler for blender_mcp_handshake
Handler execution complete
Client disconnected
Client handler stopped
Connected to client: ('127.0.0.1', 50423)
Client handler started
Executing handler for blender_mcp_handshake
Handler execution complete
Client disconnected
Client handler stopped
Connected to client: ('127.0.0.1', 50424)
Client handler started
Executing handler for blender_mcp_handshake
Handler execution complete
Client disconnected
Client handler stopped
Connected to client: ('127.0.0.1', 50425)
Client handler started
Executing handler for blender_mcp_handshake
Handler execution complete
Client disconnected
Client handler stopped
Connected to client: ('127.0.0.1', 50426)
Client handler started
Executing handler for blender_mcp_handshake
Handler execution complete
Client disconnected
Client handler stopped
Connected to client: ('127.0.0.1', 50427)
Client handler started
Executing handler for blender_mcp_handshake
Handler execution complete
Client disconnected
Client handler stopped
Connected to client: ('127.0.0.1', 50431)
Client handler started
Executing handler for claim_blender_instance
Handler execution complete
Executing handler for get_polyhaven_status
Handler execution complete
Executing handler for execute_code
Handler execution complete
Executing handler for renew_blender_instance
BlenderMCP command rejected [claim_expired]: The Blender claim expired
Connected to client: ('127.0.0.1', 50535)
Client handler started
Executing handler for claim_blender_instance
Handler execution complete
Client disconnected
Client handler stopped
Executing handler for get_polyhaven_status
Handler execution complete
Executing handler for execute_code
Handler execution complete
Executing handler for renew_blender_instance
Handler execution complete
Executing handler for get_polyhaven_status
Handler execution complete
Executing handler for execute_code
Handler execution complete
Executing handler for renew_blender_instance
BlenderMCP command rejected [claim_expired]: The Blender claim expired
Connected to client: ('127.0.0.1', 50655)
Client handler started
Executing handler for claim_blender_instance
Handler execution complete
Client disconnected
Client handler stopped
Executing handler for get_polyhaven_status
Handler execution complete
Executing handler for execute_code
Handler execution complete
Executing handler for get_polyhaven_status
Handler execution complete
Executing handler for execute_code
BlenderMCP command rejected [blender_python_error]: Code execution error: StructRNA of type Camera has been removed
Connected to client: ('127.0.0.1', 50683)
Client handler started
Executing handler for blender_mcp_handshake
Handler execution complete
Client disconnected
Client handler stopped
Connected to client: ('127.0.0.1', 50686)
Client handler started
Executing handler for blender_mcp_handshake
Handler execution complete
Client disconnected
Client handler stopped
Connected to client: ('127.0.0.1', 50687)
Client handler started
Executing handler for blender_mcp_handshake
Handler execution complete
Client disconnected
Client handler stopped
Connected to client: ('127.0.0.1', 50688)
Client handler started
Executing handler for blender_mcp_handshake
Handler execution complete
Client disconnected
Client handler stopped
Connected to client: ('127.0.0.1', 50689)
Client handler started
Executing handler for blender_mcp_handshake
Handler execution complete
Client disconnected
Client handler stopped
Connected to client: ('127.0.0.1', 50690)
Client handler started
Executing handler for blender_mcp_handshake
Handler execution complete
Client disconnected
Client handler stopped
Connected to client: ('127.0.0.1', 50691)
Client handler started
Executing handler for blender_mcp_handshake
Handler execution complete
Client disconnected
Client handler stopped
Connected to client: ('127.0.0.1', 50692)
Client handler started
Executing handler for blender_mcp_handshake
Handler execution complete
Client disconnected
Client handler stopped
Connected to client: ('127.0.0.1', 50693)
Client handler started
Executing handler for blender_mcp_handshake
Handler execution complete
Client disconnected
Client handler stopped
Connected to client: ('127.0.0.1', 50694)
Client handler started
Executing handler for blender_mcp_handshake
Handler execution complete
Client disconnected
Client handler stopped
Connected to client: ('127.0.0.1', 50695)
Client handler started
Executing handler for blender_mcp_handshake
Handler execution complete
Client disconnected
Client handler stopped
Connected to client: ('127.0.0.1', 50719)
Client handler started
Executing handler for claim_blender_instance
Handler execution complete
Client disconnected
Client handler stopped
Executing handler for get_polyhaven_status
Handler execution complete
Executing handler for execute_code
Handler execution complete
Executing handler for get_polyhaven_status
Handler execution complete
Executing handler for execute_code
Handler execution complete
Executing handler for get_polyhaven_status
Handler execution complete
Executing handler for get_viewport_screenshot
Handler execution complete
Executing handler for renew_blender_instance
Handler execution complete
Executing handler for get_polyhaven_status
Handler execution complete
Executing handler for execute_code
BlenderMCP command rejected [blender_python_error]: Code execution error: name '__file__' is not defined
Executing handler for get_polyhaven_status
Handler execution complete
Executing handler for execute_code
BlenderMCP command rejected [blender_python_error]: Code execution error: StructRNA of type Object has been removed
Executing handler for get_polyhaven_status
Handler execution complete
Executing handler for execute_code
Handler execution complete
Executing handler for renew_blender_instance
Handler execution complete
Executing handler for get_polyhaven_status
Handler execution complete
Executing handler for execute_code
Handler execution complete
Executing handler for release_blender_instance
Handler execution complete
Client disconnected
Client handler stopped
Connected to client: ('127.0.0.1', 57801)
Client handler started
Executing handler for blender_mcp_handshake
Handler execution complete
Client disconnected
Client handler stopped
Connected to client: ('127.0.0.1', 57805)
Client handler started
Executing handler for blender_mcp_handshake
Handler execution complete
Client disconnected
Client handler stopped
Connected to client: ('127.0.0.1', 57806)
Client handler started
Executing handler for blender_mcp_handshake
Handler execution complete
Client disconnected
Client handler stopped
Connected to client: ('127.0.0.1', 57807)
Client handler started
Executing handler for blender_mcp_handshake
Handler execution complete
Client disconnected
Client handler stopped
Connected to client: ('127.0.0.1', 57808)
Client handler started
Executing handler for blender_mcp_handshake
Handler execution complete
Client disconnected
Client handler stopped
Connected to client: ('127.0.0.1', 57809)
Client handler started
Executing handler for blender_mcp_handshake
Handler execution complete
Client disconnected
Client handler stopped
Connected to client: ('127.0.0.1', 57810)
Client handler started
Executing handler for blender_mcp_handshake
Handler execution complete03:06:00.734  blend            | Read blend: "C:\Users\Camer\Games\critical-shift\worktrees\facility-assembly-astra\sections\facility-assembly\blender\facility_walkthrough_A11_map_finish.blend"
03:06:01.844  blend.readfile   | Read library: 'C:\Users\Camer\Games\critical-shift\worktrees\facility-assembly-astra\sections\facility-assembly\exteriors\waste-storage\exterior-R01.blend', 'C:\Users\Camer\Games\critical-shift\worktrees\facility-assembly-astra\sections\facility-assembly\exteriors\waste-storage\exterior-R01.blend', parent '<direct>'
03:06:01.859  blend.readfile   | Read library: 'C:\Users\Camer\Games\critical-shift\worktrees\facility-assembly-astra\sections\facility-assembly\exteriors\refinery\exterior-R01.blend', 'C:\Users\Camer\Games\critical-shift\worktrees\facility-assembly-astra\sections\facility-assembly\exteriors\refinery\exterior-R01.blend', parent '<direct>'
03:06:01.906  blend.readfile   | Read library: 'C:\Users\Camer\Games\critical-shift\worktrees\facility-assembly-astra\sections\facility-assembly\exteriors\condenser-bay\exterior-R02.blend', 'C:\Users\Camer\Games\critical-shift\worktrees\facility-assembly-astra\sections\facility-assembly\exteriors\condenser-bay\exterior-R02.blend', parent '<direct>'
03:06:01.922  blend.readfile   | Read library: 'C:\Users\Camer\Games\critical-shift\worktrees\facility-assembly-astra\sections\facility-assembly\exteriors\fuel-corridor\exterior-R02.blend', 'C:\Users\Camer\Games\critical-shift\worktrees\facility-assembly-astra\sections\facility-assembly\exteriors\fuel-corridor\exterior-R02.blend', parent '<direct>'
03:06:01.938  blend.readfile   | Read library: 'C:\Users\Camer\Games\critical-shift\worktrees\facility-assembly-astra\sections\facility-assembly\exteriors\mine\exterior-R02.blend', 'C:\Users\Camer\Games\critical-shift\worktrees\facility-assembly-astra\sections\facility-assembly\exteriors\mine\exterior-R02.blend', parent '<direct>'
03:06:02.047  blend.readfile   | Read library: 'C:\Users\Camer\Games\critical-shift\worktrees\facility-assembly-astra\sections\facility-assembly\exteriors\electrical-room\exterior-R03.blend', 'C:\Users\Camer\Games\critical-shift\worktrees\facility-assembly-astra\sections\facility-assembly\exteriors\electrical-room\exterior-R03.blend', parent '<direct>'
03:06:02.063  blend.readfile   | Read library: 'C:\Users\Camer\Games\critical-shift\worktrees\facility-assembly-astra\sections\facility-assembly\exteriors\cooling-plant\exterior-R03.blend', 'C:\Users\Camer\Games\critical-shift\worktrees\facility-assembly-astra\sections\facility-assembly\exteriors\cooling-plant\exterior-R03.blend', parent '<direct>'
03:06:02.109  blend.readfile   | Read library: 'C:\Users\Camer\Games\critical-shift\worktrees\facility-assembly-astra\sections\facility-assembly\exteriors\medical-reanimation\exterior-R04.blend', 'C:\Users\Camer\Games\critical-shift\worktrees\facility-assembly-astra\sections\facility-assembly\exteriors\medical-reanimation\exterior-R04.blend', parent '<direct>'
03:06:02.109  blend.readfile   | Read library: 'C:\Users\Camer\Games\critical-shift\worktrees\facility-assembly-astra\sections\facility-assembly\exteriors\turbine-room\exterior-R04.blend', 'C:\Users\Camer\Games\critical-shift\worktrees\facility-assembly-astra\sections\facility-assembly\exteriors\turbine-room\exterior-R04.blend', parent '<direct>'
03:06:02.172  blend.readfile   | Read library: 'C:\Users\Camer\Games\critical-shift\worktrees\facility-assembly-astra\sections\facility-assembly\exteriors\spawn-room\exterior-R05.blend', 'C:\Users\Camer\Games\critical-shift\worktrees\facility-assembly-astra\sections\facility-assembly\exteriors\spawn-room\exterior-R05.blend', parent '<direct>'
03:06:02.188  blend.readfile   | Read library: 'C:\Users\Camer\Games\critical-shift\worktrees\facility-assembly-astra\sections\facility-assembly\exteriors\reactor-room\exterior-R05.blend', 'C:\Users\Camer\Games\critical-shift\worktrees\facility-assembly-astra\sections\facility-assembly\exteriors\reactor-room\exterior-R05.blend', parent '<direct>'
03:06:02.219  blend.readfile   | Read library: 'C:\Users\Camer\Games\critical-shift\worktrees\facility-assembly-astra\sections\facility-assembly\exteriors\compliance-dock\exterior-R08.blend', 'C:\Users\Camer\Games\critical-shift\worktrees\facility-assembly-astra\sections\facility-assembly\exteriors\compliance-dock\exterior-R08.blend', parent '<direct>'
03:06:02.234  blend.readfile   | Read library: 'C:\Users\Camer\Games\critical-shift\worktrees\facility-assembly-astra\sections\facility-assembly\sources\spawn-room\module.blend', '//..\sources\spawn-room\module.blend', parent '<direct>'
03:06:04.625  blend.readfile   | Read library: 'C:\Users\Camer\Games\critical-shift\worktrees\facility-assembly-astra\sections\facility-assembly\sources\fuel-corridor\module.blend', '//..\sources\fuel-corridor\module.blend', parent '<direct>'
03:06:08.484  blend.readfile   | Read library: 'C:\Users\Camer\Games\critical-shift\worktrees\facility-assembly-astra\sections\facility-assembly\sources\reactor-room\module.blend', '//..\sources\reactor-room\module.blend', parent '<direct>'
03:06:17.313  blend.readfile   | Read library: 'C:\Users\Camer\Games\critical-shift\worktrees\facility-assembly-astra\sections\facility-assembly\sources\condenser-bay\module.blend', '//..\sources\condenser-bay\module.blend', parent '<direct>'
03:06:19.609  blend.readfile   | Read library: 'C:\Users\Camer\Games\critical-shift\worktrees\facility-assembly-astra\sections\facility-assembly\sources\electrical-room\module.blend', '//..\sources\electrical-room\module.blend', parent '<direct>'
03:06:20.750  blend.readfile   | Read library: 'C:\Users\Camer\Games\critical-shift\worktrees\facility-assembly-astra\sections\facility-assembly\sources\waste-storage\module.blend', '//..\sources\waste-storage\module.blend', parent '<direct>'
03:06:21.734  blend.readfile   | Read library: 'C:\Users\Camer\Games\critical-shift\worktrees\facility-assembly-astra\sections\facility-assembly\sources\medical-reanimation\module.blend', '//..\sources\medical-reanimation\module.blend', parent '<direct>'
03:06:22.453  blend.readfile   | Read library: 'C:\Users\Camer\Games\critical-shift\worktrees\facility-assembly-astra\sections\facility-assembly\sources\compliance-dock\module.blend', '//..\sources\compliance-dock\module.blend', parent '<direct>'
03:06:23.516  blend.readfile   | Read library: 'C:\Users\Camer\Games\critical-shift\worktrees\facility-assembly-astra\sections\facility-assembly\sources\refinery\module.blend', '//..\..\sources\refinery\module.blend', parent 'C:\Users\Camer\Games\critical-shift\worktrees\facility-assembly-astra\sections\facility-assembly\exteriors\refinery\exterior-R01.blend'
03:06:25.578  blend.readfile   | Read library: 'C:\Users\Camer\Games\critical-shift\worktrees\facility-assembly-astra\sections\facility-assembly\sources\mine\module.blend', '//..\..\sources\mine\module.blend', parent 'C:\Users\Camer\Games\critical-shift\worktrees\facility-assembly-astra\sections\facility-assembly\exteriors\mine\exterior-R02.blend'
03:06:30.313  blend.readfile   | Read library: 'C:\Users\Camer\Games\critical-shift\worktrees\facility-assembly-astra\sections\facility-assembly\sources\cooling-plant\module.blend', '//..\..\sources\cooling-plant\module.blend', parent 'C:\Users\Camer\Games\critical-shift\worktrees\facility-assembly-astra\sections\facility-assembly\exteriors\cooling-plant\exterior-R03.blend'
03:06:32.094  blend.readfile   | Read library: 'C:\Users\Camer\Games\critical-shift\worktrees\facility-assembly-astra\sections\facility-assembly\sources\turbine-room\module.blend', '//..\..\sources\turbine-room\module.blend', parent 'C:\Users\Camer\Games\critical-shift\worktrees\facility-assembly-astra\sections\facility-assembly\exteriors\turbine-room\exterior-R04.blend'
03:26:05.906  blend            | Read blend: "C:\Users\Camer\Games\critical-shift\worktrees\facility-assembly-astra\sections\facility-assembly\blender\facility_walkthrough_A12_complete.blend"
03:26:06.641  blend.readfile   | Read library: 'C:\Users\Camer\Games\critical-shift\worktrees\facility-assembly-astra\sections\facility-assembly\exteriors\waste-storage\exterior-R01.blend', 'C:\Users\Camer\Games\critical-shift\worktrees\facility-assembly-astra\sections\facility-assembly\exteriors\waste-storage\exterior-R01.blend', parent '<direct>'
03:26:06.641  blend.readfile   | Read library: 'C:\Users\Camer\Games\critical-shift\worktrees\facility-assembly-astra\sections\facility-assembly\exteriors\refinery\exterior-R01.blend', 'C:\Users\Camer\Games\critical-shift\worktrees\facility-assembly-astra\sections\facility-assembly\exteriors\refinery\exterior-R01.blend', parent '<direct>'
03:26:06.703  blend.readfile   | Read library: 'C:\Users\Camer\Games\critical-shift\worktrees\facility-assembly-astra\sections\facility-assembly\exteriors\condenser-bay\exterior-R02.blend', 'C:\Users\Camer\Games\critical-shift\worktrees\facility-assembly-astra\sections\facility-assembly\exteriors\condenser-bay\exterior-R02.blend', parent '<direct>'
03:26:06.703  blend.readfile   | Read library: 'C:\Users\Camer\Games\critical-shift\worktrees\facility-assembly-astra\sections\facility-assembly\exteriors\fuel-corridor\exterior-R02.blend', 'C:\Users\Camer\Games\critical-shift\worktrees\facility-assembly-astra\sections\facility-assembly\exteriors\fuel-corridor\exterior-R02.blend', parent '<direct>'
03:26:06.719  blend.readfile   | Read library: 'C:\Users\Camer\Games\critical-shift\worktrees\facility-assembly-astra\sections\facility-assembly\exteriors\mine\exterior-R02.blend', 'C:\Users\Camer\Games\critical-shift\worktrees\facility-assembly-astra\sections\facility-assembly\exteriors\mine\exterior-R02.blend', parent '<direct>'
03:26:06.828  blend.readfile   | Read library: 'C:\Users\Camer\Games\critical-shift\worktrees\facility-assembly-astra\sections\facility-assembly\exteriors\electrical-room\exterior-R03.blend', 'C:\Users\Camer\Games\critical-shift\worktrees\facility-assembly-astra\sections\facility-assembly\exteriors\electrical-room\exterior-R03.blend', parent '<direct>'
03:26:06.828  blend.readfile   | Read library: 'C:\Users\Camer\Games\critical-shift\worktrees\facility-assembly-astra\sections\facility-assembly\exteriors\cooling-plant\exterior-R03.blend', 'C:\Users\Camer\Games\critical-shift\worktrees\facility-assembly-astra\sections\facility-assembly\exteriors\cooling-plant\exterior-R03.blend', parent '<direct>'
03:26:06.875  blend.readfile   | Read library: 'C:\Users\Camer\Games\critical-shift\worktrees\facility-assembly-astra\sections\facility-assembly\exteriors\medical-reanimation\exterior-R04.blend', 'C:\Users\Camer\Games\critical-shift\worktrees\facility-assembly-astra\sections\facility-assembly\exteriors\medical-reanimation\exterior-R04.blend', parent '<direct>'
03:26:06.875  blend.readfile   | Read library: 'C:\Users\Camer\Games\critical-shift\worktrees\facility-assembly-astra\sections\facility-assembly\exteriors\turbine-room\exterior-R04.blend', 'C:\Users\Camer\Games\critical-shift\worktrees\facility-assembly-astra\sections\facility-assembly\exteriors\turbine-room\exterior-R04.blend', parent '<direct>'
03:26:06.922  blend.readfile   | Read library: 'C:\Users\Camer\Games\critical-shift\worktrees\facility-assembly-astra\sections\facility-assembly\exteriors\spawn-room\exterior-R05.blend', 'C:\Users\Camer\Games\critical-shift\worktrees\facility-assembly-astra\sections\facility-assembly\exteriors\spawn-room\exterior-R05.blend', parent '<direct>'
03:26:06.938  blend.readfile   | Read library: 'C:\Users\Camer\Games\critical-shift\worktrees\facility-assembly-astra\sections\facility-assembly\exteriors\reactor-room\exterior-R05.blend', 'C:\Users\Camer\Games\critical-shift\worktrees\facility-assembly-astra\sections\facility-assembly\exteriors\reactor-room\exterior-R05.blend', parent '<direct>'
03:26:06.969  blend.readfile   | Read library: 'C:\Users\Camer\Games\critical-shift\worktrees\facility-assembly-astra\sections\facility-assembly\exteriors\compliance-dock\exterior-R08.blend', 'C:\Users\Camer\Games\critical-shift\worktrees\facility-assembly-astra\sections\facility-assembly\exteriors\compliance-dock\exterior-R08.blend', parent '<direct>'
03:26:06.969  blend.readfile   | Read library: 'C:\Users\Camer\Games\critical-shift\worktrees\facility-assembly-astra\sections\facility-assembly\sources\spawn-room\module.blend', '//..\sources\spawn-room\module.blend', parent '<direct>'
03:26:08.969  blend.readfile   | Read library: 'C:\Users\Camer\Games\critical-shift\worktrees\facility-assembly-astra\sections\facility-assembly\sources\fuel-corridor\module.blend', '//..\sources\fuel-corridor\module.blend', parent '<direct>'
03:26:12.609  blend.readfile   | Read library: 'C:\Users\Camer\Games\critical-shift\worktrees\facility-assembly-astra\sections\facility-assembly\sources\reactor-room\module.blend', '//..\sources\reactor-room\module.blend', parent '<direct>'
03:26:20.703  blend.readfile   | Read library: 'C:\Users\Camer\Games\critical-shift\worktrees\facility-assembly-astra\sections\facility-assembly\sources\condenser-bay\module.blend', '//..\sources\condenser-bay\module.blend', parent '<direct>'
03:26:22.984  blend.readfile   | Read library: 'C:\Users\Camer\Games\critical-shift\worktrees\facility-assembly-astra\sections\facility-assembly\sources\electrical-room\module.blend', '//..\sources\electrical-room\module.blend', parent '<direct>'
03:26:24.109  blend.readfile   | Read library: 'C:\Users\Camer\Games\critical-shift\worktrees\facility-assembly-astra\sections\facility-assembly\sources\waste-storage\module.blend', '//..\sources\waste-storage\module.blend', parent '<direct>'
03:26:25.078  blend.readfile   | Read library: 'C:\Users\Camer\Games\critical-shift\worktrees\facility-assembly-astra\sections\facility-assembly\sources\medical-reanimation\module.blend', '//..\sources\medical-reanimation\module.blend', parent '<direct>'
03:26:25.766  blend.readfile   | Read library: 'C:\Users\Camer\Games\critical-shift\worktrees\facility-assembly-astra\sections\facility-assembly\sources\compliance-dock\module.blend', '//..\sources\compliance-dock\module.blend', parent '<direct>'
03:26:26.828  blend.readfile   | Read library: 'C:\Users\Camer\Games\critical-shift\worktrees\facility-assembly-astra\sections\facility-assembly\sources\refinery\module.blend', '//..\..\sources\refinery\module.blend', parent 'C:\Users\Camer\Games\critical-shift\worktrees\facility-assembly-astra\sections\facility-assembly\exteriors\refinery\exterior-R01.blend'
03:26:28.875  blend.readfile   | Read library: 'C:\Users\Camer\Games\critical-shift\worktrees\facility-assembly-astra\sections\facility-assembly\sources\mine\module.blend', '//..\..\sources\mine\module.blend', parent 'C:\Users\Camer\Games\critical-shift\worktrees\facility-assembly-astra\sections\facility-assembly\exteriors\mine\exterior-R02.blend'
03:26:33.625  blend.readfile   | Read library: 'C:\Users\Camer\Games\critical-shift\worktrees\facility-assembly-astra\sections\facility-assembly\sources\cooling-plant\module.blend', '//..\..\sources\cooling-plant\module.blend', parent 'C:\Users\Camer\Games\critical-shift\worktrees\facility-assembly-astra\sections\facility-assembly\exteriors\cooling-plant\exterior-R03.blend'
03:26:35.391  blend.readfile   | Read library: 'C:\Users\Camer\Games\critical-shift\worktrees\facility-assembly-astra\sections\facility-assembly\sources\turbine-room\module.blend', '//..\..\sources\turbine-room\module.blend', parent 'C:\Users\Camer\Games\critical-shift\worktrees\facility-assembly-astra\sections\facility-assembly\exteriors\turbine-room\exterior-R04.blend'

Client disconnected
Client handler stopped
Connected to client: ('127.0.0.1', 57811)
Client handler started
Executing handler for blender_mcp_handshake
Handler execution complete
Client disconnected
Client handler stopped
Connected to client: ('127.0.0.1', 57812)
Client handler started
Executing handler for blender_mcp_handshake
Handler execution complete
Client disconnected
Client handler stopped
Connected to client: ('127.0.0.1', 57813)
Client handler started
Executing handler for blender_mcp_handshake
Handler execution complete
Client disconnected
Client handler stopped
Connected to client: ('127.0.0.1', 57814)
Client handler started
Executing handler for blender_mcp_handshake
Handler execution complete
Client disconnected
Client handler stopped
Connected to client: ('127.0.0.1', 57845)
Client handler started
Executing handler for claim_blender_instance
Handler execution complete
Executing handler for get_polyhaven_status
Handler execution complete
Executing handler for execute_code
Handler execution complete
Executing handler for get_polyhaven_status
Handler execution complete
Executing handler for execute_code
BlenderMCP command rejected [blender_python_error]: Code execution error: StructRNA of type Camera has been removed
Connected to client: ('127.0.0.1', 57890)
Client handler started
Executing handler for blender_mcp_handshake
Handler execution complete
Client disconnected
Client handler stopped
Connected to client: ('127.0.0.1', 57892)
Client handler started
Executing handler for blender_mcp_handshake
Handler execution complete
Client disconnected
Client handler stopped
Connected to client: ('127.0.0.1', 57893)
Client handler started
Executing handler for blender_mcp_handshake
Handler execution complete
Client disconnected
Client handler stopped
Connected to client: ('127.0.0.1', 57894)
Client handler started
Executing handler for blender_mcp_handshake
Handler execution complete
Client disconnected
Client handler stopped
Connected to client: ('127.0.0.1', 57895)
Client handler started
Executing handler for blender_mcp_handshake
Handler execution complete
Client disconnected
Client handler stopped
Connected to client: ('127.0.0.1', 57896)
Client handler started
Executing handler for blender_mcp_handshake
Handler execution complete
Client disconnected
Client handler stopped
Connected to client: ('127.0.0.1', 57897)
Client handler started
Executing handler for blender_mcp_handshake
Handler execution complete
Client disconnected
Client handler stopped
Connected to client: ('127.0.0.1', 57898)
Client handler started
Executing handler for blender_mcp_handshake
Handler execution complete
Client disconnected
Client handler stopped
Connected to client: ('127.0.0.1', 57899)
Client handler started
Executing handler for blender_mcp_handshake
Handler execution complete
Client disconnected
Client handler stopped
Connected to client: ('127.0.0.1', 57900)
Client handler started
Executing handler for blender_mcp_handshake
Handler execution complete
Client disconnected
Client handler stopped
Connected to client: ('127.0.0.1', 57901)
Client handler started
Executing handler for blender_mcp_handshake
Handler execution complete
Client disconnected
Client handler stopped
Connected to client: ('127.0.0.1', 57907)
Client handler started
Executing handler for claim_blender_instance
Handler execution complete
Client disconnected
Client handler stopped
Executing handler for get_polyhaven_status
Handler execution complete
Executing handler for execute_code
Handler execution complete
Executing handler for get_polyhaven_status
Handler execution complete
Executing handler for execute_code
Handler execution complete
Executing handler for release_blender_instance
Handler execution complete
Client disconnected
Client handler stopped
Connected to client: ('127.0.0.1', 49221)
Client handler started
Executing handler for claim_blender_instance
Handler execution complete
Executing handler for get_polyhaven_status
Handler execution complete
Executing handler for execute_code
Handler execution complete
Executing handler for get_polyhaven_status
Handler execution complete
Executing handler for execute_code
Handler execution complete
Executing handler for release_blender_instance
Handler execution complete
Client disconnected
Client handler stopped
Connected to client: ('127.0.0.1', 54234)
Client handler started
Executing handler for blender_mcp_handshake
Handler execution complete
Client disconnected
Client handler stopped
Connected to client: ('127.0.0.1', 54237)
Client handler started
Executing handler for blender_mcp_handshake
Handler execution complete
Client disconnected
Client handler stopped
Connected to client: ('127.0.0.1', 54238)
Client handler started
Executing handler for blender_mcp_handshake
Handler execution complete
Client disconnected
Client handler stopped
Connected to client: ('127.0.0.1', 54239)
Client handler started
Executing handler for blender_mcp_handshake
Handler execution complete
Client disconnected
Client handler stopped
Connected to client: ('127.0.0.1', 54240)
Client handler started
Executing handler for blender_mcp_handshake
Handler execution complete
Client disconnected
Client handler stopped
Connected to client: ('127.0.0.1', 54241)
Client handler started
Executing handler for blender_mcp_handshake
Handler execution complete
Client disconnected
Client handler stopped
Connected to client: ('127.0.0.1', 54242)
Client handler started
Executing handler for blender_mcp_handshake
Handler execution complete
Client disconnected
Client handler stopped
Connected to client: ('127.0.0.1', 54243)
Client handler started
Executing handler for blender_mcp_handshake
Handler execution complete
Client disconnected
Client handler stopped
Connected to client: ('127.0.0.1', 54244)
Client handler started
Executing handler for blender_mcp_handshake
Handler execution complete
Client disconnected
Client handler stopped
Connected to client: ('127.0.0.1', 54245)
Client handler started
Executing handler for blender_mcp_handshake
Handler execution complete
Client disconnected
Client handler stopped
Connected to client: ('127.0.0.1', 54246)
Client handler started
Executing handler for blender_mcp_handshake
Handler execution complete
Client disconnected
Client handler stopped
Connected to client: ('127.0.0.1', 64678)
Client handler started
Executing handler for claim_blender_instance
Handler execution complete
Executing handler for get_polyhaven_status
Handler execution complete
Executing handler for execute_code
BlenderMCP command rejected [blender_python_error]: Code execution error: StructRNA of type Camera has been removed
Connected to client: ('127.0.0.1', 64708)
Client handler started
Executing handler for blender_mcp_handshake
Handler execution complete
Client disconnected
Client handler stopped
Connected to client: ('127.0.0.1', 64711)
Client handler started
Executing handler for blender_mcp_handshake
Handler execution complete
Client disconnected
Client handler stopped
Connected to client: ('127.0.0.1', 64712)
Client handler started
Executing handler for blender_mcp_handshake
Handler execution complete
Client disconnected
Client handler stopped
Connected to client: ('127.0.0.1', 64713)
Client handler started
Executing handler for blender_mcp_handshake
Handler execution complete
Client disconnected
Client handler stopped
Connected to client: ('127.0.0.1', 64714)
Client handler started
Executing handler for blender_mcp_handshake
Handler execution complete
Client disconnected
Client handler stopped
Connected to client: ('127.0.0.1', 64715)
Client handler started
Executing handler for blender_mcp_handshake
Handler execution complete
Client disconnected
Client handler stopped
Connected to client: ('127.0.0.1', 64716)
Client handler started
Executing handler for blender_mcp_handshake
Handler execution complete
Client disconnected
Client handler stopped
Connected to client: ('127.0.0.1', 64717)
Client handler started03:30:58.344  blend            | Read blend: "C:\Users\Camer\Games\critical-shift\worktrees\facility-assembly-astra\sections\facility-assembly\blender\facility_walkthrough_A12_complete.blend"
03:30:59.078  blend.readfile   | Read library: 'C:\Users\Camer\Games\critical-shift\worktrees\facility-assembly-astra\sections\facility-assembly\exteriors\waste-storage\exterior-R01.blend', 'C:\Users\Camer\Games\critical-shift\worktrees\facility-assembly-astra\sections\facility-assembly\exteriors\waste-storage\exterior-R01.blend', parent '<direct>'
03:30:59.078  blend.readfile   | Read library: 'C:\Users\Camer\Games\critical-shift\worktrees\facility-assembly-astra\sections\facility-assembly\exteriors\refinery\exterior-R01.blend', 'C:\Users\Camer\Games\critical-shift\worktrees\facility-assembly-astra\sections\facility-assembly\exteriors\refinery\exterior-R01.blend', parent '<direct>'
03:30:59.141  blend.readfile   | Read library: 'C:\Users\Camer\Games\critical-shift\worktrees\facility-assembly-astra\sections\facility-assembly\exteriors\condenser-bay\exterior-R02.blend', 'C:\Users\Camer\Games\critical-shift\worktrees\facility-assembly-astra\sections\facility-assembly\exteriors\condenser-bay\exterior-R02.blend', parent '<direct>'
03:30:59.141  blend.readfile   | Read library: 'C:\Users\Camer\Games\critical-shift\worktrees\facility-assembly-astra\sections\facility-assembly\exteriors\fuel-corridor\exterior-R02.blend', 'C:\Users\Camer\Games\critical-shift\worktrees\facility-assembly-astra\sections\facility-assembly\exteriors\fuel-corridor\exterior-R02.blend', parent '<direct>'
03:30:59.156  blend.readfile   | Read library: 'C:\Users\Camer\Games\critical-shift\worktrees\facility-assembly-astra\sections\facility-assembly\exteriors\mine\exterior-R02.blend', 'C:\Users\Camer\Games\critical-shift\worktrees\facility-assembly-astra\sections\facility-assembly\exteriors\mine\exterior-R02.blend', parent '<direct>'
03:30:59.266  blend.readfile   | Read library: 'C:\Users\Camer\Games\critical-shift\worktrees\facility-assembly-astra\sections\facility-assembly\exteriors\electrical-room\exterior-R03.blend', 'C:\Users\Camer\Games\critical-shift\worktrees\facility-assembly-astra\sections\facility-assembly\exteriors\electrical-room\exterior-R03.blend', parent '<direct>'
03:30:59.266  blend.readfile   | Read library: 'C:\Users\Camer\Games\critical-shift\worktrees\facility-assembly-astra\sections\facility-assembly\exteriors\cooling-plant\exterior-R03.blend', 'C:\Users\Camer\Games\critical-shift\worktrees\facility-assembly-astra\sections\facility-assembly\exteriors\cooling-plant\exterior-R03.blend', parent '<direct>'
03:30:59.313  blend.readfile   | Read library: 'C:\Users\Camer\Games\critical-shift\worktrees\facility-assembly-astra\sections\facility-assembly\exteriors\medical-reanimation\exterior-R04.blend', 'C:\Users\Camer\Games\critical-shift\worktrees\facility-assembly-astra\sections\facility-assembly\exteriors\medical-reanimation\exterior-R04.blend', parent '<direct>'
03:30:59.328  blend.readfile   | Read library: 'C:\Users\Camer\Games\critical-shift\worktrees\facility-assembly-astra\sections\facility-assembly\exteriors\turbine-room\exterior-R04.blend', 'C:\Users\Camer\Games\critical-shift\worktrees\facility-assembly-astra\sections\facility-assembly\exteriors\turbine-room\exterior-R04.blend', parent '<direct>'
03:30:59.375  blend.readfile   | Read library: 'C:\Users\Camer\Games\critical-shift\worktrees\facility-assembly-astra\sections\facility-assembly\exteriors\spawn-room\exterior-R05.blend', 'C:\Users\Camer\Games\critical-shift\worktrees\facility-assembly-astra\sections\facility-assembly\exteriors\spawn-room\exterior-R05.blend', parent '<direct>'
03:30:59.375  blend.readfile   | Read library: 'C:\Users\Camer\Games\critical-shift\worktrees\facility-assembly-astra\sections\facility-assembly\exteriors\reactor-room\exterior-R05.blend', 'C:\Users\Camer\Games\critical-shift\worktrees\facility-assembly-astra\sections\facility-assembly\exteriors\reactor-room\exterior-R05.blend', parent '<direct>'
03:30:59.406  blend.readfile   | Read library: 'C:\Users\Camer\Games\critical-shift\worktrees\facility-assembly-astra\sections\facility-assembly\exteriors\compliance-dock\exterior-R08.blend', 'C:\Users\Camer\Games\critical-shift\worktrees\facility-assembly-astra\sections\facility-assembly\exteriors\compliance-dock\exterior-R08.blend', parent '<direct>'
03:30:59.422  blend.readfile   | Read library: 'C:\Users\Camer\Games\critical-shift\worktrees\facility-assembly-astra\sections\facility-assembly\sources\spawn-room\module.blend', '//..\sources\spawn-room\module.blend', parent '<direct>'
03:31:01.438  blend.readfile   | Read library: 'C:\Users\Camer\Games\critical-shift\worktrees\facility-assembly-astra\sections\facility-assembly\sources\fuel-corridor\module.blend', '//..\sources\fuel-corridor\module.blend', parent '<direct>'
03:31:05.078  blend.readfile   | Read library: 'C:\Users\Camer\Games\critical-shift\worktrees\facility-assembly-astra\sections\facility-assembly\sources\reactor-room\module.blend', '//..\sources\reactor-room\module.blend', parent '<direct>'
03:31:13.281  blend.readfile   | Read library: 'C:\Users\Camer\Games\critical-shift\worktrees\facility-assembly-astra\sections\facility-assembly\sources\condenser-bay\module.blend', '//..\sources\condenser-bay\module.blend', parent '<direct>'
03:31:15.625  blend.readfile   | Read library: 'C:\Users\Camer\Games\critical-shift\worktrees\facility-assembly-astra\sections\facility-assembly\sources\electrical-room\module.blend', '//..\sources\electrical-room\module.blend', parent '<direct>'
03:31:16.797  blend.readfile   | Read library: 'C:\Users\Camer\Games\critical-shift\worktrees\facility-assembly-astra\sections\facility-assembly\sources\waste-storage\module.blend', '//..\sources\waste-storage\module.blend', parent '<direct>'
03:31:17.797  blend.readfile   | Read library: 'C:\Users\Camer\Games\critical-shift\worktrees\facility-assembly-astra\sections\facility-assembly\sources\medical-reanimation\module.blend', '//..\sources\medical-reanimation\module.blend', parent '<direct>'
03:31:18.516  blend.readfile   | Read library: 'C:\Users\Camer\Games\critical-shift\worktrees\facility-assembly-astra\sections\facility-assembly\sources\compliance-dock\module.blend', '//..\sources\compliance-dock\module.blend', parent '<direct>'
03:31:19.594  blend.readfile   | Read library: 'C:\Users\Camer\Games\critical-shift\worktrees\facility-assembly-astra\sections\facility-assembly\sources\refinery\module.blend', '//..\..\sources\refinery\module.blend', parent 'C:\Users\Camer\Games\critical-shift\worktrees\facility-assembly-astra\sections\facility-assembly\exteriors\refinery\exterior-R01.blend'
03:31:21.703  blend.readfile   | Read library: 'C:\Users\Camer\Games\critical-shift\worktrees\facility-assembly-astra\sections\facility-assembly\sources\mine\module.blend', '//..\..\sources\mine\module.blend', parent 'C:\Users\Camer\Games\critical-shift\worktrees\facility-assembly-astra\sections\facility-assembly\exteriors\mine\exterior-R02.blend'
03:31:26.406  blend.readfile   | Read library: 'C:\Users\Camer\Games\critical-shift\worktrees\facility-assembly-astra\sections\facility-assembly\sources\cooling-plant\module.blend', '//..\..\sources\cooling-plant\module.blend', parent 'C:\Users\Camer\Games\critical-shift\worktrees\facility-assembly-astra\sections\facility-assembly\exteriors\cooling-plant\exterior-R03.blend'
03:31:28.219  blend.readfile   | Read library: 'C:\Users\Camer\Games\critical-shift\worktrees\facility-assembly-astra\sections\facility-assembly\sources\turbine-room\module.blend', '//..\..\sources\turbine-room\module.blend', parent 'C:\Users\Camer\Games\critical-shift\worktrees\facility-assembly-astra\sections\facility-assembly\exteriors\turbine-room\exterior-R04.blend'
