00:00.684  blend            | Read blend: "/workspace/fuel-ci/sections/facility-assembly/blender/facility_environment.blend"
Info: Read library: '/workspace/fuel-ci/sections/facility-assembly/exteriors/compliance-dock/exterior-R08.blend', '//..\exteriors\compliance-dock\exterior-R08.blend', parent '<direct>'
Info: Read library: '/workspace/fuel-ci/sections/facility-assembly/blender/facility_spawn_material_preview_R17.blend', '//facility_spawn_material_preview_R17.blend', parent '<direct>'
Info: Read library: '/workspace/fuel-ci/sections/facility-assembly/sources/compliance-dock/module.blend', '//..\sources\compliance-dock\module.blend', parent '<direct>'
Info: Read library: '/workspace/fuel-ci/sections/facility-assembly/sources/cooling-plant/module.blend', '//..\sources\cooling-plant\module.blend', parent '<direct>'
Info: Read library: '/workspace/fuel-ci/sections/facility-assembly/sources/electrical-room/module.blend', '//..\sources\electrical-room\module.blend', parent '<direct>'
Info: Read library: '/workspace/fuel-ci/sections/facility-assembly/sources/fuel-corridor/module.blend', '//..\sources\fuel-corridor\module.blend', parent '<direct>'
Info: Read library: '/workspace/fuel-ci/sections/facility-assembly/sources/medical-reanimation/module.blend', '//..\sources\medical-reanimation\module.blend', parent '<direct>'
Info: Read library: '/workspace/fuel-ci/sections/facility-assembly/sources/mine/module.blend', '//..\sources\mine\module.blend', parent '<direct>'
Info: Read library: '/workspace/fuel-ci/sections/facility-assembly/sources/reactor-room/module.blend', '//..\sources\reactor-room\module.blend', parent '<direct>'
Info: Read library: '/workspace/fuel-ci/sections/facility-assembly/sources/refinery/module.blend', '//..\sources\refinery\module.blend', parent '<direct>'
Info: Read library: '/workspace/fuel-ci/sections/facility-assembly/sources/spawn-room/module.blend', '//..\sources\spawn-room\module.blend', parent '<direct>'
Info: Read library: '/workspace/fuel-ci/sections/facility-assembly/sources/turbine-room/module.blend', '//..\sources\turbine-room\module.blend', parent '<direct>'
Info: Read library: '/workspace/fuel-ci/sections/facility-assembly/sources/waste-storage/module.blend', '//..\sources\waste-storage\module.blend', parent '<direct>'
Info: Read library: '/workspace/fuel-ci/sections/facility-assembly/sources/condenser-bay/module.blend', '//..\sources\condenser-bay\module.blend', parent '/workspace/fuel-ci/sections/facility-assembly/blender/facility_spawn_material_preview_R17.blend'
Info: Read library: '/workspace/fuel-ci/sections/facility-assembly/exteriors/condenser-bay/exterior-R02.blend', '//../exteriors/condenser-bay/exterior-R02.blend', parent '/workspace/fuel-ci/sections/facility-assembly/blender/facility_spawn_material_preview_R17.blend'
Info: Read library: '/workspace/fuel-ci/sections/facility-assembly/exteriors/cooling-plant/exterior-R03.blend', '//../exteriors/cooling-plant/exterior-R03.blend', parent '/workspace/fuel-ci/sections/facility-assembly/blender/facility_spawn_material_preview_R17.blend'
Info: Read library: '/workspace/fuel-ci/sections/facility-assembly/exteriors/electrical-room/exterior-R03.blend', '//../exteriors/electrical-room/exterior-R03.blend', parent '/workspace/fuel-ci/sections/facility-assembly/blender/facility_spawn_material_preview_R17.blend'
Info: Read library: '/workspace/fuel-ci/sections/facility-assembly/exteriors/fuel-corridor/exterior-R02.blend', '//../exteriors/fuel-corridor/exterior-R02.blend', parent '/workspace/fuel-ci/sections/facility-assembly/blender/facility_spawn_material_preview_R17.blend'
Info: Read library: '/workspace/fuel-ci/sections/facility-assembly/exteriors/medical-reanimation/exterior-R04.blend', '//../exteriors/medical-reanimation/exterior-R04.blend', parent '/workspace/fuel-ci/sections/facility-assembly/blender/facility_spawn_material_preview_R17.blend'
Info: Read library: '/workspace/fuel-ci/sections/facility-assembly/exteriors/reactor-room/exterior-R05.blend', '//../exteriors/reactor-room/exterior-R05.blend', parent '/workspace/fuel-ci/sections/facility-assembly/blender/facility_spawn_material_preview_R17.blend'
Info: Read library: '/workspace/fuel-ci/sections/facility-assembly/exteriors/refinery/exterior-R01.blend', '//../exteriors/refinery/exterior-R01.blend', parent '/workspace/fuel-ci/sections/facility-assembly/blender/facility_spawn_material_preview_R17.blend'
Info: Read library: '/workspace/fuel-ci/sections/facility-assembly/exteriors/spawn-room/exterior-R05.blend', '//../exteriors/spawn-room/exterior-R05.blend', parent '/workspace/fuel-ci/sections/facility-assembly/blender/facility_spawn_material_preview_R17.blend'
Info: Read library: '/workspace/fuel-ci/sections/facility-assembly/exteriors/turbine-room/exterior-R04.blend', '//../exteriors/turbine-room/exterior-R04.blend', parent '/workspace/fuel-ci/sections/facility-assembly/blender/facility_spawn_material_preview_R17.blend'
Info: Read library: '/workspace/fuel-ci/sections/facility-assembly/exteriors/waste-storage/exterior-R01.blend', '//../exteriors/waste-storage/exterior-R01.blend', parent '/workspace/fuel-ci/sections/facility-assembly/blender/facility_spawn_material_preview_R17.blend'
Info: LIB: Object: 'BELONG_01_fold_0' missing from '/workspace/fuel-ci/sections/facility-assembly/sources/spawn-room/module.blend', parent '<direct>'
Info: LIB: Object: 'BELONG_01_fold_0_contact_00' missing from '/workspace/fuel-ci/sections/facility-assembly/sources/spawn-room/module.blend', parent '<direct>'
Info: LIB: Object: 'BELONG_01_fold_0_fold_edge' missing from '/workspace/fuel-ci/sections/facility-assembly/sources/spawn-room/module.blend', parent '<direct>'
Info: LIB: Object: 'BELONG_01_fold_0_fold_edge.001' missing from '/workspace/fuel-ci/sections/facility-assembly/sources/spawn-room/module.blend', parent '<direct>'
Info: LIB: Object: 'BELONG_01_fold_0_folded_fabric' missing from '/workspace/fuel-ci/sections/facility-assembly/sources/spawn-room/module.blend', parent '<direct>'
Info: LIB: Object: 'BELONG_01_fold_1' missing from '/workspace/fuel-ci/sections/facility-assembly/sources/spawn-room/module.blend', parent '<direct>'
Info: LIB: Object: 'BELONG_01_fold_1_contact_00' missing from '/workspace/fuel-ci/sections/facility-assembly/sources/spawn-room/module.blend', parent '<direct>'
Info: LIB: Object: 'BELONG_01_fold_1_fold_edge' missing from '/workspace/fuel-ci/sections/facility-assembly/sources/spawn-room/module.blend', parent '<direct>'
Info: LIB: Object: 'BELONG_01_fold_1_fold_edge.001' missing from '/workspace/fuel-ci/sections/facility-assembly/sources/spawn-room/module.blend', parent '<direct>'
Info: LIB: Object: 'BELONG_01_fold_1_folded_fabric' missing from '/workspace/fuel-ci/sections/facility-assembly/sources/spawn-room/module.blend', parent '<direct>'
Info: LIB: Object: 'BELONG_01_hanger_0' missing from '/workspace/fuel-ci/sections/facility-assembly/sources/spawn-room/module.blend', parent '<direct>'
Info: LIB: Object: 'BELONG_01_hanger_0_contact_00' missing from '/workspace/fuel-ci/sections/facility-assembly/sources/spawn-room/module.blend', parent '<direct>'
Info: LIB: Object: 'BELONG_01_hanger_0_crossbar' missing from '/workspace/fuel-ci/sections/facility-assembly/sources/spawn-room/module.blend', parent '<direct>'
Info: LIB: Object: 'BELONG_01_hanger_0_hook' missing from '/workspace/fuel-ci/sections/facility-assembly/sources/spawn-room/module.blend', parent '<direct>'
Info: LIB: Object: 'BELONG_01_hanger_0_shoulders' missing from '/workspace/fuel-ci/sections/facility-assembly/sources/spawn-room/module.blend', parent '<direct>'
Info: LIB: Object: 'BELONG_01_hanger_1' missing from '/workspace/fuel-ci/sections/facility-assembly/sources/spawn-room/module.blend', parent '<direct>'
Info: LIB: Object: 'BELONG_01_hanger_1_contact_00' missing from '/workspace/fuel-ci/sections/facility-assembly/sources/spawn-room/module.blend', parent '<direct>'
Info: LIB: Object: 'BELONG_01_hanger_1_crossbar' missing from '/workspace/fuel-ci/sections/facility-assembly/sources/spawn-room/module.blend', parent '<direct>'
Info: LIB: Object: 'BELONG_01_hanger_1_hook' missing from '/workspace/fuel-ci/sections/facility-assembly/sources/spawn-room/module.blend', parent '<direct>'
Info: LIB: Object: 'BELONG_01_hanger_1_shoulders' missing from '/workspace/fuel-ci/sections/facility-assembly/sources/spawn-room/module.blend', parent '<direct>'
Info: LIB: Object: 'BELONG_01_hanger_2' missing from '/workspace/fuel-ci/sections/facility-assembly/sources/spawn-room/module.blend', parent '<direct>'
Info: LIB: Object: 'BELONG_01_hanger_2_contact_00' missing from '/workspace/fuel-ci/sections/facility-assembly/sources/spawn-room/module.blend', parent '<direct>'
Info: LIB: Object: 'BELONG_01_hanger_2_crossbar' missing from '/workspace/fuel-ci/sections/facility-assembly/sources/spawn-room/module.blend', parent '<direct>'
Info: LIB: Object: 'BELONG_01_hanger_2_hook' missing from '/workspace/fuel-ci/sections/facility-assembly/sources/spawn-room/module.blend', parent '<direct>'
Info: LIB: Object: 'BELONG_01_hanger_2_shoulders' missing from '/workspace/fuel-ci/sections/facility-assembly/sources/spawn-room/module.blend', parent '<direct>'
Info: LIB: Object: 'BELONG_01_jacket' missing from '/workspace/fuel-ci/sections/facility-assembly/sources/spawn-room/module.blend', parent '<direct>'
Info: LIB: Object: 'BELONG_01_jacket_body' missing from '/workspace/fuel-ci/sections/facility-assembly/sources/spawn-room/module.blend', parent '<direct>'
Info: LIB: Object: 'BELONG_01_mid_shelf' missing from '/workspace/fuel-ci/sections/facility-assembly/sources/spawn-room/module.blend', parent '<direct>'
Info: LIB: Object: 'BELONG_02_bag' missing from '/workspace/fuel-ci/sections/facility-assembly/sources/spawn-room/module.blend', parent '<direct>'
Info: LIB: Object: 'BELONG_02_bag_contact_00' missing from '/workspace/fuel-ci/sections/facility-assembly/sources/spawn-room/module.blend', parent '<direct>'
Info: LIB: Object: 'BELONG_02_bag_mesh' missing from '/workspace/fuel-ci/sections/facility-assembly/sources/spawn-room/module.blend', parent '<direct>'
Info: LIB: Object: 'BELONG_02_fold_0' missing from '/workspace/fuel-ci/sections/facility-assembly/sources/spawn-room/module.blend', parent '<direct>'
Info: LIB: Object: 'BELONG_02_fold_0_contact_00' missing from '/workspace/fuel-ci/sections/facility-assembly/sources/spawn-room/module.blend', parent '<direct>'
Info: LIB: Object: 'BELONG_02_fold_0_fold_edge' missing from '/workspace/fuel-ci/sections/facility-assembly/sources/spawn-room/module.blend', parent '<direct>'
Info: LIB: Object: 'BELONG_02_fold_0_fold_edge.001' missing from '/workspace/fuel-ci/sections/facility-assembly/sources/spawn-room/module.blend', parent '<direct>'
Info: LIB: Object: 'BELONG_02_fold_0_folded_fabric' missing from '/workspace/fuel-ci/sections/facility-assembly/sources/spawn-room/module.blend', parent '<direct>'
Info: LIB: Object: 'BELONG_02_hanger_0' missing from '/workspace/fuel-ci/sections/facility-assembly/sources/spawn-room/module.blend', parent '<direct>'
Info: LIB: Object: 'BELONG_02_hanger_0_contact_00' missing from '/workspace/fuel-ci/sections/facility-assembly/sources/spawn-room/module.blend', parent '<direct>'
Info: LIB: Object: 'BELONG_02_hanger_0_crossbar' missing from '/workspace/fuel-ci/sections/facility-assembly/sources/spawn-room/module.blend', parent '<direct>'
Info: LIB: Object: 'BELONG_02_hanger_0_hook' missing from '/workspace/fuel-ci/sections/facility-assembly/sources/spawn-room/module.blend', parent '<direct>'
Info: LIB: Object: 'BELONG_02_hanger_0_shoulders' missing from '/workspace/fuel-ci/sections/facility-assembly/sources/spawn-room/module.blend', parent '<direct>'
Info: LIB: Object: 'BELONG_02_hanger_1' missing from '/workspace/fuel-ci/sections/facility-assembly/sources/spawn-room/module.blend', parent '<direct>'
Info: LIB: Object: 'BELONG_02_hanger_1_contact_00' missing from '/workspace/fuel-ci/sections/facility-assembly/sources/spawn-room/module.blend', parent '<direct>'
Info: LIB: Object: 'BELONG_02_hanger_1_crossbar' missing from '/workspace/fuel-ci/sections/facility-assembly/sources/spawn-room/module.blend', parent '<direct>'
Info: LIB: Object: 'BELONG_02_hanger_1_hook' missing from '/workspace/fuel-ci/sections/facility-assembly/sources/spawn-room/module.blend', parent '<direct>'
Info: LIB: Object: 'BELONG_02_hanger_1_shoulders' missing from '/workspace/fuel-ci/sections/facility-assembly/sources/spawn-room/module.blend', parent '<direct>'
Info: LIB: Object: 'BELONG_02_hanger_2' missing from '/workspace/fuel-ci/sections/facility-assembly/sources/spawn-room/module.blend', parent '<direct>'
Info: LIB: Object: 'BELONG_02_hanger_2_contact_00' missing from '/workspace/fuel-ci/sections/facility-assembly/sources/spawn-room/module.blend', parent '<direct>'
Info: LIB: Object: 'BELONG_02_hanger_2_crossbar' missing from '/workspace/fuel-ci/sections/facility-assembly/sources/spawn-room/module.blend', parent '<direct>'
Info: LIB: Object: 'BELONG_02_hanger_2_hook' missing from '/workspace/fuel-ci/sections/facility-assembly/sources/spawn-room/module.blend', parent '<direct>'
Info: LIB: Object: 'BELONG_02_hanger_2_shoulders' missing from '/workspace/fuel-ci/sections/facility-assembly/sources/spawn-room/module.blend', parent '<direct>'
Info: LIB: Object: 'BELONG_02_mid_shelf' missing from '/workspace/fuel-ci/sections/facility-assembly/sources/spawn-room/module.blend', parent '<direct>'
Info: LIB: Object: 'BELONG_03_fold_0' missing from '/workspace/fuel-ci/sections/facility-assembly/sources/spawn-room/module.blend', parent '<direct>'
Info: LIB: Object: 'BELONG_03_fold_0_contact_00' missing from '/workspace/fuel-ci/sections/facility-assembly/sources/spawn-room/module.blend', parent '<direct>'
Info: LIB: Object: 'BELONG_03_fold_0_fold_edge' missing from '/workspace/fuel-ci/sections/facility-assembly/sources/spawn-room/module.blend', parent '<direct>'
Info: LIB: Object: 'BELONG_03_fold_0_fold_edge.001' missing from '/workspace/fuel-ci/sections/facility-assembly/sources/spawn-room/module.blend', parent '<direct>'
Info: LIB: Object: 'BELONG_03_fold_0_folded_fabric' missing from '/workspace/fuel-ci/sections/facility-assembly/sources/spawn-room/module.blend', parent '<direct>'
Info: LIB: Object: 'BELONG_03_hanger_0' missing from '/workspace/fuel-ci/sections/facility-assembly/sources/spawn-room/module.blend', parent '<direct>'
Info: LIB: Object: 'BELONG_03_hanger_0_contact_00' missing from '/workspace/fuel-ci/sections/facility-assembly/sources/spawn-room/module.blend', parent '<direct>'
Info: LIB: Object: 'BELONG_03_hanger_0_crossbar' missing from '/workspace/fuel-ci/sections/facility-assembly/sources/spawn-room/module.blend', parent '<direct>'
Info: LIB: Object: 'BELONG_03_hanger_0_hook' missing from '/workspace/fuel-ci/sections/facility-assembly/sources/spawn-room/module.blend', parent '<direct>'
Info: LIB: Object: 'BELONG_03_hanger_0_shoulders' missing from '/workspace/fuel-ci/sections/facility-assembly/sources/spawn-room/module.blend', parent '<direct>'
Info: LIB: Object: 'BELONG_03_hanger_1' missing from '/workspace/fuel-ci/sections/facility-assembly/sources/spawn-room/module.blend', parent '<direct>'
Info: LIB: Object: 'BELONG_03_hanger_1_contact_00' missing from '/workspace/fuel-ci/sections/facility-assembly/sources/spawn-room/module.blend', parent '<direct>'
Info: LIB: Object: 'BELONG_03_hanger_1_crossbar' missing from '/workspace/fuel-ci/sections/facility-assembly/sources/spawn-room/module.blend', parent '<direct>'
Info: LIB: Object: 'BELONG_03_hanger_1_hook' missing from '/workspace/fuel-ci/sections/facility-assembly/sources/spawn-room/module.blend', parent '<direct>'
Info: LIB: Object: 'BELONG_03_hanger_1_shoulders' missing from '/workspace/fuel-ci/sections/facility-assembly/sources/spawn-room/module.blend', parent '<direct>'
Info: LIB: Object: 'BELONG_03_hanger_2' missing from '/workspace/fuel-ci/sections/facility-assembly/sources/spawn-room/module.blend', parent '<direct>'
Info: LIB: Object: 'BELONG_03_hanger_2_contact_00' missing from '/workspace/fuel-ci/sections/facility-assembly/sources/spawn-room/module.blend', parent '<direct>'
Info: LIB: Object: 'BELONG_03_hanger_2_crossbar' missing from '/workspace/fuel-ci/sections/facility-assembly/sources/spawn-room/module.blend', parent '<direct>'
Info: LIB: Object: 'BELONG_03_hanger_2_hook' missing from '/workspace/fuel-ci/sections/facility-assembly/sources/spawn-room/module.blend', parent '<direct>'
Info: LIB: Object: 'BELONG_03_hanger_2_shoulders' missing from '/workspace/fuel-ci/sections/facility-assembly/sources/spawn-room/module.blend', parent '<direct>'
Info: LIB: Object: 'BELONG_03_jacket' missing from '/workspace/fuel-ci/sections/facility-assembly/sources/spawn-room/module.blend', parent '<direct>'
Info: LIB: Object: 'BELONG_03_jacket_body' missing from '/workspace/fuel-ci/sections/facility-assembly/sources/spawn-room/module.blend', parent '<direct>'
Info: LIB: Object: 'BELONG_03_mid_shelf' missing from '/workspace/fuel-ci/sections/facility-assembly/sources/spawn-room/module.blend', parent '<direct>'
Info: LIB: Object: 'BELONG_04_bag' missing from '/workspace/fuel-ci/sections/facility-assembly/sources/spawn-room/module.blend', parent '<direct>'
Info: LIB: Object: 'BELONG_04_bag_contact_00' missing from '/workspace/fuel-ci/sections/facility-assembly/sources/spawn-room/module.blend', parent '<direct>'
Info: LIB: Object: 'BELONG_04_bag_mesh' missing from '/workspace/fuel-ci/sections/facility-assembly/sources/spawn-room/module.blend', parent '<direct>'
Info: LIB: Object: 'BELONG_04_fold_0' missing from '/workspace/fuel-ci/sections/facility-assembly/sources/spawn-room/module.blend', parent '<direct>'
Info: LIB: Object: 'BELONG_04_fold_0_contact_00' missing from '/workspace/fuel-ci/sections/facility-assembly/sources/spawn-room/module.blend', parent '<direct>'
Info: LIB: Object: 'BELONG_04_fold_0_fold_edge' missing from '/workspace/fuel-ci/sections/facility-assembly/sources/spawn-room/module.blend', parent '<direct>'
Info: LIB: Object: 'BELONG_04_fold_0_fold_edge.001' missing from '/workspace/fuel-ci/sections/facility-assembly/sources/spawn-room/module.blend', parent '<direct>'
Info: LIB: Object: 'BELONG_04_fold_0_folded_fabric' missing from '/workspace/fuel-ci/sections/facility-assembly/sources/spawn-room/module.blend', parent '<direct>'
Info: LIB: Object: 'BELONG_04_fold_1' missing from '/workspace/fuel-ci/sections/facility-assembly/sources/spawn-room/module.blend', parent '<direct>'
Info: LIB: Object: 'BELONG_04_fold_1_contact_00' missing from '/workspace/fuel-ci/sections/facility-assembly/sources/spawn-room/module.blend', parent '<direct>'
Info: LIB: Object: 'BELONG_04_fold_1_fold_edge' missing from '/workspace/fuel-ci/sections/facility-assembly/sources/spawn-room/module.blend', parent '<direct>'
Info: LIB: Object: 'BELONG_04_fold_1_fold_edge.001' missing from '/workspace/fuel-ci/sections/facility-assembly/sources/spawn-room/module.blend', parent '<direct>'
Info: LIB: Object: 'BELONG_04_fold_1_folded_fabric' missing from '/workspace/fuel-ci/sections/facility-assembly/sources/spawn-room/module.blend', parent '<direct>'
Info: LIB: Object: 'BELONG_04_hanger_0' missing from '/workspace/fuel-ci/sections/facility-assembly/sources/spawn-room/module.blend', parent '<direct>'
Info: LIB: Object: 'BELONG_04_hanger_0_contact_00' missing from '/workspace/fuel-ci/sections/facility-assembly/sources/spawn-room/module.blend', parent '<direct>'
Info: LIB: Object: 'BELONG_04_hanger_0_crossbar' missing from '/workspace/fuel-ci/sections/facility-assembly/sources/spawn-room/module.blend', parent '<direct>'
Info: LIB: Object: 'BELONG_04_hanger_0_hook' missing from '/workspace/fuel-ci/sections/facility-assembly/sources/spawn-room/module.blend', parent '<direct>'
Info: LIB: Object: 'BELONG_04_hanger_0_shoulders' missing from '/workspace/fuel-ci/sections/facility-assembly/sources/spawn-room/module.blend', parent '<direct>'
Info: LIB: Object: 'BELONG_04_hanger_1' missing from '/workspace/fuel-ci/sections/facility-assembly/sources/spawn-room/module.blend', parent '<direct>'
Info: LIB: Object: 'BELONG_04_hanger_1_contact_00' missing from '/workspace/fuel-ci/sections/facility-assembly/sources/spawn-room/module.blend', parent '<direct>'
Info: LIB: Object: 'BELONG_04_hanger_1_crossbar' missing from '/workspace/fuel-ci/sections/facility-assembly/sources/spawn-room/module.blend', parent '<direct>'
Info: LIB: Object: 'BELONG_04_hanger_1_hook' missing from '/workspace/fuel-ci/sections/facility-assembly/sources/spawn-room/module.blend', parent '<direct>'
Info: LIB: Object: 'BELONG_04_hanger_1_shoulders' missing from '/workspace/fuel-ci/sections/facility-assembly/sources/spawn-room/module.blend', parent '<direct>'
Info: LIB: Object: 'BELONG_04_hanger_2' missing from '/workspace/fuel-ci/sections/facility-assembly/sources/spawn-room/module.blend', parent '<direct>'
Info: LIB: Object: 'BELONG_04_hanger_2_contact_00' missing from '/workspace/fuel-ci/sections/facility-assembly/sources/spawn-room/module.blend', parent '<direct>'
Info: LIB: Object: 'BELONG_04_hanger_2_crossbar' missing from '/workspace/fuel-ci/sections/facility-assembly/sources/spawn-room/module.blend', parent '<direct>'
Info: LIB: Object: 'BELONG_04_hanger_2_hook' missing from '/workspace/fuel-ci/sections/facility-assembly/sources/spawn-room/module.blend', parent '<direct>'
Info: LIB: Object: 'BELONG_04_hanger_2_shoulders' missing from '/workspace/fuel-ci/sections/facility-assembly/sources/spawn-room/module.blend', parent '<direct>'
Info: LIB: Object: 'BELONG_04_mid_shelf' missing from '/workspace/fuel-ci/sections/facility-assembly/sources/spawn-room/module.blend', parent '<direct>'
Info: LIB: Object: 'PPE_01_work_boot' missing from '/workspace/fuel-ci/sections/facility-assembly/sources/spawn-room/module.blend', parent '<direct>'
Info: LIB: Object: 'PPE_01_work_boot.001' missing from '/workspace/fuel-ci/sections/facility-assembly/sources/spawn-room/module.blend', parent '<direct>'
Info: LIB: Object: 'PPE_01_work_boot.001_contact_00' missing from '/workspace/fuel-ci/sections/facility-assembly/sources/spawn-room/module.blend', parent '<direct>'
Info: LIB: Object: 'PPE_01_work_boot.001_mesh' missing from '/workspace/fuel-ci/sections/facility-assembly/sources/spawn-room/module.blend', parent '<direct>'
Info: LIB: Object: 'PPE_01_work_boot_contact_00' missing from '/workspace/fuel-ci/sections/facility-assembly/sources/spawn-room/module.blend', parent '<direct>'
Info: LIB: Object: 'PPE_01_work_boot_mesh' missing from '/workspace/fuel-ci/sections/facility-assembly/sources/spawn-room/module.blend', parent '<direct>'
Info: LIB: Object: 'PPE_02_work_boot' missing from '/workspace/fuel-ci/sections/facility-assembly/sources/spawn-room/module.blend', parent '<direct>'
Info: LIB: Object: 'PPE_02_work_boot.001' missing from '/workspace/fuel-ci/sections/facility-assembly/sources/spawn-room/module.blend', parent '<direct>'
Info: LIB: Object: 'PPE_02_work_boot.001_contact_00' missing from '/workspace/fuel-ci/sections/facility-assembly/sources/spawn-room/module.blend', parent '<direct>'
Info: LIB: Object: 'PPE_02_work_boot.001_mesh' missing from '/workspace/fuel-ci/sections/facility-assembly/sources/spawn-room/module.blend', parent '<direct>'
Info: LIB: Object: 'PPE_02_work_boot_contact_00' missing from '/workspace/fuel-ci/sections/facility-assembly/sources/spawn-room/module.blend', parent '<direct>'
Info: LIB: Object: 'PPE_02_work_boot_mesh' missing from '/workspace/fuel-ci/sections/facility-assembly/sources/spawn-room/module.blend', parent '<direct>'
Info: LIB: Object: 'PPE_03_work_boot' missing from '/workspace/fuel-ci/sections/facility-assembly/sources/spawn-room/module.blend', parent '<direct>'
Info: LIB: Object: 'PPE_03_work_boot.001' missing from '/workspace/fuel-ci/sections/facility-assembly/sources/spawn-room/module.blend', parent '<direct>'
Info: LIB: Object: 'PPE_03_work_boot.001_contact_00' missing from '/workspace/fuel-ci/sections/facility-assembly/sources/spawn-room/module.blend', parent '<direct>'
Info: LIB: Object: 'PPE_03_work_boot.001_mesh' missing from '/workspace/fuel-ci/sections/facility-assembly/sources/spawn-room/module.blend', parent '<direct>'
Info: LIB: Object: 'PPE_03_work_boot_contact_00' missing from '/workspace/fuel-ci/sections/facility-assembly/sources/spawn-room/module.blend', parent '<direct>'
Info: LIB: Object: 'PPE_03_work_boot_mesh' missing from '/workspace/fuel-ci/sections/facility-assembly/sources/spawn-room/module.blend', parent '<direct>'
Info: LIB: Object: 'PPE_04_work_boot' missing from '/workspace/fuel-ci/sections/facility-assembly/sources/spawn-room/module.blend', parent '<direct>'
Info: LIB: Object: 'PPE_04_work_boot.001' missing from '/workspace/fuel-ci/sections/facility-assembly/sources/spawn-room/module.blend', parent '<direct>'
Info: LIB: Object: 'PPE_04_work_boot.001_contact_00' missing from '/workspace/fuel-ci/sections/facility-assembly/sources/spawn-room/module.blend', parent '<direct>'
01:59.737  render           | Saved: '/workspace/fuel-ci/sections/fuel-corridor/production/renders/integration/F12ci_complete_main_C03_HERO.png'
Info: LIB: Object: 'PPE_04_work_boot.001_mesh' missing from '/workspace/fuel-ci/sections/facility-assembly/sources/spawn-room/module.blend', parent '<direct>'
Info: LIB: Object: 'PPE_04_work_boot_contact_00' missing from '/workspace/fuel-ci/sections/facility-assembly/sources/spawn-room/module.blend', parent '<direct>'
Info: LIB: Object: 'PPE_04_work_boot_mesh' missing from '/workspace/fuel-ci/sections/facility-assembly/sources/spawn-room/module.blend', parent '<direct>'
Warning: 0 libraries and 128 linked data-blocks are missing (including 0 ObjectData), please check the Info and Outliner editors for details
LIVE_FUEL_IN_MAP 495 objects 51 old lights hidden
Blender 5.2.1 LTS (hash 9e2066aef7ef built 2026-08-25 02:12:34)

Blender quit
