00:01.201  blend            | Read blend: "/workspace/fuel-ci/sections/facility-assembly/blender/facility_environment.blend"
Info: Read library: '/workspace/fuel-ci/sections/facility-assembly/exteriors/compliance-dock/exterior-R08.blend', '//..\exteriors\compliance-dock\exterior-R08.blend', parent '<direct>'
Info: Read library: '/workspace/fuel-ci/sections/facility-assembly/blender/facility_spawn_material_preview_R17.blend', '//facility_spawn_material_preview_R17.blend', parent '<direct>'
Info: Read library: '/workspace/fuel-ci/sections/facility-assembly/sources/compliance-dock/module.blend', '//..\sources\compliance-dock\module.blend', parent '<direct>'
Info: Read library: '/workspace/fuel-ci/sections/facility-assembly/sources/cooling-plant/module.blend', '//..\sources\cooling-plant\module.blend', parent '<direct>'
Info: Read library: '/workspace/fuel-ci/sections/facility-assembly/sources/electrical-room/module.blend', '//..\sources\electrical-room\module.blend', parent '<direct>'
Info: Read library: '/workspace/fuel-ci/sections/facility-assembly/sources/fuel-corridor/module.blend', '//..\sources\fuel-corridor\module.blend', parent '<direct>'
Info: Read library: '/workspace/fuel-ci/sections/facility-assembly/sources/medical-reanimation/module.blend', '//..\sources\medical-reanimation\module.blend', parent '<direct>'
Info: Read library: '/workspace/fuel-ci/sections/facility-assembly/sources/mine/module.blend', '//..\sources\mine\module.blend', parent '<direct>'
Info: Read library: '/workspace/fuel-ci/sections/facility-assembly/sources/reactor-room/module.blend', '//..\sources\reactor-room\module.blend', parent '<direct>'
Info: Read library: '/workspace/fuel-ci/sections/facility-assembly/sources/refinery/module.blend', '//..\sources\refinery\module.blend', parent '<direct>'
Info: Read library: '/workspace/fuel-ci/sections/facility-assembly/sources/spawn-room/module.blend', '//..\sources\spawn-room\module.blend', parent '<direct>'
Info: Read library: '/workspace/fuel-ci/sections/facility-assembly/sources/turbine-room/module.blend', '//..\sources\turbine-room\module.blend', parent '<direct>'
Info: Read library: '/workspace/fuel-ci/sections/facility-assembly/sources/waste-storage/module.blend', '//..\sources\waste-storage\module.blend', parent '<direct>'
Info: Read library: '/workspace/fuel-ci/sections/facility-assembly/sources/condenser-bay/module.blend', '//..\sources\condenser-bay\module.blend', parent '/workspace/fuel-ci/sections/facility-assembly/blender/facility_spawn_material_preview_R17.blend'
Info: Read library: '/workspace/fuel-ci/sections/facility-assembly/exteriors/condenser-bay/exterior-R02.blend', '//../exteriors/condenser-bay/exterior-R02.blend', parent '/workspace/fuel-ci/sections/facility-assembly/blender/facility_spawn_material_preview_R17.blend'
Info: Read library: '/workspace/fuel-ci/sections/facility-assembly/exteriors/cooling-plant/exterior-R03.blend', '//../exteriors/cooling-plant/exterior-R03.blend', parent '/workspace/fuel-ci/sections/facility-assembly/blender/facility_spawn_material_preview_R17.blend'
Info: Read library: '/workspace/fuel-ci/sections/facility-assembly/exteriors/electrical-room/exterior-R03.blend', '//../exteriors/electrical-room/exterior-R03.blend', parent '/workspace/fuel-ci/sections/facility-assembly/blender/facility_spawn_material_preview_R17.blend'
Info: Read library: '/workspace/fuel-ci/sections/facility-assembly/exteriors/fuel-corridor/exterior-R02.blend', '//../exteriors/fuel-corridor/exterior-R02.blend', parent '/workspace/fuel-ci/sections/facility-assembly/blender/facility_spawn_material_preview_R17.blend'
Info: Read library: '/workspace/fuel-ci/sections/facility-assembly/exteriors/medical-reanimation/exterior-R04.blend', '//../exteriors/medical-reanimation/exterior-R04.blend', parent '/workspace/fuel-ci/sections/facility-assembly/blender/facility_spawn_material_preview_R17.blend'
Info: Read library: '/workspace/fuel-ci/sections/facility-assembly/exteriors/reactor-room/exterior-R05.blend', '//../exteriors/reactor-room/exterior-R05.blend', parent '/workspace/fuel-ci/sections/facility-assembly/blender/facility_spawn_material_preview_R17.blend'
Info: Read library: '/workspace/fuel-ci/sections/facility-assembly/exteriors/refinery/exterior-R01.blend', '//../exteriors/refinery/exterior-R01.blend', parent '/workspace/fuel-ci/sections/facility-assembly/blender/facility_spawn_material_preview_R17.blend'
Info: Read library: '/workspace/fuel-ci/sections/facility-assembly/exteriors/spawn-room/exterior-R05.blend', '//../exteriors/spawn-room/exterior-R05.blend', parent '/workspace/fuel-ci/sections/facility-assembly/blender/facility_spawn_material_preview_R17.blend'
Info: Read library: '/workspace/fuel-ci/sections/facility-assembly/exteriors/turbine-room/exterior-R04.blend', '//../exteriors/turbine-room/exterior-R04.blend', parent '/workspace/fuel-ci/sections/facility-assembly/blender/facility_spawn_material_preview_R17.blend'
Info: Read library: '/workspace/fuel-ci/sections/facility-assembly/exteriors/waste-storage/exterior-R01.blend', '//../exteriors/waste-storage/exterior-R01.blend', parent '/workspace/fuel-ci/sections/facility-assembly/blender/facility_spawn_material_preview_R17.blend'
Info: LIB: Object: 'BELONG_01_fold_0' missing from '/workspace/fuel-ci/sections/facility-assembly/sources/spawn-room/module.blend', parent '<direct>'
Info: LIB: Object: 'BELONG_01_fold_0_contact_00' missing from '/workspace/fuel-ci/sections/facility-assembly/sources/spawn-room/module.blend', parent '<direct>'
Info: LIB: Object: 'BELONG_01_fold_0_fold_edge' missing from '/workspace/fuel-ci/sections/facility-assembly/sources/spawn-room/module.blend', parent '<direct>'
Info: LIB: Object: 'BELONG_01_fold_0_fold_edge.001' missing from '/workspace/fuel-ci/sections/facility-assembly/sources/spawn-room/module.blend', parent '<direct>'
Info: LIB: Object: 'BELONG_01_fold_0_folded_fabric' missing from '/workspace/fuel-ci/sections/facility-assembly/sources/spawn-room/module.blend', parent '<direct>'
Info: LIB: Object: 'BELONG_01_fold_1' missing from '/workspace/fuel-ci/sections/facility-assembly/sources/spawn-room/module.blend', parent '<direct>'
Info: LIB: Object: 'BELONG_01_fold_1_contact_00' missing from '/workspace/fuel-ci/sections/facility-assembly/sources/spawn-room/module.blend', parent '<direct>'
Info: LIB: Object: 'BELONG_01_fold_1_fold_edge' missing from '/workspace/fuel-ci/sections/facility-assembly/sources/spawn-room/module.blend', parent '<direct>'
Info: LIB: Object: 'BELONG_01_fold_1_fold_edge.001' missing from '/workspace/fuel-ci/sections/facility-assembly/sources/spawn-room/module.blend', parent '<direct>'
Info: LIB: Object: 'BELONG_01_fold_1_folded_fabric' missing from '/workspace/fuel-ci/sections/facility-assembly/sources/spawn-room/module.blend', parent '<direct>'
Info: LIB: Object: 'BELONG_01_hanger_0' missing from '/workspace/fuel-ci/sections/facility-assembly/sources/spawn-room/module.blend', parent '<direct>'
Info: LIB: Object: 'BELONG_01_hanger_0_contact_00' missing from '/workspace/fuel-ci/sections/facility-assembly/sources/spawn-room/module.blend', parent '<direct>'
Info: LIB: Object: 'BELONG_01_hanger_0_crossbar' missing from '/workspace/fuel-ci/sections/facility-assembly/sources/spawn-room/module.blend', parent '<direct>'
Info: LIB: Object: 'BELONG_01_hanger_0_hook' missing from '/workspace/fuel-ci/sections/facility-assembly/sources/spawn-room/module.blend', parent '<direct>'
Info: LIB: Object: 'BELONG_01_hanger_0_shoulders' missing from '/workspace/fuel-ci/sections/facility-assembly/sources/spawn-room/module.blend', parent '<direct>'
Info: LIB: Object: 'BELONG_01_hanger_1' missing from '/workspace/fuel-ci/sections/facility-assembly/sources/spawn-room/module.blend', parent '<direct>'
Info: LIB: Object: 'BELONG_01_hanger_1_contact_00' missing from '/workspace/fuel-ci/sections/facility-assembly/sources/spawn-room/module.blend', parent '<direct>'
Info: LIB: Object: 'BELONG_01_hanger_1_crossbar' missing from '/workspace/fuel-ci/sections/facility-assembly/sources/spawn-room/module.blend', parent '<direct>'
Info: LIB: Object: 'BELONG_01_hanger_1_hook' missing from '/workspace/fuel-ci/sections/facility-assembly/sources/spawn-room/module.blend', parent '<direct>'
Info: LIB: Object: 'BELONG_01_hanger_1_shoulders' missing from '/workspace/fuel-ci/sections/facility-assembly/sources/spawn-room/module.blend', parent '<direct>'
Info: LIB: Object: 'BELONG_01_hanger_2' missing from '/workspace/fuel-ci/sections/facility-assembly/sources/spawn-room/module.blend', parent '<direct>'
Info: LIB: Object: 'BELONG_01_hanger_2_contact_00' missing from '/workspace/fuel-ci/sections/facility-assembly/sources/spawn-room/module.blend', parent '<direct>'
Info: LIB: Object: 'BELONG_01_hanger_2_crossbar' missing from '/workspace/fuel-ci/sections/facility-assembly/sources/spawn-room/module.blend', parent '<direct>'
Info: LIB: Object: 'BELONG_01_hanger_2_hook' missing from '/workspace/fuel-ci/sections/facility-assembly/sources/spawn-room/module.blend', parent '<direct>'
Info: LIB: Object: 'BELONG_01_hanger_2_shoulders' missing from '/workspace/fuel-ci/sections/facility-assembly/sources/spawn-room/module.blend', parent '<direct>'
Info: LIB: Object: 'BELONG_01_jacket' missing from '/workspace/fuel-ci/sections/facility-assembly/sources/spawn-room/module.blend', parent '<direct>'
Info: LIB: Object: 'BELONG_01_jacket_body' missing from '/workspace/fuel-ci/sections/facility-assembly/sources/spawn-room/module.blend', parent '<direct>'
Info: LIB: Object: 'BELONG_01_mid_shelf' missing from '/workspace/fuel-ci/sections/facility-assembly/sources/spawn-room/module.blend', parent '<direct>'
Info: LIB: Object: 'BELONG_02_bag' missing from '/workspace/fuel-ci/sections/facility-assembly/sources/spawn-room/module.blend', parent '<direct>'
Info: LIB: Object: 'BELONG_02_bag_contact_00' missing from '/workspace/fuel-ci/sections/facility-assembly/sources/spawn-room/module.blend', parent '<direct>'
Info: LIB: Object: 'BELONG_02_bag_mesh' missing from '/workspace/fuel-ci/sections/facility-assembly/sources/spawn-room/module.blend', parent '<direct>'
Info: LIB: Object: 'BELONG_02_fold_0' missing from '/workspace/fuel-ci/sections/facility-assembly/sources/spawn-room/module.blend', parent '<direct>'
Info: LIB: Object: 'BELONG_02_fold_0_contact_00' missing from '/workspace/fuel-ci/sections/facility-assembly/sources/spawn-room/module.blend', parent '<direct>'
Info: LIB: Object: 'BELONG_02_fold_0_fold_edge' missing from '/workspace/fuel-ci/sections/facility-assembly/sources/spawn-room/module.blend', parent '<direct>'
Info: LIB: Object: 'BELONG_02_fold_0_fold_edge.001' missing from '/workspace/fuel-ci/sections/facility-assembly/sources/spawn-room/module.blend', parent '<direct>'
Info: LIB: Object: 'BELONG_02_fold_0_folded_fabric' missing from '/workspace/fuel-ci/sections/facility-assembly/sources/spawn-room/module.blend', parent '<direct>'
Info: LIB: Object: 'BELONG_02_hanger_0' missing from '/workspace/fuel-ci/sections/facility-assembly/sources/spawn-room/module.blend', parent '<direct>'
Info: LIB: Object: 'BELONG_02_hanger_0_contact_00' missing from '/workspace/fuel-ci/sections/facility-assembly/sources/spawn-room/module.blend', parent '<direct>'
Info: LIB: Object: 'BELONG_02_hanger_0_crossbar' missing from '/workspace/fuel-ci/sections/facility-assembly/sources/spawn-room/module.blend', parent '<direct>'
Info: LIB: Object: 'BELONG_02_hanger_0_hook' missing from '/workspace/fuel-ci/sections/facility-assembly/sources/spawn-room/module.blend', parent '<direct>'
Info: LIB: Object: 'BELONG_02_hanger_0_shoulders' missing from '/workspace/fuel-ci/sections/facility-assembly/sources/spawn-room/module.blend', parent '<direct>'
Info: LIB: Object: 'BELONG_02_hanger_1' missing from '/workspace/fuel-ci/sections/facility-assembly/sources/spawn-room/module.blend', parent '<direct>'
Info: LIB: Object: 'BELONG_02_hanger_1_contact_00' missing from '/workspace/fuel-ci/sections/facility-assembly/sources/spawn-room/module.blend', parent '<direct>'
Info: LIB: Object: 'BELONG_02_hanger_1_crossbar' missing from '/workspace/fuel-ci/sections/facility-assembly/sources/spawn-room/module.blend', parent '<direct>'
Info: LIB: Object: 'BELONG_02_hanger_1_hook' missing from '/workspace/fuel-ci/sections/facility-assembly/sources/spawn-room/module.blend', parent '<direct>'
Info: LIB: Object: 'BELONG_02_hanger_1_shoulders' missing from '/workspace/fuel-ci/sections/facility-assembly/sources/spawn-room/module.blend', parent '<direct>'
Info: LIB: Object: 'BELONG_02_hanger_2' missing from '/workspace/fuel-ci/sections/facility-assembly/sources/spawn-room/module.blend', parent '<direct>'
Info: LIB: Object: 'BELONG_02_hanger_2_contact_00' missing from '/workspace/fuel-ci/sections/facility-assembly/sources/spawn-room/module.blend', parent '<direct>'
Info: LIB: Object: 'BELONG_02_hanger_2_crossbar' missing from '/workspace/fuel-ci/sections/facility-assembly/sources/spawn-room/module.blend', parent '<direct>'
Info: LIB: Object: 'BELONG_02_hanger_2_hook' missing from '/workspace/fuel-ci/sections/facility-assembly/sources/spawn-room/module.blend', parent '<direct>'
Info: LIB: Object: 'BELONG_02_hanger_2_shoulders' missing from '/workspace/fuel-ci/sections/facility-assembly/sources/spawn-room/module.blend', parent '<direct>'
Info: LIB: Object: 'BELONG_02_mid_shelf' missing from '/workspace/fuel-ci/sections/facility-assembly/sources/spawn-room/module.blend', parent '<direct>'
Info: LIB: Object: 'BELONG_03_fold_0' missing from '/workspace/fuel-ci/sections/facility-assembly/sources/spawn-room/module.blend', parent '<direct>'
Info: LIB: Object: 'BELONG_03_fold_0_contact_00' missing from '/workspace/fuel-ci/sections/facility-assembly/sources/spawn-room/module.blend', parent '<direct>'
Info: LIB: Object: 'BELONG_03_fold_0_fold_edge' missing from '/workspace/fuel-ci/sections/facility-assembly/sources/spawn-room/module.blend', parent '<direct>'
Info: LIB: Object: 'BELONG_03_fold_0_fold_edge.001' missing from '/workspace/fuel-ci/sections/facility-assembly/sources/spawn-room/module.blend', parent '<direct>'
Info: LIB: Object: 'BELONG_03_fold_0_folded_fabric' missing from '/workspace/fuel-ci/sections/facility-assembly/sources/spawn-room/module.blend', parent '<direct>'
Info: LIB: Object: 'BELONG_03_hanger_0' missing from '/workspace/fuel-ci/sections/facility-assembly/sources/spawn-room/module.blend', parent '<direct>'
Info: LIB: Object: 'BELONG_03_hanger_0_contact_00' missing from '/workspace/fuel-ci/sections/facility-assembly/sources/spawn-room/module.blend', parent '<direct>'
Info: LIB: Object: 'BELONG_03_hanger_0_crossbar' missing from '/workspace/fuel-ci/sections/facility-assembly/sources/spawn-room/module.blend', parent '<direct>'
Info: LIB: Object: 'BELONG_03_hanger_0_hook' missing from '/workspace/fuel-ci/sections/facility-assembly/sources/spawn-room/module.blend', parent '<direct>'
Info: LIB: Object: 'BELONG_03_hanger_0_shoulders' missing from '/workspace/fuel-ci/sections/facility-assembly/sources/spawn-room/module.blend', parent '<direct>'
Info: LIB: Object: 'BELONG_03_hanger_1' missing from '/workspace/fuel-ci/sections/facility-assembly/sources/spawn-room/module.blend', parent '<direct>'
Info: LIB: Object: 'BELONG_03_hanger_1_contact_00' missing from '/workspace/fuel-ci/sections/facility-assembly/sources/spawn-room/module.blend', parent '<direct>'
Info: LIB: Object: 'BELONG_03_hanger_1_crossbar' missing from '/workspace/fuel-ci/sections/facility-assembly/sources/spawn-room/module.blend', parent '<direct>'
Info: LIB: Object: 'BELONG_03_hanger_1_hook' missing from '/workspace/fuel-ci/sections/facility-assembly/sources/spawn-room/module.blend', parent '<direct>'
Info: LIB: Object: 'BELONG_03_hanger_1_shoulders' missing from '/workspace/fuel-ci/sections/facility-assembly/sources/spawn-room/module.blend', parent '<direct>'
Info: LIB: Object: 'BELONG_03_hanger_2' missing from '/workspace/fuel-ci/sections/facility-assembly/sources/spawn-room/module.blend', parent '<direct>'
Info: LIB: Object: 'BELONG_03_hanger_2_contact_00' missing from '/workspace/fuel-ci/sections/facility-assembly/sources/spawn-room/module.blend', parent '<direct>'
Info: LIB: Object: 'BELONG_03_hanger_2_crossbar' missing from '/workspace/fuel-ci/sections/facility-assembly/sources/spawn-room/module.blend', parent '<direct>'
Info: LIB: Object: 'BELONG_03_hanger_2_hook' missing from '/workspace/fuel-ci/sections/facility-assembly/sources/spawn-room/module.blend', parent '<direct>'
Info: LIB: Object: 'BELONG_03_hanger_2_shoulders' missing from '/workspace/fuel-ci/sections/facility-assembly/sources/spawn-room/module.blend', parent '<direct>'
Info: LIB: Object: 'BELONG_03_jacket' missing from '/workspace/fuel-ci/sections/facility-assembly/sources/spawn-room/module.blend', parent '<direct>'
Info: LIB: Object: 'BELONG_03_jacket_body' missing from '/workspace/fuel-ci/sections/facility-assembly/sources/spawn-room/module.blend', parent '<direct>'
Info: LIB: Object: 'BELONG_03_mid_shelf' missing from '/workspace/fuel-ci/sections/facility-assembly/sources/spawn-room/module.blend', parent '<direct>'
Info: LIB: Object: 'BELONG_04_bag' missing from '/workspace/fuel-ci/sections/facility-assembly/sources/spawn-room/module.blend', parent '<direct>'
Info: LIB: Object: 'BELONG_04_bag_contact_00' missing from '/workspace/fuel-ci/sections/facility-assembly/sources/spawn-room/module.blend', parent '<direct>'
Info: LIB: Object: 'BELONG_04_bag_mesh' missing from '/workspace/fuel-ci/sections/facility-assembly/sources/spawn-room/module.blend', parent '<direct>'
Info: LIB: Object: 'BELONG_04_fold_0' missing from '/workspace/fuel-ci/sections/facility-assembly/sources/spawn-room/module.blend', parent '<direct>'
Info: LIB: Object: 'BELONG_04_fold_0_contact_00' missing from '/workspace/fuel-ci/sections/facility-assembly/sources/spawn-room/module.blend', parent '<direct>'
Info: LIB: Object: 'BELONG_04_fold_0_fold_edge' missing from '/workspace/fuel-ci/sections/facility-assembly/sources/spawn-room/module.blend', parent '<direct>'
Info: LIB: Object: 'BELONG_04_fold_0_fold_edge.001' missing from '/workspace/fuel-ci/sections/facility-assembly/sources/spawn-room/module.blend', parent '<direct>'
Info: LIB: Object: 'BELONG_04_fold_0_folded_fabric' missing from '/workspace/fuel-ci/sections/facility-assembly/sources/spawn-room/module.blend', parent '<direct>'
Info: LIB: Object: 'BELONG_04_fold_1' missing from '/workspace/fuel-ci/sections/facility-assembly/sources/spawn-room/module.blend', parent '<direct>'
Info: LIB: Object: 'BELONG_04_fold_1_contact_00' missing from '/workspace/fuel-ci/sections/facility-assembly/sources/spawn-room/module.blend', parent '<direct>'
Info: LIB: Object: 'BELONG_04_fold_1_fold_edge' missing from '/workspace/fuel-ci/sections/facility-assembly/sources/spawn-room/module.blend', parent '<direct>'
Info: LIB: Object: 'BELONG_04_fold_1_fold_edge.001' missing from '/workspace/fuel-ci/sections/facility-assembly/sources/spawn-room/module.blend', parent '<direct>'
Info: LIB: Object: 'BELONG_04_fold_1_folded_fabric' missing from '/workspace/fuel-ci/sections/facility-assembly/sources/spawn-room/module.blend', parent '<direct>'
Info: LIB: Object: 'BELONG_04_hanger_0' missing from '/workspace/fuel-ci/sections/facility-assembly/sources/spawn-room/module.blend', parent '<direct>'
Info: LIB: Object: 'BELONG_04_hanger_0_contact_00' missing from '/workspace/fuel-ci/sections/facility-assembly/sources/spawn-room/module.blend', parent '<direct>'
Info: LIB: Object: 'BELONG_04_hanger_0_crossbar' missing from '/workspace/fuel-ci/sections/facility-assembly/sources/spawn-room/module.blend', parent '<direct>'
Info: LIB: Object: 'BELONG_04_hanger_0_hook' missing from '/workspace/fuel-ci/sections/facility-assembly/sources/spawn-room/module.blend', parent '<direct>'
Info: LIB: Object: 'BELONG_04_hanger_0_shoulders' missing from '/workspace/fuel-ci/sections/facility-assembly/sources/spawn-room/module.blend', parent '<direct>'
Info: LIB: Object: 'BELONG_04_hanger_1' missing from '/workspace/fuel-ci/sections/facility-assembly/sources/spawn-room/module.blend', parent '<direct>'
Info: LIB: Object: 'BELONG_04_hanger_1_contact_00' missing from '/workspace/fuel-ci/sections/facility-assembly/sources/spawn-room/module.blend', parent '<direct>'
Info: LIB: Object: 'BELONG_04_hanger_1_crossbar' missing from '/workspace/fuel-ci/sections/facility-assembly/sources/spawn-room/module.blend', parent '<direct>'
Info: LIB: Object: 'BELONG_04_hanger_1_hook' missing from '/workspace/fuel-ci/sections/facility-assembly/sources/spawn-room/module.blend', parent '<direct>'
Info: LIB: Object: 'BELONG_04_hanger_1_shoulders' missing from '/workspace/fuel-ci/sections/facility-assembly/sources/spawn-room/module.blend', parent '<direct>'
Info: LIB: Object: 'BELONG_04_hanger_2' missing from '/workspace/fuel-ci/sections/facility-assembly/sources/spawn-room/module.blend', parent '<direct>'
Info: LIB: Object: 'BELONG_04_hanger_2_contact_00' missing from '/workspace/fuel-ci/sections/facility-assembly/sources/spawn-room/module.blend', parent '<direct>'
Info: LIB: Object: 'BELONG_04_hanger_2_crossbar' missing from '/workspace/fuel-ci/sections/facility-assembly/sources/spawn-room/module.blend', parent '<direct>'
Info: LIB: Object: 'BELONG_04_hanger_2_hook' missing from '/workspace/fuel-ci/sections/facility-assembly/sources/spawn-room/module.blend', parent '<direct>'
Info: LIB: Object: 'BELONG_04_hanger_2_shoulders' missing from '/workspace/fuel-ci/sections/facility-assembly/sources/spawn-room/module.blend', parent '<direct>'
Info: LIB: Object: 'BELONG_04_mid_shelf' missing from '/workspace/fuel-ci/sections/facility-assembly/sources/spawn-room/module.blend', parent '<direct>'
Info: LIB: Object: 'PPE_01_work_boot' missing from '/workspace/fuel-ci/sections/facility-assembly/sources/spawn-room/module.blend', parent '<direct>'
Info: LIB: Object: 'PPE_01_work_boot.001' missing from '/workspace/fuel-ci/sections/facility-assembly/sources/spawn-room/module.blend', parent '<direct>'
Info: LIB: Object: 'PPE_01_work_boot.001_contact_00' missing from '/workspace/fuel-ci/sections/facility-assembly/sources/spawn-room/module.blend', parent '<direct>'
Info: LIB: Object: 'PPE_01_work_boot.001_mesh' missing from '/workspace/fuel-ci/sections/facility-assembly/sources/spawn-room/module.blend', parent '<direct>'
Info: LIB: Object: 'PPE_01_work_boot_contact_00' missing from '/workspace/fuel-ci/sections/facility-assembly/sources/spawn-room/module.blend', parent '<direct>'
Info: LIB: Object: 'PPE_01_work_boot_mesh' missing from '/workspace/fuel-ci/sections/facility-assembly/sources/spawn-room/module.blend', parent '<direct>'
Info: LIB: Object: 'PPE_02_work_boot' missing from '/workspace/fuel-ci/sections/facility-assembly/sources/spawn-room/module.blend', parent '<direct>'
Info: LIB: Object: 'PPE_02_work_boot.001' missing from '/workspace/fuel-ci/sections/facility-assembly/sources/spawn-room/module.blend', parent '<direct>'
Info: LIB: Object: 'PPE_02_work_boot.001_contact_00' missing from '/workspace/fuel-ci/sections/facility-assembly/sources/spawn-room/module.blend', parent '<direct>'
Info: LIB: Object: 'PPE_02_work_boot.001_mesh' missing from '/workspace/fuel-ci/sections/facility-assembly/sources/spawn-room/module.blend', parent '<direct>'
Info: LIB: Object: 'PPE_02_work_boot_contact_00' missing from '/workspace/fuel-ci/sections/facility-assembly/sources/spawn-room/module.blend', parent '<direct>'
Info: LIB: Object: 'PPE_02_work_boot_mesh' missing from '/workspace/fuel-ci/sections/facility-assembly/sources/spawn-room/module.blend', parent '<direct>'
Info: LIB: Object: 'PPE_03_work_boot' missing from '/workspace/fuel-ci/sections/facility-assembly/sources/spawn-room/module.blend', parent '<direct>'
Info: LIB: Object: 'PPE_03_work_boot.001' missing from '/workspace/fuel-ci/sections/facility-assembly/sources/spawn-room/module.blend', parent '<direct>'
Info: LIB: Object: 'PPE_03_work_boot.001_contact_00' missing from '/workspace/fuel-ci/sections/facility-assembly/sources/spawn-room/module.blend', parent '<direct>'
Info: LIB: Object: 'PPE_03_work_boot.001_mesh' missing from '/workspace/fuel-ci/sections/facility-assembly/sources/spawn-room/module.blend', parent '<direct>'
Info: LIB: Object: 'PPE_03_work_boot_contact_00' missing from '/workspace/fuel-ci/sections/facility-assembly/sources/spawn-room/module.blend', parent '<direct>'
Info: LIB: Object: 'PPE_03_work_boot_mesh' missing from '/workspace/fuel-ci/sections/facility-assembly/sources/spawn-room/module.blend', parent '<direct>'
Info: LIB: Object: 'PPE_04_work_boot' missing from '/workspace/fuel-ci/sections/facility-assembly/sources/spawn-room/module.blend', parent '<direct>'
Info: LIB: Object: 'PPE_04_work_boot.001' missing from '/workspace/fuel-ci/sections/facility-assembly/sources/spawn-room/module.blend', parent '<direct>'
Info: LIB: Object: 'PPE_04_work_boot.001_contact_00' missing from '/workspace/fuel-ci/sections/facility-assembly/sources/spawn-room/module.blend', parent '<direct>'
Info: LIB: Object: 'PPE_04_work_boot.001_mesh' missing from '/workspace/fuel-ci/sections/facility-assembly/sources/spawn-room/module.blend', parent '<direct>'
Info: LIB: Object: 'PPE_04_work_boot_contact_00' missing from '/workspace/fuel-ci/sections/facility-assembly/sources/spawn-room/module.blend', parent '<direct>'
Info: LIB: Object: 'PPE_04_work_boot_mesh' missing from '/workspace/fuel-ci/sections/facility-assembly/sources/spawn-room/module.blend', parent '<direct>'
Warning: 0 libraries and 128 linked data-blocks are missing (including 0 ObjectData), please check the Info and Outliner editors for details
LIVE_FUEL_INSTALLED 495 objects
CURRENT_MAP_OPENED /workspace/fuel-ci/sections/facility-assembly/blender/facility_environment.blend
NORMAL_MAP_LAUNCHER_VALIDATION {"schema": "fuel-normal-map-launcher-validation/1", "created_utc": "2026-10-02T10:04:13.341884+00:00", "status": "PASS", "launcher": "open_map.py", "canonical_map_sha256": "7d263a04e42b357f30c38df1ff012a4b7e80fc9bab3f4869e4782318e9fa88c8", "frozen_R17_sha256": "4d5d160d5c9d25b0a447fda933974790260cdde7aced2db1da1c908afdcdc937", "spawn_reference_sha256": "1964d3d16716730631af0d5c77bcc604a64455092142cc57c0283172a563a977", "native_sha256": "0a13ff2fe1eadc8608223bd40810285a375a02edacfdfac615263cffe5196f87", "recipe_sha256": "88857cf4e2d345469647886034c77b0de3fd35ac56f1c95296acd8569b569093", "linked_module": "MODULE_fuel-corridor", "module_objects": 495, "hidden_old_fuel_lights": 51, "old_cache_hidden": true, "main_cache_material_ids_resolved": 30, "repeat_install_idempotent": true, "instance_matrix": [[1.0, 0.0, 0.0, 0.0], [0.0, 1.0, 0.0, 0.0], [0.0, 0.0, 1.0, 0.0], [0.0, 0.0, 0.0, 1.0]], "saved_main": false, "source_bytes_unchanged": true, "limits": ["No Unity build, performance, controller or continuous collision test."]}
Blender 5.2.1 LTS (hash 9e2066aef7ef built 2026-08-25 02:12:34)

Blender quit
