00:00.582  blend            | Read blend: "/workspace/fuel-final/sections/facility-assembly/sources/fuel-corridor/module.blend"
00:03.006  blend            | Read blend: "/workspace/fuel-final/sections/facility-assembly/sources/fuel-corridor/module.blend"
00:09.305  render           | Saved: '/workspace/fuel-final/sections/fuel-corridor/production/renders/temporal/F17ci-entry-loop/C01_ENTRY_F0001.png'
00:14.841  render           | Saved: '/workspace/fuel-final/sections/fuel-corridor/production/renders/temporal/F17ci-entry-loop/C01_ENTRY_F0012.png'
00:20.068  render           | Saved: '/workspace/fuel-final/sections/fuel-corridor/production/renders/temporal/F17ci-entry-loop/C01_ENTRY_F0015.png'
00:24.903  render           | Saved: '/workspace/fuel-final/sections/fuel-corridor/production/renders/temporal/F17ci-entry-loop/C01_ENTRY_F0017.png'
00:30.256  render           | Saved: '/workspace/fuel-final/sections/fuel-corridor/production/renders/temporal/F17ci-entry-loop/C01_ENTRY_F0018.png'
00:35.758  render           | Saved: '/workspace/fuel-final/sections/fuel-corridor/production/renders/temporal/F17ci-entry-loop/C01_ENTRY_F0020.png'
00:42.463  render           | Saved: '/workspace/fuel-final/sections/fuel-corridor/production/renders/temporal/F17ci-entry-loop/C01_ENTRY_F0021.png'
00:49.545  render           | Saved: '/workspace/fuel-final/sections/fuel-corridor/production/renders/temporal/F17ci-entry-loop/C01_ENTRY_F0022.png'
00:56.362  render           | Saved: '/workspace/fuel-final/sections/fuel-corridor/production/renders/temporal/F17ci-entry-loop/C01_ENTRY_F0024.png'
01:03.715  render           | Saved: '/workspace/fuel-final/sections/fuel-corridor/production/renders/temporal/F17ci-entry-loop/C01_ENTRY_F0026.png'
01:11.429  render           | Saved: '/workspace/fuel-final/sections/fuel-corridor/production/renders/temporal/F17ci-entry-loop/C01_ENTRY_F0027.png'
01:18.276  render           | Saved: '/workspace/fuel-final/sections/fuel-corridor/production/renders/temporal/F17ci-entry-loop/C01_ENTRY_F0028.png'
01:25.039  render           | Saved: '/workspace/fuel-final/sections/fuel-corridor/production/renders/temporal/F17ci-entry-loop/C01_ENTRY_F0029.png'
01:31.985  render           | Saved: '/workspace/fuel-final/sections/fuel-corridor/production/renders/temporal/F17ci-entry-loop/C01_ENTRY_F0030.png'
01:38.859  render           | Saved: '/workspace/fuel-final/sections/fuel-corridor/production/renders/temporal/F17ci-entry-loop/C01_ENTRY_F0031.png'
01:45.579  render           | Saved: '/workspace/fuel-final/sections/fuel-corridor/production/renders/temporal/F17ci-entry-loop/C01_ENTRY_F0032.png'
01:52.750  render           | Saved: '/workspace/fuel-final/sections/fuel-corridor/production/renders/temporal/F17ci-entry-loop/C01_ENTRY_F0033.png'
02:00.047  render           | Saved: '/workspace/fuel-final/sections/fuel-corridor/production/renders/temporal/F17ci-entry-loop/C01_ENTRY_F0034.png'
02:07.261  render           | Saved: '/workspace/fuel-final/sections/fuel-corridor/production/renders/temporal/F17ci-entry-loop/C01_ENTRY_F0035.png'
02:14.312  render           | Saved: '/workspace/fuel-final/sections/fuel-corridor/production/renders/temporal/F17ci-entry-loop/C01_ENTRY_F0036.png'
02:20.833  render           | Saved: '/workspace/fuel-final/sections/fuel-corridor/production/renders/temporal/F17ci-entry-loop/C01_ENTRY_F0037.png'
02:27.856  render           | Saved: '/workspace/fuel-final/sections/fuel-corridor/production/renders/temporal/F17ci-entry-loop/C01_ENTRY_F0038.png'
02:35.103  render           | Saved: '/workspace/fuel-final/sections/fuel-corridor/production/renders/temporal/F17ci-entry-loop/C01_ENTRY_F0039.png'
02:41.938  render           | Saved: '/workspace/fuel-final/sections/fuel-corridor/production/renders/temporal/F17ci-entry-loop/C01_ENTRY_F0040.png'
02:49.572  render           | Saved: '/workspace/fuel-final/sections/fuel-corridor/production/renders/temporal/F17ci-entry-loop/C01_ENTRY_F0041.png'
02:56.668  render           | Saved: '/workspace/fuel-final/sections/fuel-corridor/production/renders/temporal/F17ci-entry-loop/C01_ENTRY_F0042.png'
03:04.058  render           | Saved: '/workspace/fuel-final/sections/fuel-corridor/production/renders/temporal/F17ci-entry-loop/C01_ENTRY_F0043.png'
03:12.032  render           | Saved: '/workspace/fuel-final/sections/fuel-corridor/production/renders/temporal/F17ci-entry-loop/C01_ENTRY_F0044.png'
03:18.652  render           | Saved: '/workspace/fuel-final/sections/fuel-corridor/production/renders/temporal/F17ci-entry-loop/C01_ENTRY_F0045.png'
03:25.362  render           | Saved: '/workspace/fuel-final/sections/fuel-corridor/production/renders/temporal/F17ci-entry-loop/C01_ENTRY_F0046.png'
03:32.505  render           | Saved: '/workspace/fuel-final/sections/fuel-corridor/production/renders/temporal/F17ci-entry-loop/C01_ENTRY_F0047.png'
03:39.477  render           | Saved: '/workspace/fuel-final/sections/fuel-corridor/production/renders/temporal/F17ci-entry-loop/C01_ENTRY_F0048.png'
03:46.641  render           | Saved: '/workspace/fuel-final/sections/fuel-corridor/production/renders/temporal/F17ci-entry-loop/C01_ENTRY_F0049.png'
03:54.156  render           | Saved: '/workspace/fuel-final/sections/fuel-corridor/production/renders/temporal/F17ci-entry-loop/C01_ENTRY_F0051.png'
04:00.656  render           | Saved: '/workspace/fuel-final/sections/fuel-corridor/production/renders/temporal/F17ci-entry-loop/C01_ENTRY_F0056.png'
04:06.204  render           | Saved: '/workspace/fuel-final/sections/fuel-corridor/production/renders/temporal/F17ci-entry-loop/C01_ENTRY_F0057.png'
04:11.488  render           | Saved: '/workspace/fuel-final/sections/fuel-corridor/production/renders/temporal/F17ci-entry-loop/C01_ENTRY_F0058.png'
04:16.589  render           | Saved: '/workspace/fuel-final/sections/fuel-corridor/production/renders/temporal/F17ci-entry-loop/C01_ENTRY_F0060.png'
04:22.663  render           | Saved: '/workspace/fuel-final/sections/fuel-corridor/production/renders/temporal/F17ci-entry-loop/C01_ENTRY_F0071.png'
04:28.760  render           | Saved: '/workspace/fuel-final/sections/fuel-corridor/production/renders/temporal/F17ci-entry-loop/C01_ENTRY_F0073.png'
04:33.953  render           | Saved: '/workspace/fuel-final/sections/fuel-corridor/production/renders/temporal/F17ci-entry-loop/C01_ENTRY_F0074.png'
04:39.317  render           | Saved: '/workspace/fuel-final/sections/fuel-corridor/production/renders/temporal/F17ci-entry-loop/C01_ENTRY_F0075.png'
04:44.568  render           | Saved: '/workspace/fuel-final/sections/fuel-corridor/production/renders/temporal/F17ci-entry-loop/C01_ENTRY_F0076.png'
04:49.557  render           | Saved: '/workspace/fuel-final/sections/fuel-corridor/production/renders/temporal/F17ci-entry-loop/C01_ENTRY_F0077.png'
04:54.806  render           | Saved: '/workspace/fuel-final/sections/fuel-corridor/production/renders/temporal/F17ci-entry-loop/C01_ENTRY_F0078.png'
04:59.941  render           | Saved: '/workspace/fuel-final/sections/fuel-corridor/production/renders/temporal/F17ci-entry-loop/C01_ENTRY_F0080.png'
05:05.677  render           | Saved: '/workspace/fuel-final/sections/fuel-corridor/production/renders/temporal/F17ci-entry-loop/C01_ENTRY_F0090.png'
05:11.435  render           | Saved: '/workspace/fuel-final/sections/fuel-corridor/production/renders/temporal/F17ci-entry-loop/C01_ENTRY_F0091.png'
05:16.836  render           | Saved: '/workspace/fuel-final/sections/fuel-corridor/production/renders/temporal/F17ci-entry-loop/C01_ENTRY_F0093.png'
05:22.201  render           | Saved: '/workspace/fuel-final/sections/fuel-corridor/production/renders/temporal/F17ci-entry-loop/C01_ENTRY_F0101.png'
05:27.506  render           | Saved: '/workspace/fuel-final/sections/fuel-corridor/production/renders/temporal/F17ci-entry-loop/C01_ENTRY_F0102.png'
05:32.683  render           | Saved: '/workspace/fuel-final/sections/fuel-corridor/production/renders/temporal/F17ci-entry-loop/C01_ENTRY_F0103.png'
05:37.596  render           | Saved: '/workspace/fuel-final/sections/fuel-corridor/production/renders/temporal/F17ci-entry-loop/C01_ENTRY_F0104.png'
05:42.652  render           | Saved: '/workspace/fuel-final/sections/fuel-corridor/production/renders/temporal/F17ci-entry-loop/C01_ENTRY_F0105.png'
05:47.588  render           | Saved: '/workspace/fuel-final/sections/fuel-corridor/production/renders/temporal/F17ci-entry-loop/C01_ENTRY_F0106.png'
05:52.690  render           | Saved: '/workspace/fuel-final/sections/fuel-corridor/production/renders/temporal/F17ci-entry-loop/C01_ENTRY_F0107.png'
05:58.253  render           | Saved: '/workspace/fuel-final/sections/fuel-corridor/production/renders/temporal/F17ci-entry-loop/C01_ENTRY_F0108.png'
06:03.566  render           | Saved: '/workspace/fuel-final/sections/fuel-corridor/production/renders/temporal/F17ci-entry-loop/C01_ENTRY_F0109.png'
06:08.700  render           | Saved: '/workspace/fuel-final/sections/fuel-corridor/production/renders/temporal/F17ci-entry-loop/C01_ENTRY_F0110.png'
06:14.385  render           | Saved: '/workspace/fuel-final/sections/fuel-corridor/production/renders/temporal/F17ci-entry-loop/C01_ENTRY_F0111.png'
06:19.715  render           | Saved: '/workspace/fuel-final/sections/fuel-corridor/production/renders/temporal/F17ci-entry-loop/C01_ENTRY_F0112.png'
06:25.192  render           | Saved: '/workspace/fuel-final/sections/fuel-corridor/production/renders/temporal/F17ci-entry-loop/C01_ENTRY_F0113.png'
06:30.165  render           | Saved: '/workspace/fuel-final/sections/fuel-corridor/production/renders/temporal/F17ci-entry-loop/C01_ENTRY_F0114.png'
06:35.183  render           | Saved: '/workspace/fuel-final/sections/fuel-corridor/production/renders/temporal/F17ci-entry-loop/C01_ENTRY_F0115.png'
06:40.350  render           | Saved: '/workspace/fuel-final/sections/fuel-corridor/production/renders/temporal/F17ci-entry-loop/C01_ENTRY_F0116.png'
06:45.267  render           | Saved: '/workspace/fuel-final/sections/fuel-corridor/production/renders/temporal/F17ci-entry-loop/C01_ENTRY_F0117.png'
06:50.278  render           | Saved: '/workspace/fuel-final/sections/fuel-corridor/production/renders/temporal/F17ci-entry-loop/C01_ENTRY_F0118.png'
06:55.160  render           | Saved: '/workspace/fuel-final/sections/fuel-corridor/production/renders/temporal/F17ci-entry-loop/C01_ENTRY_F0119.png'
07:00.209  render           | Saved: '/workspace/fuel-final/sections/fuel-corridor/production/renders/temporal/F17ci-entry-loop/C01_ENTRY_F0120.png'
07:05.406  render           | Saved: '/workspace/fuel-final/sections/fuel-corridor/production/renders/temporal/F17ci-entry-loop/C01_ENTRY_F0121.png'
07:10.654  render           | Saved: '/workspace/fuel-final/sections/fuel-corridor/production/renders/temporal/F17ci-entry-loop/C01_ENTRY_F0122.png'
07:15.733  render           | Saved: '/workspace/fuel-final/sections/fuel-corridor/production/renders/temporal/F17ci-entry-loop/C01_ENTRY_F0123.png'
07:21.029  render           | Saved: '/workspace/fuel-final/sections/fuel-corridor/production/renders/temporal/F17ci-entry-loop/C01_ENTRY_F0124.png'
07:26.018  render           | Saved: '/workspace/fuel-final/sections/fuel-corridor/production/renders/temporal/F17ci-entry-loop/C01_ENTRY_F0125.png'
07:31.135  render           | Saved: '/workspace/fuel-final/sections/fuel-corridor/production/renders/temporal/F17ci-entry-loop/C01_ENTRY_F0126.png'
07:36.340  render           | Saved: '/workspace/fuel-final/sections/fuel-corridor/production/renders/temporal/F17ci-entry-loop/C01_ENTRY_F0127.png'
07:41.550  render           | Saved: '/workspace/fuel-final/sections/fuel-corridor/production/renders/temporal/F17ci-entry-loop/C01_ENTRY_F0130.png'
07:46.825  render           | Saved: '/workspace/fuel-final/sections/fuel-corridor/production/renders/temporal/F17ci-entry-loop/C01_ENTRY_F0131.png'
07:52.469  render           | Saved: '/workspace/fuel-final/sections/fuel-corridor/production/renders/temporal/F17ci-entry-loop/C01_ENTRY_F0133.png'
07:58.115  render           | Saved: '/workspace/fuel-final/sections/fuel-corridor/production/renders/temporal/F17ci-entry-loop/C01_ENTRY_F0140.png'
08:03.778  render           | Saved: '/workspace/fuel-final/sections/fuel-corridor/production/renders/temporal/F17ci-entry-loop/C01_ENTRY_F0141.png'
08:09.454  render           | Saved: '/workspace/fuel-final/sections/fuel-corridor/production/renders/temporal/F17ci-entry-loop/C01_ENTRY_F0147.png'
08:15.065  render           | Saved: '/workspace/fuel-final/sections/fuel-corridor/production/renders/temporal/F17ci-entry-loop/C01_ENTRY_F0148.png'
08:20.852  render           | Saved: '/workspace/fuel-final/sections/fuel-corridor/production/renders/temporal/F17ci-entry-loop/C01_ENTRY_F0151.png'
08:27.295  render           | Saved: '/workspace/fuel-final/sections/fuel-corridor/production/renders/temporal/F17ci-entry-loop/C01_ENTRY_F0154.png'
08:33.664  render           | Saved: '/workspace/fuel-final/sections/fuel-corridor/production/renders/temporal/F17ci-entry-loop/C01_ENTRY_F0158.png'
08:39.786  render           | Saved: '/workspace/fuel-final/sections/fuel-corridor/production/renders/temporal/F17ci-entry-loop/C01_ENTRY_F0159.png'
08:45.560  render           | Saved: '/workspace/fuel-final/sections/fuel-corridor/production/renders/temporal/F17ci-entry-loop/C01_ENTRY_F0162.png'
08:51.747  render           | Saved: '/workspace/fuel-final/sections/fuel-corridor/production/renders/temporal/F17ci-entry-loop/C01_ENTRY_F0165.png'
08:57.305  render           | Saved: '/workspace/fuel-final/sections/fuel-corridor/production/renders/temporal/F17ci-entry-loop/C01_ENTRY_F0166.png'
09:03.066  render           | Saved: '/workspace/fuel-final/sections/fuel-corridor/production/renders/temporal/F17ci-entry-loop/C01_ENTRY_F0167.png'
09:08.393  render           | Saved: '/workspace/fuel-final/sections/fuel-corridor/production/renders/temporal/F17ci-entry-loop/C01_ENTRY_F0173.png'
09:14.477  render           | Saved: '/workspace/fuel-final/sections/fuel-corridor/production/renders/temporal/F17ci-entry-loop/C01_ENTRY_F0179.png'
09:20.525  render           | Saved: '/workspace/fuel-final/sections/fuel-corridor/production/renders/temporal/F17ci-entry-loop/C01_ENTRY_F0182.png'
09:27.048  render           | Saved: '/workspace/fuel-final/sections/fuel-corridor/production/renders/temporal/F17ci-entry-loop/C01_ENTRY_F0183.png'
09:33.421  render           | Saved: '/workspace/fuel-final/sections/fuel-corridor/production/renders/temporal/F17ci-entry-loop/C01_ENTRY_F0185.png'
09:39.662  render           | Saved: '/workspace/fuel-final/sections/fuel-corridor/production/renders/temporal/F17ci-entry-loop/C01_ENTRY_F0189.png'
09:45.734  render           | Saved: '/workspace/fuel-final/sections/fuel-corridor/production/renders/temporal/F17ci-entry-loop/C01_ENTRY_F0198.png'
09:51.230  render           | Saved: '/workspace/fuel-final/sections/fuel-corridor/production/renders/temporal/F17ci-entry-loop/C01_ENTRY_F0200.png'
09:57.090  render           | Saved: '/workspace/fuel-final/sections/fuel-corridor/production/renders/temporal/F17ci-entry-loop/C01_ENTRY_F0205.png'
10:03.075  render           | Saved: '/workspace/fuel-final/sections/fuel-corridor/production/renders/temporal/F17ci-entry-loop/C01_ENTRY_F0208.png'
10:08.367  render           | Saved: '/workspace/fuel-final/sections/fuel-corridor/production/renders/temporal/F17ci-entry-loop/C01_ENTRY_F0209.png'
10:13.701  render           | Saved: '/workspace/fuel-final/sections/fuel-corridor/production/renders/temporal/F17ci-entry-loop/C01_ENTRY_F0211.png'
10:19.030  render           | Saved: '/workspace/fuel-final/sections/fuel-corridor/production/renders/temporal/F17ci-entry-loop/C01_ENTRY_F0216.png'
10:24.557  render           | Saved: '/workspace/fuel-final/sections/fuel-corridor/production/renders/temporal/F17ci-entry-loop/C01_ENTRY_F0221.png'
10:29.795  render           | Saved: '/workspace/fuel-final/sections/fuel-corridor/production/renders/temporal/F17ci-entry-loop/C01_ENTRY_F0222.png'
10:34.930  render           | Saved: '/workspace/fuel-final/sections/fuel-corridor/production/renders/temporal/F17ci-entry-loop/C01_ENTRY_F0223.png'
10:39.900  render           | Saved: '/workspace/fuel-final/sections/fuel-corridor/production/renders/temporal/F17ci-entry-loop/C01_ENTRY_F0224.png'
10:45.145  render           | Saved: '/workspace/fuel-final/sections/fuel-corridor/production/renders/temporal/F17ci-entry-loop/C01_ENTRY_F0227.png'
10:50.278  render           | Saved: '/workspace/fuel-final/sections/fuel-corridor/production/renders/temporal/F17ci-entry-loop/C01_ENTRY_F0229.png'
10:55.519  render           | Saved: '/workspace/fuel-final/sections/fuel-corridor/production/renders/temporal/F17ci-entry-loop/C01_ENTRY_F0231.png'
11:00.615  render           | Saved: '/workspace/fuel-final/sections/fuel-corridor/production/renders/temporal/F17ci-entry-loop/C01_ENTRY_F0236.png'
REVIEW_MANIFEST /workspace/fuel-final/sections/fuel-corridor/production/renders/temporal/F17ci-entry-loop
NATIVE_LOOP_PREVIEW 112 rendered states; 240 frames, 24 fps, 10 seconds
Blender 5.2.1 LTS (hash 9e2066aef7ef built 2026-08-25 02:12:34)

Blender quit
