00:02.530  cycles           | WARNING CUEW initialization failed: Error opening the library
/workspace/critical-shift/sections/facility-assembly/sources/compliance-dock/render_dock.py:128: DeprecationWarning: 'Material.use_nodes' is expected to be removed in Blender 6.0
  m=bpy.data.materials.new(name);m.use_nodes=True;m.node_tree.nodes.clear()
RENDER_SHOT C01_ENTRY
00:42.793  render           | Saved: '/workspace/critical-shift/sections/facility-assembly/sources/compliance-dock/revamp/production/renders/full-cycle-06/C01_ENTRY.png'
RENDER_SHOT C02_HERO_DOCK
01:15.045  render           | Saved: '/workspace/critical-shift/sections/facility-assembly/sources/compliance-dock/revamp/production/renders/full-cycle-06/C02_HERO_DOCK.png'
RENDER_SHOT C03_CHECKIN_COUNTER
01:45.433  render           | Saved: '/workspace/critical-shift/sections/facility-assembly/sources/compliance-dock/revamp/production/renders/full-cycle-06/C03_CHECKIN_COUNTER.png'
RENDER_SHOT C04_SCANNER_APPROACH
02:19.889  render           | Saved: '/workspace/critical-shift/sections/facility-assembly/sources/compliance-dock/revamp/production/renders/full-cycle-06/C04_SCANNER_APPROACH.png'
RENDER_SHOT C05_CONVEYOR_LEAD_TUNNEL
02:49.143  render           | Saved: '/workspace/critical-shift/sections/facility-assembly/sources/compliance-dock/revamp/production/renders/full-cycle-06/C05_CONVEYOR_LEAD_TUNNEL.png'
RENDER_SHOT C06_CART_GATE_G1
03:25.314  render           | Saved: '/workspace/critical-shift/sections/facility-assembly/sources/compliance-dock/revamp/production/renders/full-cycle-06/C06_CART_GATE_G1.png'
RENDER_SHOT C07_OFFICE_INTERIOR
03:58.451  render           | Saved: '/workspace/critical-shift/sections/facility-assembly/sources/compliance-dock/revamp/production/renders/full-cycle-06/C07_OFFICE_INTERIOR.png'
RENDER_SHOT C08_CONCEALED_SUPPORT_H1
04:55.891  render           | Saved: '/workspace/critical-shift/sections/facility-assembly/sources/compliance-dock/revamp/production/renders/full-cycle-06/C08_CONCEALED_SUPPORT_H1.png'
RENDER_SHOT C09_ARRIVAL_GATE_P2
05:49.253  render           | Saved: '/workspace/critical-shift/sections/facility-assembly/sources/compliance-dock/revamp/production/renders/full-cycle-06/C09_ARRIVAL_GATE_P2.png'
RENDER_SHOT C10_ROOF_SERVICES
06:46.499  render           | Saved: '/workspace/critical-shift/sections/facility-assembly/sources/compliance-dock/revamp/production/renders/full-cycle-06/C10_ROOF_SERVICES.png'
RENDER_SHOT CORNER_SW
07:03.531  render           | Saved: '/workspace/critical-shift/sections/facility-assembly/sources/compliance-dock/revamp/production/renders/full-cycle-06/CORNER_SW.png'
RENDER_SHOT CORNER_SE
07:12.457  render           | Saved: '/workspace/critical-shift/sections/facility-assembly/sources/compliance-dock/revamp/production/renders/full-cycle-06/CORNER_SE.png'
RENDER_SHOT CORNER_NW
07:21.911  render           | Saved: '/workspace/critical-shift/sections/facility-assembly/sources/compliance-dock/revamp/production/renders/full-cycle-06/CORNER_NW.png'
RENDER_SHOT CORNER_NE
07:31.247  render           | Saved: '/workspace/critical-shift/sections/facility-assembly/sources/compliance-dock/revamp/production/renders/full-cycle-06/CORNER_NE.png'
RENDER_SHOT WALL_SOUTH
07:45.068  render           | Saved: '/workspace/critical-shift/sections/facility-assembly/sources/compliance-dock/revamp/production/renders/full-cycle-06/WALL_SOUTH.png'
RENDER_SHOT WALL_NORTH
07:57.958  render           | Saved: '/workspace/critical-shift/sections/facility-assembly/sources/compliance-dock/revamp/production/renders/full-cycle-06/WALL_NORTH.png'
RENDER_SHOT WALL_EAST
08:12.861  render           | Saved: '/workspace/critical-shift/sections/facility-assembly/sources/compliance-dock/revamp/production/renders/full-cycle-06/WALL_EAST.png'
RENDER_SHOT WALL_WEST
08:37.952  render           | Saved: '/workspace/critical-shift/sections/facility-assembly/sources/compliance-dock/revamp/production/renders/full-cycle-06/WALL_WEST.png'
RENDER_SHOT HERO_SCANNER
09:44.947  render           | Saved: '/workspace/critical-shift/sections/facility-assembly/sources/compliance-dock/revamp/production/renders/full-cycle-06/HERO_SCANNER.png'
RENDER_SHOT HERO_CARGO
10:40.129  render           | Saved: '/workspace/critical-shift/sections/facility-assembly/sources/compliance-dock/revamp/production/renders/full-cycle-06/HERO_CARGO.png'
RENDER_SHOT HERO_EVIDENCE
11:34.883  render           | Saved: '/workspace/critical-shift/sections/facility-assembly/sources/compliance-dock/revamp/production/renders/full-cycle-06/HERO_EVIDENCE.png'
RENDER_SHOT HERO_TROLLEY
12:21.510  render           | Saved: '/workspace/critical-shift/sections/facility-assembly/sources/compliance-dock/revamp/production/renders/full-cycle-06/HERO_TROLLEY.png'
RENDER_SHOT HERO_UTILITIES
12:49.531  render           | Saved: '/workspace/critical-shift/sections/facility-assembly/sources/compliance-dock/revamp/production/renders/full-cycle-06/HERO_UTILITIES.png'
RENDER_SHOT DETAIL_CHECKIN
13:20.211  render           | Saved: '/workspace/critical-shift/sections/facility-assembly/sources/compliance-dock/revamp/production/renders/full-cycle-06/DETAIL_CHECKIN.png'
RENDER_SHOT PLAYER_REVERSE
13:52.595  render           | Saved: '/workspace/critical-shift/sections/facility-assembly/sources/compliance-dock/revamp/production/renders/full-cycle-06/PLAYER_REVERSE.png'
RENDER_SHOT PLAYER_PINCH
14:21.482  render           | Saved: '/workspace/critical-shift/sections/facility-assembly/sources/compliance-dock/revamp/production/renders/full-cycle-06/PLAYER_PINCH.png'
RENDER_SHOT WALL_OFFICE_FRONT
14:47.390  render           | Saved: '/workspace/critical-shift/sections/facility-assembly/sources/compliance-dock/revamp/production/renders/full-cycle-06/WALL_OFFICE_FRONT.png'
RENDER_BATCH_COMPLETE 27
Blender 5.2.2 LTS (hash d13f752e3b9c built 2026-09-15 01:34:58)

Blender quit
