00:02.165  cycles           | WARNING CUEW initialization failed: Error opening the library
/workspace/critical-shift/sections/facility-assembly/sources/compliance-dock/render_dock.py:128: DeprecationWarning: 'Material.use_nodes' is expected to be removed in Blender 6.0
  m=bpy.data.materials.new(name);m.use_nodes=True;m.node_tree.nodes.clear()
RENDER_SHOT C01_ENTRY
00:42.217  render           | Saved: '/workspace/critical-shift/sections/facility-assembly/sources/compliance-dock/revamp/production/renders/full-cycle-03/C01_ENTRY.png'
RENDER_SHOT C02_HERO_DOCK
01:20.801  render           | Saved: '/workspace/critical-shift/sections/facility-assembly/sources/compliance-dock/revamp/production/renders/full-cycle-03/C02_HERO_DOCK.png'
RENDER_SHOT C03_CHECKIN_COUNTER
01:59.349  render           | Saved: '/workspace/critical-shift/sections/facility-assembly/sources/compliance-dock/revamp/production/renders/full-cycle-03/C03_CHECKIN_COUNTER.png'
RENDER_SHOT C04_SCANNER_APPROACH
02:37.181  render           | Saved: '/workspace/critical-shift/sections/facility-assembly/sources/compliance-dock/revamp/production/renders/full-cycle-03/C04_SCANNER_APPROACH.png'
RENDER_SHOT C05_CONVEYOR_LEAD_TUNNEL
03:11.499  render           | Saved: '/workspace/critical-shift/sections/facility-assembly/sources/compliance-dock/revamp/production/renders/full-cycle-03/C05_CONVEYOR_LEAD_TUNNEL.png'
RENDER_SHOT C06_CART_GATE_G1
03:47.194  render           | Saved: '/workspace/critical-shift/sections/facility-assembly/sources/compliance-dock/revamp/production/renders/full-cycle-03/C06_CART_GATE_G1.png'
RENDER_SHOT C07_OFFICE_INTERIOR
04:26.930  render           | Saved: '/workspace/critical-shift/sections/facility-assembly/sources/compliance-dock/revamp/production/renders/full-cycle-03/C07_OFFICE_INTERIOR.png'
RENDER_SHOT C08_CONCEALED_SUPPORT_H1
05:03.877  render           | Saved: '/workspace/critical-shift/sections/facility-assembly/sources/compliance-dock/revamp/production/renders/full-cycle-03/C08_CONCEALED_SUPPORT_H1.png'
RENDER_SHOT C09_ARRIVAL_GATE_P2
05:37.344  render           | Saved: '/workspace/critical-shift/sections/facility-assembly/sources/compliance-dock/revamp/production/renders/full-cycle-03/C09_ARRIVAL_GATE_P2.png'
RENDER_SHOT C10_ROOF_SERVICES
06:12.302  render           | Saved: '/workspace/critical-shift/sections/facility-assembly/sources/compliance-dock/revamp/production/renders/full-cycle-03/C10_ROOF_SERVICES.png'
RENDER_SHOT CORNER_SW
06:23.217  render           | Saved: '/workspace/critical-shift/sections/facility-assembly/sources/compliance-dock/revamp/production/renders/full-cycle-03/CORNER_SW.png'
RENDER_SHOT CORNER_SE
06:34.216  render           | Saved: '/workspace/critical-shift/sections/facility-assembly/sources/compliance-dock/revamp/production/renders/full-cycle-03/CORNER_SE.png'
RENDER_SHOT CORNER_NW
06:45.363  render           | Saved: '/workspace/critical-shift/sections/facility-assembly/sources/compliance-dock/revamp/production/renders/full-cycle-03/CORNER_NW.png'
RENDER_SHOT CORNER_NE
06:56.840  render           | Saved: '/workspace/critical-shift/sections/facility-assembly/sources/compliance-dock/revamp/production/renders/full-cycle-03/CORNER_NE.png'
RENDER_SHOT WALL_SOUTH
07:13.403  render           | Saved: '/workspace/critical-shift/sections/facility-assembly/sources/compliance-dock/revamp/production/renders/full-cycle-03/WALL_SOUTH.png'
RENDER_SHOT WALL_NORTH
07:29.512  render           | Saved: '/workspace/critical-shift/sections/facility-assembly/sources/compliance-dock/revamp/production/renders/full-cycle-03/WALL_NORTH.png'
RENDER_SHOT WALL_EAST
07:43.940  render           | Saved: '/workspace/critical-shift/sections/facility-assembly/sources/compliance-dock/revamp/production/renders/full-cycle-03/WALL_EAST.png'
RENDER_SHOT WALL_WEST
07:59.461  render           | Saved: '/workspace/critical-shift/sections/facility-assembly/sources/compliance-dock/revamp/production/renders/full-cycle-03/WALL_WEST.png'
RENDER_SHOT HERO_SCANNER
08:39.225  render           | Saved: '/workspace/critical-shift/sections/facility-assembly/sources/compliance-dock/revamp/production/renders/full-cycle-03/HERO_SCANNER.png'
RENDER_SHOT HERO_CARGO
09:13.367  render           | Saved: '/workspace/critical-shift/sections/facility-assembly/sources/compliance-dock/revamp/production/renders/full-cycle-03/HERO_CARGO.png'
RENDER_SHOT HERO_EVIDENCE
09:48.251  render           | Saved: '/workspace/critical-shift/sections/facility-assembly/sources/compliance-dock/revamp/production/renders/full-cycle-03/HERO_EVIDENCE.png'
RENDER_SHOT HERO_TROLLEY
10:24.921  render           | Saved: '/workspace/critical-shift/sections/facility-assembly/sources/compliance-dock/revamp/production/renders/full-cycle-03/HERO_TROLLEY.png'
RENDER_SHOT HERO_UTILITIES
11:02.752  render           | Saved: '/workspace/critical-shift/sections/facility-assembly/sources/compliance-dock/revamp/production/renders/full-cycle-03/HERO_UTILITIES.png'
RENDER_SHOT DETAIL_CHECKIN
11:40.417  render           | Saved: '/workspace/critical-shift/sections/facility-assembly/sources/compliance-dock/revamp/production/renders/full-cycle-03/DETAIL_CHECKIN.png'
RENDER_SHOT PLAYER_REVERSE
12:18.954  render           | Saved: '/workspace/critical-shift/sections/facility-assembly/sources/compliance-dock/revamp/production/renders/full-cycle-03/PLAYER_REVERSE.png'
RENDER_SHOT PLAYER_PINCH
12:53.657  render           | Saved: '/workspace/critical-shift/sections/facility-assembly/sources/compliance-dock/revamp/production/renders/full-cycle-03/PLAYER_PINCH.png'
RENDER_SHOT WALL_OFFICE_FRONT
13:26.371  render           | Saved: '/workspace/critical-shift/sections/facility-assembly/sources/compliance-dock/revamp/production/renders/full-cycle-03/WALL_OFFICE_FRONT.png'
RENDER_BATCH_COMPLETE 27
Blender 5.2.2 LTS (hash d13f752e3b9c built 2026-09-15 01:34:58)

Blender quit
