00:02.469  cycles           | WARNING CUEW initialization failed: Error opening the library
/workspace/critical-shift/sections/facility-assembly/sources/compliance-dock/render_dock.py:128: DeprecationWarning: 'Material.use_nodes' is expected to be removed in Blender 6.0
  m=bpy.data.materials.new(name);m.use_nodes=True;m.node_tree.nodes.clear()
RENDER_SHOT C01_ENTRY
00:46.899  render           | Saved: '/workspace/critical-shift/sections/facility-assembly/sources/compliance-dock/revamp/production/renders/full-cycle-05/C01_ENTRY.png'
RENDER_SHOT C02_HERO_DOCK
01:28.346  render           | Saved: '/workspace/critical-shift/sections/facility-assembly/sources/compliance-dock/revamp/production/renders/full-cycle-05/C02_HERO_DOCK.png'
RENDER_SHOT C03_CHECKIN_COUNTER
02:08.744  render           | Saved: '/workspace/critical-shift/sections/facility-assembly/sources/compliance-dock/revamp/production/renders/full-cycle-05/C03_CHECKIN_COUNTER.png'
RENDER_SHOT C04_SCANNER_APPROACH
02:51.518  render           | Saved: '/workspace/critical-shift/sections/facility-assembly/sources/compliance-dock/revamp/production/renders/full-cycle-05/C04_SCANNER_APPROACH.png'
RENDER_SHOT C05_CONVEYOR_LEAD_TUNNEL
03:29.337  render           | Saved: '/workspace/critical-shift/sections/facility-assembly/sources/compliance-dock/revamp/production/renders/full-cycle-05/C05_CONVEYOR_LEAD_TUNNEL.png'
RENDER_SHOT C06_CART_GATE_G1
04:10.049  render           | Saved: '/workspace/critical-shift/sections/facility-assembly/sources/compliance-dock/revamp/production/renders/full-cycle-05/C06_CART_GATE_G1.png'
RENDER_SHOT C07_OFFICE_INTERIOR
04:52.905  render           | Saved: '/workspace/critical-shift/sections/facility-assembly/sources/compliance-dock/revamp/production/renders/full-cycle-05/C07_OFFICE_INTERIOR.png'
RENDER_SHOT C08_CONCEALED_SUPPORT_H1
05:33.506  render           | Saved: '/workspace/critical-shift/sections/facility-assembly/sources/compliance-dock/revamp/production/renders/full-cycle-05/C08_CONCEALED_SUPPORT_H1.png'
RENDER_SHOT C09_ARRIVAL_GATE_P2
06:09.038  render           | Saved: '/workspace/critical-shift/sections/facility-assembly/sources/compliance-dock/revamp/production/renders/full-cycle-05/C09_ARRIVAL_GATE_P2.png'
RENDER_SHOT C10_ROOF_SERVICES
06:47.038  render           | Saved: '/workspace/critical-shift/sections/facility-assembly/sources/compliance-dock/revamp/production/renders/full-cycle-05/C10_ROOF_SERVICES.png'
RENDER_SHOT CORNER_SW
06:59.091  render           | Saved: '/workspace/critical-shift/sections/facility-assembly/sources/compliance-dock/revamp/production/renders/full-cycle-05/CORNER_SW.png'
RENDER_SHOT CORNER_SE
07:10.733  render           | Saved: '/workspace/critical-shift/sections/facility-assembly/sources/compliance-dock/revamp/production/renders/full-cycle-05/CORNER_SE.png'
RENDER_SHOT CORNER_NW
07:23.458  render           | Saved: '/workspace/critical-shift/sections/facility-assembly/sources/compliance-dock/revamp/production/renders/full-cycle-05/CORNER_NW.png'
RENDER_SHOT CORNER_NE
07:36.105  render           | Saved: '/workspace/critical-shift/sections/facility-assembly/sources/compliance-dock/revamp/production/renders/full-cycle-05/CORNER_NE.png'
RENDER_SHOT WALL_SOUTH
07:53.895  render           | Saved: '/workspace/critical-shift/sections/facility-assembly/sources/compliance-dock/revamp/production/renders/full-cycle-05/WALL_SOUTH.png'
RENDER_SHOT WALL_NORTH
08:11.257  render           | Saved: '/workspace/critical-shift/sections/facility-assembly/sources/compliance-dock/revamp/production/renders/full-cycle-05/WALL_NORTH.png'
RENDER_SHOT WALL_EAST
08:27.680  render           | Saved: '/workspace/critical-shift/sections/facility-assembly/sources/compliance-dock/revamp/production/renders/full-cycle-05/WALL_EAST.png'
RENDER_SHOT WALL_WEST
08:44.623  render           | Saved: '/workspace/critical-shift/sections/facility-assembly/sources/compliance-dock/revamp/production/renders/full-cycle-05/WALL_WEST.png'
RENDER_SHOT HERO_SCANNER
09:27.638  render           | Saved: '/workspace/critical-shift/sections/facility-assembly/sources/compliance-dock/revamp/production/renders/full-cycle-05/HERO_SCANNER.png'
RENDER_SHOT HERO_CARGO
10:06.027  render           | Saved: '/workspace/critical-shift/sections/facility-assembly/sources/compliance-dock/revamp/production/renders/full-cycle-05/HERO_CARGO.png'
RENDER_SHOT HERO_EVIDENCE
10:44.146  render           | Saved: '/workspace/critical-shift/sections/facility-assembly/sources/compliance-dock/revamp/production/renders/full-cycle-05/HERO_EVIDENCE.png'
RENDER_SHOT HERO_TROLLEY
11:24.584  render           | Saved: '/workspace/critical-shift/sections/facility-assembly/sources/compliance-dock/revamp/production/renders/full-cycle-05/HERO_TROLLEY.png'
RENDER_SHOT HERO_UTILITIES
12:03.002  render           | Saved: '/workspace/critical-shift/sections/facility-assembly/sources/compliance-dock/revamp/production/renders/full-cycle-05/HERO_UTILITIES.png'
RENDER_SHOT DETAIL_CHECKIN
12:42.737  render           | Saved: '/workspace/critical-shift/sections/facility-assembly/sources/compliance-dock/revamp/production/renders/full-cycle-05/DETAIL_CHECKIN.png'
RENDER_SHOT PLAYER_REVERSE
13:26.184  render           | Saved: '/workspace/critical-shift/sections/facility-assembly/sources/compliance-dock/revamp/production/renders/full-cycle-05/PLAYER_REVERSE.png'
RENDER_SHOT PLAYER_PINCH
14:04.056  render           | Saved: '/workspace/critical-shift/sections/facility-assembly/sources/compliance-dock/revamp/production/renders/full-cycle-05/PLAYER_PINCH.png'
RENDER_SHOT WALL_OFFICE_FRONT
14:38.202  render           | Saved: '/workspace/critical-shift/sections/facility-assembly/sources/compliance-dock/revamp/production/renders/full-cycle-05/WALL_OFFICE_FRONT.png'
RENDER_BATCH_COMPLETE 27
Blender 5.2.2 LTS (hash d13f752e3b9c built 2026-09-15 01:34:58)

Blender quit
