00:03.624  cycles           | WARNING CUEW initialization failed: Error opening the library
/workspace/critical-shift/sections/facility-assembly/sources/compliance-dock/render_dock.py:130: DeprecationWarning: 'Material.use_nodes' is expected to be removed in Blender 6.0
  m=bpy.data.materials.new(name);m.use_nodes=True;m.node_tree.nodes.clear()
RENDER_SHOT C01_ENTRY
01:21.754  render           | Saved: '/workspace/critical-shift/sections/facility-assembly/sources/compliance-dock/revamp/production/renders/full-f13-f14-camera-baseline/C01_ENTRY.png'
RENDER_SHOT C02_HERO_DOCK
02:28.884  render           | Saved: '/workspace/critical-shift/sections/facility-assembly/sources/compliance-dock/revamp/production/renders/full-f13-f14-camera-baseline/C02_HERO_DOCK.png'
RENDER_SHOT C03_CHECKIN_COUNTER
03:23.882  render           | Saved: '/workspace/critical-shift/sections/facility-assembly/sources/compliance-dock/revamp/production/renders/full-f13-f14-camera-baseline/C03_CHECKIN_COUNTER.png'
RENDER_SHOT C04_SCANNER_APPROACH
03:56.810  render           | Saved: '/workspace/critical-shift/sections/facility-assembly/sources/compliance-dock/revamp/production/renders/full-f13-f14-camera-baseline/C04_SCANNER_APPROACH.png'
RENDER_SHOT C05_CONVEYOR_LEAD_TUNNEL
04:24.946  render           | Saved: '/workspace/critical-shift/sections/facility-assembly/sources/compliance-dock/revamp/production/renders/full-f13-f14-camera-baseline/C05_CONVEYOR_LEAD_TUNNEL.png'
RENDER_SHOT C06_CART_GATE_G1
04:55.737  render           | Saved: '/workspace/critical-shift/sections/facility-assembly/sources/compliance-dock/revamp/production/renders/full-f13-f14-camera-baseline/C06_CART_GATE_G1.png'
RENDER_SHOT C07_OFFICE_INTERIOR
05:28.224  render           | Saved: '/workspace/critical-shift/sections/facility-assembly/sources/compliance-dock/revamp/production/renders/full-f13-f14-camera-baseline/C07_OFFICE_INTERIOR.png'
RENDER_SHOT C08_CONCEALED_SUPPORT_H1
05:58.513  render           | Saved: '/workspace/critical-shift/sections/facility-assembly/sources/compliance-dock/revamp/production/renders/full-f13-f14-camera-baseline/C08_CONCEALED_SUPPORT_H1.png'
RENDER_SHOT C09_ARRIVAL_GATE_P2
06:26.844  render           | Saved: '/workspace/critical-shift/sections/facility-assembly/sources/compliance-dock/revamp/production/renders/full-f13-f14-camera-baseline/C09_ARRIVAL_GATE_P2.png'
RENDER_SHOT C10_ROOF_SERVICES
06:56.473  render           | Saved: '/workspace/critical-shift/sections/facility-assembly/sources/compliance-dock/revamp/production/renders/full-f13-f14-camera-baseline/C10_ROOF_SERVICES.png'
RENDER_SHOT CORNER_SW
07:05.452  render           | Saved: '/workspace/critical-shift/sections/facility-assembly/sources/compliance-dock/revamp/production/renders/full-f13-f14-camera-baseline/CORNER_SW.png'
RENDER_SHOT CORNER_SE
07:14.406  render           | Saved: '/workspace/critical-shift/sections/facility-assembly/sources/compliance-dock/revamp/production/renders/full-f13-f14-camera-baseline/CORNER_SE.png'
RENDER_SHOT CORNER_NW
07:23.922  render           | Saved: '/workspace/critical-shift/sections/facility-assembly/sources/compliance-dock/revamp/production/renders/full-f13-f14-camera-baseline/CORNER_NW.png'
RENDER_SHOT CORNER_NE
07:33.083  render           | Saved: '/workspace/critical-shift/sections/facility-assembly/sources/compliance-dock/revamp/production/renders/full-f13-f14-camera-baseline/CORNER_NE.png'
RENDER_SHOT WALL_SOUTH
07:46.356  render           | Saved: '/workspace/critical-shift/sections/facility-assembly/sources/compliance-dock/revamp/production/renders/full-f13-f14-camera-baseline/WALL_SOUTH.png'
RENDER_SHOT WALL_NORTH
07:59.566  render           | Saved: '/workspace/critical-shift/sections/facility-assembly/sources/compliance-dock/revamp/production/renders/full-f13-f14-camera-baseline/WALL_NORTH.png'
RENDER_SHOT WALL_EAST
08:11.561  render           | Saved: '/workspace/critical-shift/sections/facility-assembly/sources/compliance-dock/revamp/production/renders/full-f13-f14-camera-baseline/WALL_EAST.png'
RENDER_SHOT WALL_WEST
08:24.237  render           | Saved: '/workspace/critical-shift/sections/facility-assembly/sources/compliance-dock/revamp/production/renders/full-f13-f14-camera-baseline/WALL_WEST.png'
RENDER_SHOT HERO_SCANNER
09:00.516  render           | Saved: '/workspace/critical-shift/sections/facility-assembly/sources/compliance-dock/revamp/production/renders/full-f13-f14-camera-baseline/HERO_SCANNER.png'
RENDER_SHOT HERO_CARGO
09:28.760  render           | Saved: '/workspace/critical-shift/sections/facility-assembly/sources/compliance-dock/revamp/production/renders/full-f13-f14-camera-baseline/HERO_CARGO.png'
RENDER_SHOT HERO_EVIDENCE
09:55.828  render           | Saved: '/workspace/critical-shift/sections/facility-assembly/sources/compliance-dock/revamp/production/renders/full-f13-f14-camera-baseline/HERO_EVIDENCE.png'
RENDER_SHOT HERO_TROLLEY
10:26.533  render           | Saved: '/workspace/critical-shift/sections/facility-assembly/sources/compliance-dock/revamp/production/renders/full-f13-f14-camera-baseline/HERO_TROLLEY.png'
RENDER_SHOT HERO_UTILITIES
10:53.989  render           | Saved: '/workspace/critical-shift/sections/facility-assembly/sources/compliance-dock/revamp/production/renders/full-f13-f14-camera-baseline/HERO_UTILITIES.png'
RENDER_SHOT DETAIL_CHECKIN
11:24.316  render           | Saved: '/workspace/critical-shift/sections/facility-assembly/sources/compliance-dock/revamp/production/renders/full-f13-f14-camera-baseline/DETAIL_CHECKIN.png'
RENDER_SHOT PLAYER_REVERSE
11:56.957  render           | Saved: '/workspace/critical-shift/sections/facility-assembly/sources/compliance-dock/revamp/production/renders/full-f13-f14-camera-baseline/PLAYER_REVERSE.png'
RENDER_SHOT PLAYER_PINCH
12:25.777  render           | Saved: '/workspace/critical-shift/sections/facility-assembly/sources/compliance-dock/revamp/production/renders/full-f13-f14-camera-baseline/PLAYER_PINCH.png'
RENDER_SHOT WALL_OFFICE_FRONT
12:51.976  render           | Saved: '/workspace/critical-shift/sections/facility-assembly/sources/compliance-dock/revamp/production/renders/full-f13-f14-camera-baseline/WALL_OFFICE_FRONT.png'
RENDER_BATCH_COMPLETE 27
Blender 5.2.2 LTS (hash d13f752e3b9c built 2026-09-15 01:34:58)

Blender quit
