00:02.430  cycles           | WARNING CUEW initialization failed: Error opening the library
/workspace/critical-shift/sections/facility-assembly/sources/compliance-dock/render_dock.py:130: DeprecationWarning: 'Material.use_nodes' is expected to be removed in Blender 6.0
  m=bpy.data.materials.new(name);m.use_nodes=True;m.node_tree.nodes.clear()
RENDER_SHOT C01_ENTRY
00:46.534  render           | Saved: '/workspace/critical-shift/sections/facility-assembly/sources/compliance-dock/revamp/production/renders/full-f12-f13-camera-baseline-02/C01_ENTRY.png'
RENDER_SHOT C02_HERO_DOCK
01:28.073  render           | Saved: '/workspace/critical-shift/sections/facility-assembly/sources/compliance-dock/revamp/production/renders/full-f12-f13-camera-baseline-02/C02_HERO_DOCK.png'
RENDER_SHOT C03_CHECKIN_COUNTER
02:06.386  render           | Saved: '/workspace/critical-shift/sections/facility-assembly/sources/compliance-dock/revamp/production/renders/full-f12-f13-camera-baseline-02/C03_CHECKIN_COUNTER.png'
RENDER_SHOT C04_SCANNER_APPROACH
02:49.312  render           | Saved: '/workspace/critical-shift/sections/facility-assembly/sources/compliance-dock/revamp/production/renders/full-f12-f13-camera-baseline-02/C04_SCANNER_APPROACH.png'
RENDER_SHOT C05_CONVEYOR_LEAD_TUNNEL
03:25.185  render           | Saved: '/workspace/critical-shift/sections/facility-assembly/sources/compliance-dock/revamp/production/renders/full-f12-f13-camera-baseline-02/C05_CONVEYOR_LEAD_TUNNEL.png'
RENDER_SHOT C06_CART_GATE_G1
04:06.209  render           | Saved: '/workspace/critical-shift/sections/facility-assembly/sources/compliance-dock/revamp/production/renders/full-f12-f13-camera-baseline-02/C06_CART_GATE_G1.png'
RENDER_SHOT C07_OFFICE_INTERIOR
04:49.165  render           | Saved: '/workspace/critical-shift/sections/facility-assembly/sources/compliance-dock/revamp/production/renders/full-f12-f13-camera-baseline-02/C07_OFFICE_INTERIOR.png'
RENDER_SHOT C08_CONCEALED_SUPPORT_H1
05:28.718  render           | Saved: '/workspace/critical-shift/sections/facility-assembly/sources/compliance-dock/revamp/production/renders/full-f12-f13-camera-baseline-02/C08_CONCEALED_SUPPORT_H1.png'
RENDER_SHOT C09_ARRIVAL_GATE_P2
06:04.139  render           | Saved: '/workspace/critical-shift/sections/facility-assembly/sources/compliance-dock/revamp/production/renders/full-f12-f13-camera-baseline-02/C09_ARRIVAL_GATE_P2.png'
RENDER_SHOT C10_ROOF_SERVICES
06:41.118  render           | Saved: '/workspace/critical-shift/sections/facility-assembly/sources/compliance-dock/revamp/production/renders/full-f12-f13-camera-baseline-02/C10_ROOF_SERVICES.png'
RENDER_SHOT CORNER_SW
06:52.262  render           | Saved: '/workspace/critical-shift/sections/facility-assembly/sources/compliance-dock/revamp/production/renders/full-f12-f13-camera-baseline-02/CORNER_SW.png'
RENDER_SHOT CORNER_SE
07:03.486  render           | Saved: '/workspace/critical-shift/sections/facility-assembly/sources/compliance-dock/revamp/production/renders/full-f12-f13-camera-baseline-02/CORNER_SE.png'
RENDER_SHOT CORNER_NW
07:15.255  render           | Saved: '/workspace/critical-shift/sections/facility-assembly/sources/compliance-dock/revamp/production/renders/full-f12-f13-camera-baseline-02/CORNER_NW.png'
RENDER_SHOT CORNER_NE
07:27.053  render           | Saved: '/workspace/critical-shift/sections/facility-assembly/sources/compliance-dock/revamp/production/renders/full-f12-f13-camera-baseline-02/CORNER_NE.png'
RENDER_SHOT WALL_SOUTH
07:44.412  render           | Saved: '/workspace/critical-shift/sections/facility-assembly/sources/compliance-dock/revamp/production/renders/full-f12-f13-camera-baseline-02/WALL_SOUTH.png'
RENDER_SHOT WALL_NORTH
08:00.838  render           | Saved: '/workspace/critical-shift/sections/facility-assembly/sources/compliance-dock/revamp/production/renders/full-f12-f13-camera-baseline-02/WALL_NORTH.png'
RENDER_SHOT WALL_EAST
08:15.922  render           | Saved: '/workspace/critical-shift/sections/facility-assembly/sources/compliance-dock/revamp/production/renders/full-f12-f13-camera-baseline-02/WALL_EAST.png'
RENDER_SHOT WALL_WEST
08:31.694  render           | Saved: '/workspace/critical-shift/sections/facility-assembly/sources/compliance-dock/revamp/production/renders/full-f12-f13-camera-baseline-02/WALL_WEST.png'
RENDER_SHOT HERO_SCANNER
09:13.061  render           | Saved: '/workspace/critical-shift/sections/facility-assembly/sources/compliance-dock/revamp/production/renders/full-f12-f13-camera-baseline-02/HERO_SCANNER.png'
RENDER_SHOT HERO_CARGO
09:50.004  render           | Saved: '/workspace/critical-shift/sections/facility-assembly/sources/compliance-dock/revamp/production/renders/full-f12-f13-camera-baseline-02/HERO_CARGO.png'
RENDER_SHOT HERO_EVIDENCE
10:24.268  render           | Saved: '/workspace/critical-shift/sections/facility-assembly/sources/compliance-dock/revamp/production/renders/full-f12-f13-camera-baseline-02/HERO_EVIDENCE.png'
RENDER_SHOT HERO_TROLLEY
11:03.540  render           | Saved: '/workspace/critical-shift/sections/facility-assembly/sources/compliance-dock/revamp/production/renders/full-f12-f13-camera-baseline-02/HERO_TROLLEY.png'
RENDER_SHOT HERO_UTILITIES
11:38.931  render           | Saved: '/workspace/critical-shift/sections/facility-assembly/sources/compliance-dock/revamp/production/renders/full-f12-f13-camera-baseline-02/HERO_UTILITIES.png'
RENDER_SHOT DETAIL_CHECKIN
12:17.823  render           | Saved: '/workspace/critical-shift/sections/facility-assembly/sources/compliance-dock/revamp/production/renders/full-f12-f13-camera-baseline-02/DETAIL_CHECKIN.png'
RENDER_SHOT PLAYER_REVERSE
12:59.424  render           | Saved: '/workspace/critical-shift/sections/facility-assembly/sources/compliance-dock/revamp/production/renders/full-f12-f13-camera-baseline-02/PLAYER_REVERSE.png'
RENDER_SHOT PLAYER_PINCH
13:35.358  render           | Saved: '/workspace/critical-shift/sections/facility-assembly/sources/compliance-dock/revamp/production/renders/full-f12-f13-camera-baseline-02/PLAYER_PINCH.png'
RENDER_SHOT WALL_OFFICE_FRONT
14:08.758  render           | Saved: '/workspace/critical-shift/sections/facility-assembly/sources/compliance-dock/revamp/production/renders/full-f12-f13-camera-baseline-02/WALL_OFFICE_FRONT.png'
RENDER_BATCH_COMPLETE 27
Blender 5.2.2 LTS (hash d13f752e3b9c built 2026-09-15 01:34:58)

Blender quit
