00:02.585  cycles           | WARNING CUEW initialization failed: Error opening the library
/workspace/critical-shift/sections/facility-assembly/sources/compliance-dock/render_dock.py:130: DeprecationWarning: 'Material.use_nodes' is expected to be removed in Blender 6.0
  m=bpy.data.materials.new(name);m.use_nodes=True;m.node_tree.nodes.clear()
RENDER_SHOT C01_ENTRY
01:48.350  render           | Saved: '/workspace/critical-shift/sections/facility-assembly/sources/compliance-dock/revamp/production/renders/full-cycle-07/C01_ENTRY.png'
RENDER_SHOT C02_HERO_DOCK
03:26.324  render           | Saved: '/workspace/critical-shift/sections/facility-assembly/sources/compliance-dock/revamp/production/renders/full-cycle-07/C02_HERO_DOCK.png'
RENDER_SHOT C03_CHECKIN_COUNTER
04:43.421  render           | Saved: '/workspace/critical-shift/sections/facility-assembly/sources/compliance-dock/revamp/production/renders/full-cycle-07/C03_CHECKIN_COUNTER.png'
RENDER_SHOT C04_SCANNER_APPROACH
05:41.433  render           | Saved: '/workspace/critical-shift/sections/facility-assembly/sources/compliance-dock/revamp/production/renders/full-cycle-07/C04_SCANNER_APPROACH.png'
RENDER_SHOT C05_CONVEYOR_LEAD_TUNNEL
06:10.138  render           | Saved: '/workspace/critical-shift/sections/facility-assembly/sources/compliance-dock/revamp/production/renders/full-cycle-07/C05_CONVEYOR_LEAD_TUNNEL.png'
RENDER_SHOT C06_CART_GATE_G1
06:40.938  render           | Saved: '/workspace/critical-shift/sections/facility-assembly/sources/compliance-dock/revamp/production/renders/full-cycle-07/C06_CART_GATE_G1.png'
RENDER_SHOT C07_OFFICE_INTERIOR
07:13.482  render           | Saved: '/workspace/critical-shift/sections/facility-assembly/sources/compliance-dock/revamp/production/renders/full-cycle-07/C07_OFFICE_INTERIOR.png'
RENDER_SHOT C08_CONCEALED_SUPPORT_H1
07:44.436  render           | Saved: '/workspace/critical-shift/sections/facility-assembly/sources/compliance-dock/revamp/production/renders/full-cycle-07/C08_CONCEALED_SUPPORT_H1.png'
RENDER_SHOT C09_ARRIVAL_GATE_P2
08:12.950  render           | Saved: '/workspace/critical-shift/sections/facility-assembly/sources/compliance-dock/revamp/production/renders/full-cycle-07/C09_ARRIVAL_GATE_P2.png'
RENDER_SHOT C10_ROOF_SERVICES
08:42.940  render           | Saved: '/workspace/critical-shift/sections/facility-assembly/sources/compliance-dock/revamp/production/renders/full-cycle-07/C10_ROOF_SERVICES.png'
RENDER_SHOT CORNER_SW
08:52.191  render           | Saved: '/workspace/critical-shift/sections/facility-assembly/sources/compliance-dock/revamp/production/renders/full-cycle-07/CORNER_SW.png'
RENDER_SHOT CORNER_SE
09:01.120  render           | Saved: '/workspace/critical-shift/sections/facility-assembly/sources/compliance-dock/revamp/production/renders/full-cycle-07/CORNER_SE.png'
RENDER_SHOT CORNER_NW
09:10.562  render           | Saved: '/workspace/critical-shift/sections/facility-assembly/sources/compliance-dock/revamp/production/renders/full-cycle-07/CORNER_NW.png'
RENDER_SHOT CORNER_NE
09:22.114  render           | Saved: '/workspace/critical-shift/sections/facility-assembly/sources/compliance-dock/revamp/production/renders/full-cycle-07/CORNER_NE.png'
RENDER_SHOT WALL_SOUTH
09:47.832  render           | Saved: '/workspace/critical-shift/sections/facility-assembly/sources/compliance-dock/revamp/production/renders/full-cycle-07/WALL_SOUTH.png'
RENDER_SHOT WALL_NORTH
10:03.166  render           | Saved: '/workspace/critical-shift/sections/facility-assembly/sources/compliance-dock/revamp/production/renders/full-cycle-07/WALL_NORTH.png'
RENDER_SHOT WALL_EAST
10:14.986  render           | Saved: '/workspace/critical-shift/sections/facility-assembly/sources/compliance-dock/revamp/production/renders/full-cycle-07/WALL_EAST.png'
RENDER_SHOT WALL_WEST
10:27.417  render           | Saved: '/workspace/critical-shift/sections/facility-assembly/sources/compliance-dock/revamp/production/renders/full-cycle-07/WALL_WEST.png'
RENDER_SHOT HERO_SCANNER
11:01.313  render           | Saved: '/workspace/critical-shift/sections/facility-assembly/sources/compliance-dock/revamp/production/renders/full-cycle-07/HERO_SCANNER.png'
RENDER_SHOT HERO_CARGO
11:30.115  render           | Saved: '/workspace/critical-shift/sections/facility-assembly/sources/compliance-dock/revamp/production/renders/full-cycle-07/HERO_CARGO.png'
RENDER_SHOT HERO_EVIDENCE
11:57.258  render           | Saved: '/workspace/critical-shift/sections/facility-assembly/sources/compliance-dock/revamp/production/renders/full-cycle-07/HERO_EVIDENCE.png'
RENDER_SHOT HERO_TROLLEY
12:30.815  render           | Saved: '/workspace/critical-shift/sections/facility-assembly/sources/compliance-dock/revamp/production/renders/full-cycle-07/HERO_TROLLEY.png'
RENDER_SHOT HERO_UTILITIES
13:02.123  render           | Saved: '/workspace/critical-shift/sections/facility-assembly/sources/compliance-dock/revamp/production/renders/full-cycle-07/HERO_UTILITIES.png'
RENDER_SHOT DETAIL_CHECKIN
13:33.996  render           | Saved: '/workspace/critical-shift/sections/facility-assembly/sources/compliance-dock/revamp/production/renders/full-cycle-07/DETAIL_CHECKIN.png'
RENDER_SHOT PLAYER_REVERSE
14:06.551  render           | Saved: '/workspace/critical-shift/sections/facility-assembly/sources/compliance-dock/revamp/production/renders/full-cycle-07/PLAYER_REVERSE.png'
RENDER_SHOT PLAYER_PINCH
14:35.680  render           | Saved: '/workspace/critical-shift/sections/facility-assembly/sources/compliance-dock/revamp/production/renders/full-cycle-07/PLAYER_PINCH.png'
RENDER_SHOT WALL_OFFICE_FRONT
15:02.090  render           | Saved: '/workspace/critical-shift/sections/facility-assembly/sources/compliance-dock/revamp/production/renders/full-cycle-07/WALL_OFFICE_FRONT.png'
RENDER_BATCH_COMPLETE 27
Blender 5.2.2 LTS (hash d13f752e3b9c built 2026-09-15 01:34:58)

Blender quit
