00:02.432  cycles           | WARNING CUEW initialization failed: Error opening the library
/workspace/critical-shift/sections/facility-assembly/sources/compliance-dock/render_dock.py:130: DeprecationWarning: 'Material.use_nodes' is expected to be removed in Blender 6.0
  m=bpy.data.materials.new(name);m.use_nodes=True;m.node_tree.nodes.clear()
RENDER_SHOT C01_ENTRY
00:37.102  render           | Saved: '/workspace/critical-shift/sections/facility-assembly/sources/compliance-dock/revamp/production/renders/full-cycle-08/C01_ENTRY.png'
RENDER_SHOT C02_HERO_DOCK
01:08.946  render           | Saved: '/workspace/critical-shift/sections/facility-assembly/sources/compliance-dock/revamp/production/renders/full-cycle-08/C02_HERO_DOCK.png'
RENDER_SHOT C03_CHECKIN_COUNTER
01:38.801  render           | Saved: '/workspace/critical-shift/sections/facility-assembly/sources/compliance-dock/revamp/production/renders/full-cycle-08/C03_CHECKIN_COUNTER.png'
RENDER_SHOT C04_SCANNER_APPROACH
02:13.490  render           | Saved: '/workspace/critical-shift/sections/facility-assembly/sources/compliance-dock/revamp/production/renders/full-cycle-08/C04_SCANNER_APPROACH.png'
RENDER_SHOT C05_CONVEYOR_LEAD_TUNNEL
02:43.694  render           | Saved: '/workspace/critical-shift/sections/facility-assembly/sources/compliance-dock/revamp/production/renders/full-cycle-08/C05_CONVEYOR_LEAD_TUNNEL.png'
RENDER_SHOT C06_CART_GATE_G1
03:19.782  render           | Saved: '/workspace/critical-shift/sections/facility-assembly/sources/compliance-dock/revamp/production/renders/full-cycle-08/C06_CART_GATE_G1.png'
RENDER_SHOT C07_OFFICE_INTERIOR
03:53.163  render           | Saved: '/workspace/critical-shift/sections/facility-assembly/sources/compliance-dock/revamp/production/renders/full-cycle-08/C07_OFFICE_INTERIOR.png'
RENDER_SHOT C08_CONCEALED_SUPPORT_H1
04:27.472  render           | Saved: '/workspace/critical-shift/sections/facility-assembly/sources/compliance-dock/revamp/production/renders/full-cycle-08/C08_CONCEALED_SUPPORT_H1.png'
RENDER_SHOT C09_ARRIVAL_GATE_P2
04:59.415  render           | Saved: '/workspace/critical-shift/sections/facility-assembly/sources/compliance-dock/revamp/production/renders/full-cycle-08/C09_ARRIVAL_GATE_P2.png'
RENDER_SHOT C10_ROOF_SERVICES
05:29.754  render           | Saved: '/workspace/critical-shift/sections/facility-assembly/sources/compliance-dock/revamp/production/renders/full-cycle-08/C10_ROOF_SERVICES.png'
RENDER_SHOT CORNER_SW
05:38.790  render           | Saved: '/workspace/critical-shift/sections/facility-assembly/sources/compliance-dock/revamp/production/renders/full-cycle-08/CORNER_SW.png'
RENDER_SHOT CORNER_SE
05:47.548  render           | Saved: '/workspace/critical-shift/sections/facility-assembly/sources/compliance-dock/revamp/production/renders/full-cycle-08/CORNER_SE.png'
RENDER_SHOT CORNER_NW
05:56.924  render           | Saved: '/workspace/critical-shift/sections/facility-assembly/sources/compliance-dock/revamp/production/renders/full-cycle-08/CORNER_NW.png'
RENDER_SHOT CORNER_NE
06:06.130  render           | Saved: '/workspace/critical-shift/sections/facility-assembly/sources/compliance-dock/revamp/production/renders/full-cycle-08/CORNER_NE.png'
RENDER_SHOT WALL_SOUTH
06:19.658  render           | Saved: '/workspace/critical-shift/sections/facility-assembly/sources/compliance-dock/revamp/production/renders/full-cycle-08/WALL_SOUTH.png'
RENDER_SHOT WALL_NORTH
06:33.080  render           | Saved: '/workspace/critical-shift/sections/facility-assembly/sources/compliance-dock/revamp/production/renders/full-cycle-08/WALL_NORTH.png'
RENDER_SHOT WALL_EAST
06:44.849  render           | Saved: '/workspace/critical-shift/sections/facility-assembly/sources/compliance-dock/revamp/production/renders/full-cycle-08/WALL_EAST.png'
RENDER_SHOT WALL_WEST
06:57.376  render           | Saved: '/workspace/critical-shift/sections/facility-assembly/sources/compliance-dock/revamp/production/renders/full-cycle-08/WALL_WEST.png'
RENDER_SHOT HERO_SCANNER
07:35.718  render           | Saved: '/workspace/critical-shift/sections/facility-assembly/sources/compliance-dock/revamp/production/renders/full-cycle-08/HERO_SCANNER.png'
RENDER_SHOT HERO_CARGO
08:04.613  render           | Saved: '/workspace/critical-shift/sections/facility-assembly/sources/compliance-dock/revamp/production/renders/full-cycle-08/HERO_CARGO.png'
RENDER_SHOT HERO_EVIDENCE
08:31.560  render           | Saved: '/workspace/critical-shift/sections/facility-assembly/sources/compliance-dock/revamp/production/renders/full-cycle-08/HERO_EVIDENCE.png'
RENDER_SHOT HERO_TROLLEY
09:06.095  render           | Saved: '/workspace/critical-shift/sections/facility-assembly/sources/compliance-dock/revamp/production/renders/full-cycle-08/HERO_TROLLEY.png'
RENDER_SHOT HERO_UTILITIES
09:34.636  render           | Saved: '/workspace/critical-shift/sections/facility-assembly/sources/compliance-dock/revamp/production/renders/full-cycle-08/HERO_UTILITIES.png'
RENDER_SHOT DETAIL_CHECKIN
10:10.214  render           | Saved: '/workspace/critical-shift/sections/facility-assembly/sources/compliance-dock/revamp/production/renders/full-cycle-08/DETAIL_CHECKIN.png'
RENDER_SHOT PLAYER_REVERSE
10:43.658  render           | Saved: '/workspace/critical-shift/sections/facility-assembly/sources/compliance-dock/revamp/production/renders/full-cycle-08/PLAYER_REVERSE.png'
RENDER_SHOT PLAYER_PINCH
11:13.209  render           | Saved: '/workspace/critical-shift/sections/facility-assembly/sources/compliance-dock/revamp/production/renders/full-cycle-08/PLAYER_PINCH.png'
RENDER_SHOT WALL_OFFICE_FRONT
11:39.513  render           | Saved: '/workspace/critical-shift/sections/facility-assembly/sources/compliance-dock/revamp/production/renders/full-cycle-08/WALL_OFFICE_FRONT.png'
RENDER_BATCH_COMPLETE 27
Blender 5.2.2 LTS (hash d13f752e3b9c built 2026-09-15 01:34:58)

Blender quit
