00:02.515  cycles           | WARNING CUEW initialization failed: Error opening the library
/workspace/critical-shift/sections/facility-assembly/sources/compliance-dock/render_dock.py:130: DeprecationWarning: 'Material.use_nodes' is expected to be removed in Blender 6.0
  m=bpy.data.materials.new(name);m.use_nodes=True;m.node_tree.nodes.clear()
RENDER_SHOT C01_ENTRY
00:46.194  render           | Saved: '/workspace/critical-shift/sections/facility-assembly/sources/compliance-dock/revamp/production/renders/full-f12-f13-camera-baseline/C01_ENTRY.png'
RENDER_SHOT C02_HERO_DOCK
01:27.784  render           | Saved: '/workspace/critical-shift/sections/facility-assembly/sources/compliance-dock/revamp/production/renders/full-f12-f13-camera-baseline/C02_HERO_DOCK.png'
RENDER_SHOT C03_CHECKIN_COUNTER
02:06.607  render           | Saved: '/workspace/critical-shift/sections/facility-assembly/sources/compliance-dock/revamp/production/renders/full-f12-f13-camera-baseline/C03_CHECKIN_COUNTER.png'
RENDER_SHOT C04_SCANNER_APPROACH
02:49.937  render           | Saved: '/workspace/critical-shift/sections/facility-assembly/sources/compliance-dock/revamp/production/renders/full-f12-f13-camera-baseline/C04_SCANNER_APPROACH.png'
RENDER_SHOT C05_CONVEYOR_LEAD_TUNNEL
03:26.308  render           | Saved: '/workspace/critical-shift/sections/facility-assembly/sources/compliance-dock/revamp/production/renders/full-f12-f13-camera-baseline/C05_CONVEYOR_LEAD_TUNNEL.png'
RENDER_SHOT C06_CART_GATE_G1
04:05.932  render           | Saved: '/workspace/critical-shift/sections/facility-assembly/sources/compliance-dock/revamp/production/renders/full-f12-f13-camera-baseline/C06_CART_GATE_G1.png'
RENDER_SHOT C07_OFFICE_INTERIOR
04:47.546  render           | Saved: '/workspace/critical-shift/sections/facility-assembly/sources/compliance-dock/revamp/production/renders/full-f12-f13-camera-baseline/C07_OFFICE_INTERIOR.png'
RENDER_SHOT C08_CONCEALED_SUPPORT_H1
05:27.306  render           | Saved: '/workspace/critical-shift/sections/facility-assembly/sources/compliance-dock/revamp/production/renders/full-f12-f13-camera-baseline/C08_CONCEALED_SUPPORT_H1.png'
RENDER_SHOT C09_ARRIVAL_GATE_P2
06:01.868  render           | Saved: '/workspace/critical-shift/sections/facility-assembly/sources/compliance-dock/revamp/production/renders/full-f12-f13-camera-baseline/C09_ARRIVAL_GATE_P2.png'
RENDER_SHOT C10_ROOF_SERVICES
06:39.555  render           | Saved: '/workspace/critical-shift/sections/facility-assembly/sources/compliance-dock/revamp/production/renders/full-f12-f13-camera-baseline/C10_ROOF_SERVICES.png'
RENDER_SHOT CORNER_SW
06:51.015  render           | Saved: '/workspace/critical-shift/sections/facility-assembly/sources/compliance-dock/revamp/production/renders/full-f12-f13-camera-baseline/CORNER_SW.png'
RENDER_SHOT CORNER_SE
07:02.408  render           | Saved: '/workspace/critical-shift/sections/facility-assembly/sources/compliance-dock/revamp/production/renders/full-f12-f13-camera-baseline/CORNER_SE.png'
RENDER_SHOT CORNER_NW
07:14.307  render           | Saved: '/workspace/critical-shift/sections/facility-assembly/sources/compliance-dock/revamp/production/renders/full-f12-f13-camera-baseline/CORNER_NW.png'
RENDER_SHOT CORNER_NE
07:26.080  render           | Saved: '/workspace/critical-shift/sections/facility-assembly/sources/compliance-dock/revamp/production/renders/full-f12-f13-camera-baseline/CORNER_NE.png'
RENDER_SHOT WALL_SOUTH
07:43.157  render           | Saved: '/workspace/critical-shift/sections/facility-assembly/sources/compliance-dock/revamp/production/renders/full-f12-f13-camera-baseline/WALL_SOUTH.png'
RENDER_SHOT WALL_NORTH
07:59.453  render           | Saved: '/workspace/critical-shift/sections/facility-assembly/sources/compliance-dock/revamp/production/renders/full-f12-f13-camera-baseline/WALL_NORTH.png'
RENDER_SHOT WALL_EAST
08:14.638  render           | Saved: '/workspace/critical-shift/sections/facility-assembly/sources/compliance-dock/revamp/production/renders/full-f12-f13-camera-baseline/WALL_EAST.png'
RENDER_SHOT WALL_WEST
08:30.783  render           | Saved: '/workspace/critical-shift/sections/facility-assembly/sources/compliance-dock/revamp/production/renders/full-f12-f13-camera-baseline/WALL_WEST.png'
RENDER_SHOT HERO_SCANNER
09:13.117  render           | Saved: '/workspace/critical-shift/sections/facility-assembly/sources/compliance-dock/revamp/production/renders/full-f12-f13-camera-baseline/HERO_SCANNER.png'
RENDER_SHOT HERO_CARGO
09:49.930  render           | Saved: '/workspace/critical-shift/sections/facility-assembly/sources/compliance-dock/revamp/production/renders/full-f12-f13-camera-baseline/HERO_CARGO.png'
RENDER_SHOT HERO_EVIDENCE
10:24.277  render           | Saved: '/workspace/critical-shift/sections/facility-assembly/sources/compliance-dock/revamp/production/renders/full-f12-f13-camera-baseline/HERO_EVIDENCE.png'
RENDER_SHOT HERO_TROLLEY
11:03.593  render           | Saved: '/workspace/critical-shift/sections/facility-assembly/sources/compliance-dock/revamp/production/renders/full-f12-f13-camera-baseline/HERO_TROLLEY.png'
RENDER_SHOT HERO_UTILITIES
11:40.802  render           | Saved: '/workspace/critical-shift/sections/facility-assembly/sources/compliance-dock/revamp/production/renders/full-f12-f13-camera-baseline/HERO_UTILITIES.png'
RENDER_SHOT DETAIL_CHECKIN
12:22.197  render           | Saved: '/workspace/critical-shift/sections/facility-assembly/sources/compliance-dock/revamp/production/renders/full-f12-f13-camera-baseline/DETAIL_CHECKIN.png'
RENDER_SHOT PLAYER_REVERSE
13:04.562  render           | Saved: '/workspace/critical-shift/sections/facility-assembly/sources/compliance-dock/revamp/production/renders/full-f12-f13-camera-baseline/PLAYER_REVERSE.png'
RENDER_SHOT PLAYER_PINCH
13:40.894  render           | Saved: '/workspace/critical-shift/sections/facility-assembly/sources/compliance-dock/revamp/production/renders/full-f12-f13-camera-baseline/PLAYER_PINCH.png'
RENDER_SHOT WALL_OFFICE_FRONT
14:14.520  render           | Saved: '/workspace/critical-shift/sections/facility-assembly/sources/compliance-dock/revamp/production/renders/full-f12-f13-camera-baseline/WALL_OFFICE_FRONT.png'
RENDER_BATCH_COMPLETE 27
Blender 5.2.2 LTS (hash d13f752e3b9c built 2026-09-15 01:34:58)

Blender quit
