GPU acquired: astra-facility-assembly
00:01.750  blend            | Read blend: "C:\Users\Camer\Games\critical-shift\worktrees\facility-assembly-astra\sections\facility-assembly\connections\network\review-R02.blend"
00:02.719  cycles           | WARNING CUEW initialization failed: Error opening the library
00:29.594  render           | Saved: 'C:\Users\Camer\Games\critical-shift\worktrees\facility-assembly-astra\sections\facility-assembly\connections\network\renders-R02\TOP.png'
Info: Read library: 'C:\Users\Camer\Games\critical-shift\worktrees\facility-assembly-astra\sections\facility-assembly\exteriors\mine\exterior-R02.blend', '//..\..\exteriors\mine\exterior-R02.blend', parent '<direct>'
RENDERED R02 TOP
00:58.922  render           | Saved: 'C:\Users\Camer\Games\critical-shift\worktrees\facility-assembly-astra\sections\facility-assembly\connections\network\renders-R02\PROCESS.png'
RENDERED R02 PROCESS
01:28.469  render           | Saved: 'C:\Users\Camer\Games\critical-shift\worktrees\facility-assembly-astra\sections\facility-assembly\connections\network\renders-R02\TRANSFER.png'
RENDERED R02 TRANSFER
01:57.828  render           | Saved: 'C:\Users\Camer\Games\critical-shift\worktrees\facility-assembly-astra\sections\facility-assembly\connections\network\renders-R02\POWER.png'
RENDERED R02 POWER
02:27.813  render           | Saved: 'C:\Users\Camer\Games\critical-shift\worktrees\facility-assembly-astra\sections\facility-assembly\connections\network\renders-R02\PROMENADE.png'
RENDERED R02 PROMENADE
03:02.281  render           | Saved: 'C:\Users\Camer\Games\critical-shift\worktrees\facility-assembly-astra\sections\facility-assembly\connections\network\renders-R02\COOLING.png'
RENDERED R02 COOLING
03:33.344  render           | Saved: 'C:\Users\Camer\Games\critical-shift\worktrees\facility-assembly-astra\sections\facility-assembly\connections\network\renders-R02\WASTE.png'
RENDERED R02 WASTE
04:05.250  render           | Saved: 'C:\Users\Camer\Games\critical-shift\worktrees\facility-assembly-astra\sections\facility-assembly\connections\network\renders-R02\COMPLIANCE.png'
RENDERED R02 COMPLIANCE
04:36.969  render           | Saved: 'C:\Users\Camer\Games\critical-shift\worktrees\facility-assembly-astra\sections\facility-assembly\connections\network\renders-R02\LOWER.png'
RENDERED R02 LOWER
05:07.609  render           | Saved: 'C:\Users\Camer\Games\critical-shift\worktrees\facility-assembly-astra\sections\facility-assembly\connections\network\renders-R02\MINE.png'
RENDERED R02 MINE
Blender 5.2.0 LTS (hash fbe6228777e7 built 2026-07-14 01:35:40)

Blender quit
