GPU queue: astra-facility-assembly waiting for the current job
GPU acquired: astra-facility-assembly
00:01.766  blend            | Read blend: "C:\Users\Camer\Games\critical-shift\worktrees\facility-assembly-astra\sections\facility-assembly\connections\network\review-R03.blend"
00:02.734  cycles           | WARNING CUEW initialization failed: Error opening the library
00:29.078  render           | Saved: 'C:\Users\Camer\Games\critical-shift\worktrees\facility-assembly-astra\sections\facility-assembly\connections\network\renders-R03\TOP.png'
Info: Read library: 'C:\Users\Camer\Games\critical-shift\worktrees\facility-assembly-astra\sections\facility-assembly\exteriors\mine\exterior-R02.blend', '//..\..\exteriors\mine\exterior-R02.blend', parent '<direct>'
RENDERED R03 TOP
00:59.922  render           | Saved: 'C:\Users\Camer\Games\critical-shift\worktrees\facility-assembly-astra\sections\facility-assembly\connections\network\renders-R03\PROCESS.png'
RENDERED R03 PROCESS
01:27.953  render           | Saved: 'C:\Users\Camer\Games\critical-shift\worktrees\facility-assembly-astra\sections\facility-assembly\connections\network\renders-R03\TRANSFER.png'
RENDERED R03 TRANSFER
01:56.359  render           | Saved: 'C:\Users\Camer\Games\critical-shift\worktrees\facility-assembly-astra\sections\facility-assembly\connections\network\renders-R03\POWER.png'
RENDERED R03 POWER
02:25.641  render           | Saved: 'C:\Users\Camer\Games\critical-shift\worktrees\facility-assembly-astra\sections\facility-assembly\connections\network\renders-R03\PROMENADE.png'
RENDERED R03 PROMENADE
02:56.594  render           | Saved: 'C:\Users\Camer\Games\critical-shift\worktrees\facility-assembly-astra\sections\facility-assembly\connections\network\renders-R03\COOLING.png'
RENDERED R03 COOLING
03:27.781  render           | Saved: 'C:\Users\Camer\Games\critical-shift\worktrees\facility-assembly-astra\sections\facility-assembly\connections\network\renders-R03\WASTE.png'
RENDERED R03 WASTE
03:59.031  render           | Saved: 'C:\Users\Camer\Games\critical-shift\worktrees\facility-assembly-astra\sections\facility-assembly\connections\network\renders-R03\COMPLIANCE.png'
RENDERED R03 COMPLIANCE
04:30.141  render           | Saved: 'C:\Users\Camer\Games\critical-shift\worktrees\facility-assembly-astra\sections\facility-assembly\connections\network\renders-R03\LOWER.png'
RENDERED R03 LOWER
05:01.359  render           | Saved: 'C:\Users\Camer\Games\critical-shift\worktrees\facility-assembly-astra\sections\facility-assembly\connections\network\renders-R03\MINE.png'
RENDERED R03 MINE
Blender 5.2.0 LTS (hash fbe6228777e7 built 2026-07-14 01:35:40)

Blender quit
