GPU queue: astra-facility-assembly waiting for the current job
GPU acquired: astra-facility-assembly
00:02.031  blend            | Read blend: "C:\Users\Camer\Games\critical-shift\worktrees\facility-assembly-astra\sections\facility-assembly\connections\network\review-R03.blend"
00:04.969  render           | Saved: 'C:\Users\Camer\Games\critical-shift\worktrees\facility-assembly-astra\sections\facility-assembly\connections\network\route-eyes-R03\R01.png'
00:05.719  render           | Saved: 'C:\Users\Camer\Games\critical-shift\worktrees\facility-assembly-astra\sections\facility-assembly\connections\network\route-eyes-R03\R02.png'
00:06.469  render           | Saved: 'C:\Users\Camer\Games\critical-shift\worktrees\facility-assembly-astra\sections\facility-assembly\connections\network\route-eyes-R03\R03.png'
00:07.156  render           | Saved: 'C:\Users\Camer\Games\critical-shift\worktrees\facility-assembly-astra\sections\facility-assembly\connections\network\route-eyes-R03\R04.png'
00:07.906  render           | Saved: 'C:\Users\Camer\Games\critical-shift\worktrees\facility-assembly-astra\sections\facility-assembly\connections\network\route-eyes-R03\R05.png'
00:08.656  render           | Saved: 'C:\Users\Camer\Games\critical-shift\worktrees\facility-assembly-astra\sections\facility-assembly\connections\network\route-eyes-R03\R06.png'
00:09.391  render           | Saved: 'C:\Users\Camer\Games\critical-shift\worktrees\facility-assembly-astra\sections\facility-assembly\connections\network\route-eyes-R03\R07.png'
00:10.109  render           | Saved: 'C:\Users\Camer\Games\critical-shift\worktrees\facility-assembly-astra\sections\facility-assembly\connections\network\route-eyes-R03\R08.png'
00:10.859  render           | Saved: 'C:\Users\Camer\Games\critical-shift\worktrees\facility-assembly-astra\sections\facility-assembly\connections\network\route-eyes-R03\R09.png'
00:11.578  render           | Saved: 'C:\Users\Camer\Games\critical-shift\worktrees\facility-assembly-astra\sections\facility-assembly\connections\network\route-eyes-R03\R10.png'
00:12.297  render           | Saved: 'C:\Users\Camer\Games\critical-shift\worktrees\facility-assembly-astra\sections\facility-assembly\connections\network\route-eyes-R03\R11.png'
00:13.000  render           | Saved: 'C:\Users\Camer\Games\critical-shift\worktrees\facility-assembly-astra\sections\facility-assembly\connections\network\route-eyes-R03\R12.png'
00:13.750  render           | Saved: 'C:\Users\Camer\Games\critical-shift\worktrees\facility-assembly-astra\sections\facility-assembly\connections\network\route-eyes-R03\R13.png'
00:14.469  render           | Saved: 'C:\Users\Camer\Games\critical-shift\worktrees\facility-assembly-astra\sections\facility-assembly\connections\network\route-eyes-R03\R14.png'
00:15.203  render           | Saved: 'C:\Users\Camer\Games\critical-shift\worktrees\facility-assembly-astra\sections\facility-assembly\connections\network\route-eyes-R03\R15.png'
00:15.922  render           | Saved: 'C:\Users\Camer\Games\critical-shift\worktrees\facility-assembly-astra\sections\facility-assembly\connections\network\route-eyes-R03\R16.png'
00:16.672  render           | Saved: 'C:\Users\Camer\Games\critical-shift\worktrees\facility-assembly-astra\sections\facility-assembly\connections\network\route-eyes-R03\R17.png'
00:17.375  render           | Saved: 'C:\Users\Camer\Games\critical-shift\worktrees\facility-assembly-astra\sections\facility-assembly\connections\network\route-eyes-R03\R18.png'
00:18.125  render           | Saved: 'C:\Users\Camer\Games\critical-shift\worktrees\facility-assembly-astra\sections\facility-assembly\connections\network\route-eyes-R03\R20.png'
00:18.906  render           | Saved: 'C:\Users\Camer\Games\critical-shift\worktrees\facility-assembly-astra\sections\facility-assembly\connections\network\route-eyes-R03\R21.png'
00:19.641  render           | Saved: 'C:\Users\Camer\Games\critical-shift\worktrees\facility-assembly-astra\sections\facility-assembly\connections\network\route-eyes-R03\R22.png'
Info: Read library: 'C:\Users\Camer\Games\critical-shift\worktrees\facility-assembly-astra\sections\facility-assembly\exteriors\mine\exterior-R02.blend', '//..\..\exteriors\mine\exterior-R02.blend', parent '<direct>'
COLD_ROUTE_EYES_COMPLETE 21
Blender 5.2.0 LTS (hash fbe6228777e7 built 2026-07-14 01:35:40)

Blender quit
