00:00.515  blend            | Read blend: "/workspace/fuel-final/sections/fuel-corridor/production/checkpoints/fuel_full_F23ci.blend"
00:02.987  blend            | Read blend: "/workspace/fuel-final/sections/fuel-corridor/production/checkpoints/fuel_full_F23ci.blend"
00:17.494  render           | Saved: '/workspace/fuel-final/sections/fuel-corridor/production/renders/temporal/F23ci-entry-loop/C01_ENTRY_F0001.png'
00:31.220  render           | Saved: '/workspace/fuel-final/sections/fuel-corridor/production/renders/temporal/F23ci-entry-loop/C01_ENTRY_F0012.png'
00:44.866  render           | Saved: '/workspace/fuel-final/sections/fuel-corridor/production/renders/temporal/F23ci-entry-loop/C01_ENTRY_F0015.png'
00:57.413  render           | Saved: '/workspace/fuel-final/sections/fuel-corridor/production/renders/temporal/F23ci-entry-loop/C01_ENTRY_F0017.png'
01:09.838  render           | Saved: '/workspace/fuel-final/sections/fuel-corridor/production/renders/temporal/F23ci-entry-loop/C01_ENTRY_F0018.png'
01:21.706  render           | Saved: '/workspace/fuel-final/sections/fuel-corridor/production/renders/temporal/F23ci-entry-loop/C01_ENTRY_F0020.png'
01:34.631  render           | Saved: '/workspace/fuel-final/sections/fuel-corridor/production/renders/temporal/F23ci-entry-loop/C01_ENTRY_F0021.png'
01:46.907  render           | Saved: '/workspace/fuel-final/sections/fuel-corridor/production/renders/temporal/F23ci-entry-loop/C01_ENTRY_F0022.png'
01:59.131  render           | Saved: '/workspace/fuel-final/sections/fuel-corridor/production/renders/temporal/F23ci-entry-loop/C01_ENTRY_F0024.png'
02:12.016  render           | Saved: '/workspace/fuel-final/sections/fuel-corridor/production/renders/temporal/F23ci-entry-loop/C01_ENTRY_F0026.png'
02:25.276  render           | Saved: '/workspace/fuel-final/sections/fuel-corridor/production/renders/temporal/F23ci-entry-loop/C01_ENTRY_F0027.png'
02:37.231  render           | Saved: '/workspace/fuel-final/sections/fuel-corridor/production/renders/temporal/F23ci-entry-loop/C01_ENTRY_F0028.png'
02:49.738  render           | Saved: '/workspace/fuel-final/sections/fuel-corridor/production/renders/temporal/F23ci-entry-loop/C01_ENTRY_F0029.png'
03:01.269  render           | Saved: '/workspace/fuel-final/sections/fuel-corridor/production/renders/temporal/F23ci-entry-loop/C01_ENTRY_F0030.png'
03:14.892  render           | Saved: '/workspace/fuel-final/sections/fuel-corridor/production/renders/temporal/F23ci-entry-loop/C01_ENTRY_F0031.png'
03:27.465  render           | Saved: '/workspace/fuel-final/sections/fuel-corridor/production/renders/temporal/F23ci-entry-loop/C01_ENTRY_F0032.png'
03:40.238  render           | Saved: '/workspace/fuel-final/sections/fuel-corridor/production/renders/temporal/F23ci-entry-loop/C01_ENTRY_F0033.png'
03:53.014  render           | Saved: '/workspace/fuel-final/sections/fuel-corridor/production/renders/temporal/F23ci-entry-loop/C01_ENTRY_F0034.png'
04:05.721  render           | Saved: '/workspace/fuel-final/sections/fuel-corridor/production/renders/temporal/F23ci-entry-loop/C01_ENTRY_F0035.png'
04:17.531  render           | Saved: '/workspace/fuel-final/sections/fuel-corridor/production/renders/temporal/F23ci-entry-loop/C01_ENTRY_F0036.png'
04:29.798  render           | Saved: '/workspace/fuel-final/sections/fuel-corridor/production/renders/temporal/F23ci-entry-loop/C01_ENTRY_F0037.png'
04:41.506  render           | Saved: '/workspace/fuel-final/sections/fuel-corridor/production/renders/temporal/F23ci-entry-loop/C01_ENTRY_F0038.png'
04:53.623  render           | Saved: '/workspace/fuel-final/sections/fuel-corridor/production/renders/temporal/F23ci-entry-loop/C01_ENTRY_F0039.png'
05:05.721  render           | Saved: '/workspace/fuel-final/sections/fuel-corridor/production/renders/temporal/F23ci-entry-loop/C01_ENTRY_F0040.png'
05:18.636  render           | Saved: '/workspace/fuel-final/sections/fuel-corridor/production/renders/temporal/F23ci-entry-loop/C01_ENTRY_F0041.png'
05:31.594  render           | Saved: '/workspace/fuel-final/sections/fuel-corridor/production/renders/temporal/F23ci-entry-loop/C01_ENTRY_F0042.png'
05:44.998  render           | Saved: '/workspace/fuel-final/sections/fuel-corridor/production/renders/temporal/F23ci-entry-loop/C01_ENTRY_F0043.png'
05:57.790  render           | Saved: '/workspace/fuel-final/sections/fuel-corridor/production/renders/temporal/F23ci-entry-loop/C01_ENTRY_F0044.png'
06:10.993  render           | Saved: '/workspace/fuel-final/sections/fuel-corridor/production/renders/temporal/F23ci-entry-loop/C01_ENTRY_F0045.png'
06:24.327  render           | Saved: '/workspace/fuel-final/sections/fuel-corridor/production/renders/temporal/F23ci-entry-loop/C01_ENTRY_F0046.png'
06:35.640  render           | Saved: '/workspace/fuel-final/sections/fuel-corridor/production/renders/temporal/F23ci-entry-loop/C01_ENTRY_F0047.png'
06:47.917  render           | Saved: '/workspace/fuel-final/sections/fuel-corridor/production/renders/temporal/F23ci-entry-loop/C01_ENTRY_F0048.png'
07:01.031  render           | Saved: '/workspace/fuel-final/sections/fuel-corridor/production/renders/temporal/F23ci-entry-loop/C01_ENTRY_F0049.png'
07:14.335  render           | Saved: '/workspace/fuel-final/sections/fuel-corridor/production/renders/temporal/F23ci-entry-loop/C01_ENTRY_F0051.png'
07:27.114  render           | Saved: '/workspace/fuel-final/sections/fuel-corridor/production/renders/temporal/F23ci-entry-loop/C01_ENTRY_F0056.png'
07:39.928  render           | Saved: '/workspace/fuel-final/sections/fuel-corridor/production/renders/temporal/F23ci-entry-loop/C01_ENTRY_F0057.png'
07:53.209  render           | Saved: '/workspace/fuel-final/sections/fuel-corridor/production/renders/temporal/F23ci-entry-loop/C01_ENTRY_F0058.png'
08:06.630  render           | Saved: '/workspace/fuel-final/sections/fuel-corridor/production/renders/temporal/F23ci-entry-loop/C01_ENTRY_F0060.png'
08:19.397  render           | Saved: '/workspace/fuel-final/sections/fuel-corridor/production/renders/temporal/F23ci-entry-loop/C01_ENTRY_F0071.png'
08:31.372  render           | Saved: '/workspace/fuel-final/sections/fuel-corridor/production/renders/temporal/F23ci-entry-loop/C01_ENTRY_F0073.png'
08:43.835  render           | Saved: '/workspace/fuel-final/sections/fuel-corridor/production/renders/temporal/F23ci-entry-loop/C01_ENTRY_F0074.png'
08:55.499  render           | Saved: '/workspace/fuel-final/sections/fuel-corridor/production/renders/temporal/F23ci-entry-loop/C01_ENTRY_F0075.png'
09:07.390  render           | Saved: '/workspace/fuel-final/sections/fuel-corridor/production/renders/temporal/F23ci-entry-loop/C01_ENTRY_F0076.png'
09:19.386  render           | Saved: '/workspace/fuel-final/sections/fuel-corridor/production/renders/temporal/F23ci-entry-loop/C01_ENTRY_F0077.png'
09:32.511  render           | Saved: '/workspace/fuel-final/sections/fuel-corridor/production/renders/temporal/F23ci-entry-loop/C01_ENTRY_F0078.png'
09:45.298  render           | Saved: '/workspace/fuel-final/sections/fuel-corridor/production/renders/temporal/F23ci-entry-loop/C01_ENTRY_F0080.png'
09:57.719  render           | Saved: '/workspace/fuel-final/sections/fuel-corridor/production/renders/temporal/F23ci-entry-loop/C01_ENTRY_F0090.png'
10:11.328  render           | Saved: '/workspace/fuel-final/sections/fuel-corridor/production/renders/temporal/F23ci-entry-loop/C01_ENTRY_F0091.png'
10:23.334  render           | Saved: '/workspace/fuel-final/sections/fuel-corridor/production/renders/temporal/F23ci-entry-loop/C01_ENTRY_F0093.png'
10:35.205  render           | Saved: '/workspace/fuel-final/sections/fuel-corridor/production/renders/temporal/F23ci-entry-loop/C01_ENTRY_F0101.png'
10:47.898  render           | Saved: '/workspace/fuel-final/sections/fuel-corridor/production/renders/temporal/F23ci-entry-loop/C01_ENTRY_F0102.png'
11:01.396  render           | Saved: '/workspace/fuel-final/sections/fuel-corridor/production/renders/temporal/F23ci-entry-loop/C01_ENTRY_F0103.png'
11:13.470  render           | Saved: '/workspace/fuel-final/sections/fuel-corridor/production/renders/temporal/F23ci-entry-loop/C01_ENTRY_F0104.png'
11:26.076  render           | Saved: '/workspace/fuel-final/sections/fuel-corridor/production/renders/temporal/F23ci-entry-loop/C01_ENTRY_F0105.png'
11:38.992  render           | Saved: '/workspace/fuel-final/sections/fuel-corridor/production/renders/temporal/F23ci-entry-loop/C01_ENTRY_F0106.png'
11:52.626  render           | Saved: '/workspace/fuel-final/sections/fuel-corridor/production/renders/temporal/F23ci-entry-loop/C01_ENTRY_F0107.png'
12:05.037  render           | Saved: '/workspace/fuel-final/sections/fuel-corridor/production/renders/temporal/F23ci-entry-loop/C01_ENTRY_F0108.png'
12:17.026  render           | Saved: '/workspace/fuel-final/sections/fuel-corridor/production/renders/temporal/F23ci-entry-loop/C01_ENTRY_F0109.png'
12:29.213  render           | Saved: '/workspace/fuel-final/sections/fuel-corridor/production/renders/temporal/F23ci-entry-loop/C01_ENTRY_F0110.png'
12:42.200  render           | Saved: '/workspace/fuel-final/sections/fuel-corridor/production/renders/temporal/F23ci-entry-loop/C01_ENTRY_F0111.png'
12:54.314  render           | Saved: '/workspace/fuel-final/sections/fuel-corridor/production/renders/temporal/F23ci-entry-loop/C01_ENTRY_F0112.png'
13:06.727  render           | Saved: '/workspace/fuel-final/sections/fuel-corridor/production/renders/temporal/F23ci-entry-loop/C01_ENTRY_F0113.png'
13:18.798  render           | Saved: '/workspace/fuel-final/sections/fuel-corridor/production/renders/temporal/F23ci-entry-loop/C01_ENTRY_F0114.png'
13:31.477  render           | Saved: '/workspace/fuel-final/sections/fuel-corridor/production/renders/temporal/F23ci-entry-loop/C01_ENTRY_F0115.png'
13:44.118  render           | Saved: '/workspace/fuel-final/sections/fuel-corridor/production/renders/temporal/F23ci-entry-loop/C01_ENTRY_F0116.png'
13:55.272  render           | Saved: '/workspace/fuel-final/sections/fuel-corridor/production/renders/temporal/F23ci-entry-loop/C01_ENTRY_F0117.png'
14:08.008  render           | Saved: '/workspace/fuel-final/sections/fuel-corridor/production/renders/temporal/F23ci-entry-loop/C01_ENTRY_F0118.png'
14:20.515  render           | Saved: '/workspace/fuel-final/sections/fuel-corridor/production/renders/temporal/F23ci-entry-loop/C01_ENTRY_F0119.png'
14:33.392  render           | Saved: '/workspace/fuel-final/sections/fuel-corridor/production/renders/temporal/F23ci-entry-loop/C01_ENTRY_F0120.png'
14:46.670  render           | Saved: '/workspace/fuel-final/sections/fuel-corridor/production/renders/temporal/F23ci-entry-loop/C01_ENTRY_F0121.png'
14:59.470  render           | Saved: '/workspace/fuel-final/sections/fuel-corridor/production/renders/temporal/F23ci-entry-loop/C01_ENTRY_F0122.png'
15:12.014  render           | Saved: '/workspace/fuel-final/sections/fuel-corridor/production/renders/temporal/F23ci-entry-loop/C01_ENTRY_F0123.png'
15:24.297  render           | Saved: '/workspace/fuel-final/sections/fuel-corridor/production/renders/temporal/F23ci-entry-loop/C01_ENTRY_F0124.png'
15:36.835  render           | Saved: '/workspace/fuel-final/sections/fuel-corridor/production/renders/temporal/F23ci-entry-loop/C01_ENTRY_F0125.png'
15:49.821  render           | Saved: '/workspace/fuel-final/sections/fuel-corridor/production/renders/temporal/F23ci-entry-loop/C01_ENTRY_F0126.png'
16:02.208  render           | Saved: '/workspace/fuel-final/sections/fuel-corridor/production/renders/temporal/F23ci-entry-loop/C01_ENTRY_F0127.png'
16:13.562  render           | Saved: '/workspace/fuel-final/sections/fuel-corridor/production/renders/temporal/F23ci-entry-loop/C01_ENTRY_F0130.png'
16:23.275  render           | Saved: '/workspace/fuel-final/sections/fuel-corridor/production/renders/temporal/F23ci-entry-loop/C01_ENTRY_F0131.png'
16:33.811  render           | Saved: '/workspace/fuel-final/sections/fuel-corridor/production/renders/temporal/F23ci-entry-loop/C01_ENTRY_F0133.png'
16:45.123  render           | Saved: '/workspace/fuel-final/sections/fuel-corridor/production/renders/temporal/F23ci-entry-loop/C01_ENTRY_F0140.png'
16:58.625  render           | Saved: '/workspace/fuel-final/sections/fuel-corridor/production/renders/temporal/F23ci-entry-loop/C01_ENTRY_F0141.png'
17:12.276  render           | Saved: '/workspace/fuel-final/sections/fuel-corridor/production/renders/temporal/F23ci-entry-loop/C01_ENTRY_F0147.png'
17:24.270  render           | Saved: '/workspace/fuel-final/sections/fuel-corridor/production/renders/temporal/F23ci-entry-loop/C01_ENTRY_F0148.png'
17:36.806  render           | Saved: '/workspace/fuel-final/sections/fuel-corridor/production/renders/temporal/F23ci-entry-loop/C01_ENTRY_F0151.png'
17:48.929  render           | Saved: '/workspace/fuel-final/sections/fuel-corridor/production/renders/temporal/F23ci-entry-loop/C01_ENTRY_F0154.png'
18:01.888  render           | Saved: '/workspace/fuel-final/sections/fuel-corridor/production/renders/temporal/F23ci-entry-loop/C01_ENTRY_F0158.png'
18:15.129  render           | Saved: '/workspace/fuel-final/sections/fuel-corridor/production/renders/temporal/F23ci-entry-loop/C01_ENTRY_F0159.png'
18:27.586  render           | Saved: '/workspace/fuel-final/sections/fuel-corridor/production/renders/temporal/F23ci-entry-loop/C01_ENTRY_F0162.png'
18:40.077  render           | Saved: '/workspace/fuel-final/sections/fuel-corridor/production/renders/temporal/F23ci-entry-loop/C01_ENTRY_F0165.png'
18:52.893  render           | Saved: '/workspace/fuel-final/sections/fuel-corridor/production/renders/temporal/F23ci-entry-loop/C01_ENTRY_F0166.png'
19:05.268  render           | Saved: '/workspace/fuel-final/sections/fuel-corridor/production/renders/temporal/F23ci-entry-loop/C01_ENTRY_F0167.png'
19:16.816  render           | Saved: '/workspace/fuel-final/sections/fuel-corridor/production/renders/temporal/F23ci-entry-loop/C01_ENTRY_F0173.png'
19:29.300  render           | Saved: '/workspace/fuel-final/sections/fuel-corridor/production/renders/temporal/F23ci-entry-loop/C01_ENTRY_F0179.png'
19:42.270  render           | Saved: '/workspace/fuel-final/sections/fuel-corridor/production/renders/temporal/F23ci-entry-loop/C01_ENTRY_F0182.png'
19:54.139  render           | Saved: '/workspace/fuel-final/sections/fuel-corridor/production/renders/temporal/F23ci-entry-loop/C01_ENTRY_F0183.png'
20:06.429  render           | Saved: '/workspace/fuel-final/sections/fuel-corridor/production/renders/temporal/F23ci-entry-loop/C01_ENTRY_F0185.png'
20:19.553  render           | Saved: '/workspace/fuel-final/sections/fuel-corridor/production/renders/temporal/F23ci-entry-loop/C01_ENTRY_F0189.png'
20:32.102  render           | Saved: '/workspace/fuel-final/sections/fuel-corridor/production/renders/temporal/F23ci-entry-loop/C01_ENTRY_F0198.png'
20:45.341  render           | Saved: '/workspace/fuel-final/sections/fuel-corridor/production/renders/temporal/F23ci-entry-loop/C01_ENTRY_F0200.png'
20:57.842  render           | Saved: '/workspace/fuel-final/sections/fuel-corridor/production/renders/temporal/F23ci-entry-loop/C01_ENTRY_F0205.png'
21:11.878  render           | Saved: '/workspace/fuel-final/sections/fuel-corridor/production/renders/temporal/F23ci-entry-loop/C01_ENTRY_F0208.png'
21:25.390  render           | Saved: '/workspace/fuel-final/sections/fuel-corridor/production/renders/temporal/F23ci-entry-loop/C01_ENTRY_F0209.png'
21:37.191  render           | Saved: '/workspace/fuel-final/sections/fuel-corridor/production/renders/temporal/F23ci-entry-loop/C01_ENTRY_F0211.png'
21:49.607  render           | Saved: '/workspace/fuel-final/sections/fuel-corridor/production/renders/temporal/F23ci-entry-loop/C01_ENTRY_F0216.png'
22:03.189  render           | Saved: '/workspace/fuel-final/sections/fuel-corridor/production/renders/temporal/F23ci-entry-loop/C01_ENTRY_F0221.png'
22:15.508  render           | Saved: '/workspace/fuel-final/sections/fuel-corridor/production/renders/temporal/F23ci-entry-loop/C01_ENTRY_F0222.png'
22:28.672  render           | Saved: '/workspace/fuel-final/sections/fuel-corridor/production/renders/temporal/F23ci-entry-loop/C01_ENTRY_F0223.png'
22:41.316  render           | Saved: '/workspace/fuel-final/sections/fuel-corridor/production/renders/temporal/F23ci-entry-loop/C01_ENTRY_F0224.png'
22:54.428  render           | Saved: '/workspace/fuel-final/sections/fuel-corridor/production/renders/temporal/F23ci-entry-loop/C01_ENTRY_F0227.png'
23:06.873  render           | Saved: '/workspace/fuel-final/sections/fuel-corridor/production/renders/temporal/F23ci-entry-loop/C01_ENTRY_F0229.png'
23:19.272  render           | Saved: '/workspace/fuel-final/sections/fuel-corridor/production/renders/temporal/F23ci-entry-loop/C01_ENTRY_F0231.png'
23:31.523  render           | Saved: '/workspace/fuel-final/sections/fuel-corridor/production/renders/temporal/F23ci-entry-loop/C01_ENTRY_F0236.png'
REVIEW_MANIFEST /workspace/fuel-final/sections/fuel-corridor/production/renders/temporal/F23ci-entry-loop
NATIVE_LOOP_PREVIEW 112 rendered states; 240 frames, 24 fps, 10 seconds
Blender 5.2.1 LTS (hash 9e2066aef7ef built 2026-08-25 02:12:34)

Blender quit
