00:00.383  blend            | Read blend: "/workspace/critical-shift/sections/facility-assembly/sources/compliance-dock/module_overhaul_R1.blend"
00:00.501  reports          | Read library: '/workspace/critical-shift/sections/facility-assembly/blender/facility_environment.blend', '//../../blender/facility_environment.blend', parent '<direct>'
Blender 5.2.2 LTS (hash d13f752e3b9c built 2026-09-15 01:34:58)
00:00.971  reports          | Read library: '/workspace/critical-shift/sections/facility-assembly/blender/facility_spawn_material_preview_R17.blend', '//../../blender/facility_spawn_material_preview_R17.blend', parent '<direct>'
00:01.599  reports          | Read library: '/workspace/critical-shift/sections/facility-assembly/sources/condenser-bay/module.blend', '//..\sources\condenser-bay\module.blend', parent '/workspace/critical-shift/sections/facility-assembly/blender/facility_spawn_material_preview_R17.blend'
00:01.659  reports          | Read library: '/workspace/critical-shift/sections/facility-assembly/exteriors/condenser-bay/exterior-R02.blend', '//../exteriors/condenser-bay/exterior-R02.blend', parent '/workspace/critical-shift/sections/facility-assembly/blender/facility_spawn_material_preview_R17.blend'
00:01.664  reports          | Read library: '/workspace/critical-shift/sections/facility-assembly/exteriors/cooling-plant/exterior-R03.blend', '//../exteriors/cooling-plant/exterior-R03.blend', parent '/workspace/critical-shift/sections/facility-assembly/blender/facility_spawn_material_preview_R17.blend'
00:01.670  reports          | Read library: '/workspace/critical-shift/sections/facility-assembly/exteriors/electrical-room/exterior-R03.blend', '//../exteriors/electrical-room/exterior-R03.blend', parent '/workspace/critical-shift/sections/facility-assembly/blender/facility_spawn_material_preview_R17.blend'
00:01.675  reports          | Read library: '/workspace/critical-shift/sections/facility-assembly/exteriors/fuel-corridor/exterior-R02.blend', '//../exteriors/fuel-corridor/exterior-R02.blend', parent '/workspace/critical-shift/sections/facility-assembly/blender/facility_spawn_material_preview_R17.blend'
00:01.681  reports          | Read library: '/workspace/critical-shift/sections/facility-assembly/exteriors/medical-reanimation/exterior-R04.blend', '//../exteriors/medical-reanimation/exterior-R04.blend', parent '/workspace/critical-shift/sections/facility-assembly/blender/facility_spawn_material_preview_R17.blend'
00:01.687  reports          | Read library: '/workspace/critical-shift/sections/facility-assembly/exteriors/reactor-room/exterior-R05.blend', '//../exteriors/reactor-room/exterior-R05.blend', parent '/workspace/critical-shift/sections/facility-assembly/blender/facility_spawn_material_preview_R17.blend'
00:01.699  reports          | Read library: '/workspace/critical-shift/sections/facility-assembly/exteriors/refinery/exterior-R01.blend', '//../exteriors/refinery/exterior-R01.blend', parent '/workspace/critical-shift/sections/facility-assembly/blender/facility_spawn_material_preview_R17.blend'
00:01.706  reports          | Read library: '/workspace/critical-shift/sections/facility-assembly/exteriors/spawn-room/exterior-R05.blend', '//../exteriors/spawn-room/exterior-R05.blend', parent '/workspace/critical-shift/sections/facility-assembly/blender/facility_spawn_material_preview_R17.blend'
00:01.713  reports          | Read library: '/workspace/critical-shift/sections/facility-assembly/exteriors/turbine-room/exterior-R04.blend', '//../exteriors/turbine-room/exterior-R04.blend', parent '/workspace/critical-shift/sections/facility-assembly/blender/facility_spawn_material_preview_R17.blend'
00:01.722  reports          | Read library: '/workspace/critical-shift/sections/facility-assembly/exteriors/waste-storage/exterior-R01.blend', '//../exteriors/waste-storage/exterior-R01.blend', parent '/workspace/critical-shift/sections/facility-assembly/blender/facility_spawn_material_preview_R17.blend'
00:09.186  reports          | Read library: '/workspace/critical-shift/sections/facility-assembly/sources/mine/module.blend', '//..\sources\mine\module.blend', parent '/workspace/critical-shift/sections/facility-assembly/blender/facility_environment.blend'
00:09.326  reports          | Read library: '/workspace/critical-shift/sections/facility-assembly/sources/spawn-room/module.blend', '//..\sources\spawn-room\module.blend', parent '/workspace/critical-shift/sections/facility-assembly/blender/facility_environment.blend'
00:10.973  reports          | Read library: '/workspace/critical-shift/sections/facility-assembly/sources/compliance-dock/module.blend', '//..\sources\compliance-dock\module.blend', parent '/workspace/critical-shift/sections/facility-assembly/blender/facility_environment.blend'
00:10.996  reports          | Read library: '/workspace/critical-shift/sections/facility-assembly/exteriors/compliance-dock/exterior-R08.blend', '//..\exteriors\compliance-dock\exterior-R08.blend', parent '/workspace/critical-shift/sections/facility-assembly/blender/facility_environment.blend'
00:11.003  reports          | Read library: '/workspace/critical-shift/sections/facility-assembly/sources/cooling-plant/module.blend', '//..\sources\cooling-plant\module.blend', parent '/workspace/critical-shift/sections/facility-assembly/blender/facility_environment.blend'
00:11.031  reports          | Read library: '/workspace/critical-shift/sections/facility-assembly/sources/electrical-room/module.blend', '//..\sources\electrical-room\module.blend', parent '/workspace/critical-shift/sections/facility-assembly/blender/facility_environment.blend'
00:11.083  reports          | Read library: '/workspace/critical-shift/sections/facility-assembly/sources/fuel-corridor/module.blend', '//..\sources\fuel-corridor\module.blend', parent '/workspace/critical-shift/sections/facility-assembly/blender/facility_environment.blend'
00:11.217  reports          | Read library: '/workspace/critical-shift/sections/facility-assembly/sources/medical-reanimation/module.blend', '//..\sources\medical-reanimation\module.blend', parent '/workspace/critical-shift/sections/facility-assembly/blender/facility_environment.blend'
00:11.260  reports          | Read library: '/workspace/critical-shift/sections/facility-assembly/sources/reactor-room/module.blend', '//..\sources\reactor-room\module.blend', parent '/workspace/critical-shift/sections/facility-assembly/blender/facility_environment.blend'
00:11.580  reports          | Read library: '/workspace/critical-shift/sections/facility-assembly/sources/refinery/module.blend', '//..\sources\refinery\module.blend', parent '/workspace/critical-shift/sections/facility-assembly/blender/facility_environment.blend'
00:11.624  reports          | Read library: '/workspace/critical-shift/sections/facility-assembly/sources/turbine-room/module.blend', '//..\sources\turbine-room\module.blend', parent '/workspace/critical-shift/sections/facility-assembly/blender/facility_environment.blend'
00:11.674  reports          | Read library: '/workspace/critical-shift/sections/facility-assembly/sources/waste-storage/module.blend', '//..\sources\waste-storage\module.blend', parent '/workspace/critical-shift/sections/facility-assembly/blender/facility_environment.blend'
CLIPPED_AREAS [('Truss diag B 2.2_0.8', 0.10725979715262815), ('Truss diag B 5.2_0.8', 0.1072596714479138), ('Truss diag B 8.2_0.8', 0.10725951782623225), ('Truss diag B 11.2_0.8', 0.10725951782623225), ('Truss diag B 13.9_0.8', 0.10725943313590777), ('CD | Joined CD | Warm Fluorescent SW suspended fixture / steel', 0.025402971126467538)]

Blender quit
