00:00.435  blend            | Read blend: "/workspace/critical-shift/sections/facility-assembly/sources/compliance-dock/module_overhaul_R1.blend"
00:00.495  reports          | Read library: '/workspace/critical-shift/sections/facility-assembly/blender/facility_environment.blend', '//../../blender/facility_environment.blend', parent '<direct>'
Blender 5.2.2 LTS (hash d13f752e3b9c built 2026-09-15 01:34:58)
00:00.828  reports          | Read library: '/workspace/critical-shift/sections/facility-assembly/blender/facility_spawn_material_preview_R17.blend', '//../../blender/facility_spawn_material_preview_R17.blend', parent '<direct>'
00:01.387  reports          | Read library: '/workspace/critical-shift/sections/facility-assembly/sources/condenser-bay/module.blend', '//..\sources\condenser-bay\module.blend', parent '/workspace/critical-shift/sections/facility-assembly/blender/facility_spawn_material_preview_R17.blend'
00:01.423  reports          | Read library: '/workspace/critical-shift/sections/facility-assembly/exteriors/condenser-bay/exterior-R02.blend', '//../exteriors/condenser-bay/exterior-R02.blend', parent '/workspace/critical-shift/sections/facility-assembly/blender/facility_spawn_material_preview_R17.blend'
00:01.429  reports          | Read library: '/workspace/critical-shift/sections/facility-assembly/exteriors/cooling-plant/exterior-R03.blend', '//../exteriors/cooling-plant/exterior-R03.blend', parent '/workspace/critical-shift/sections/facility-assembly/blender/facility_spawn_material_preview_R17.blend'
00:01.434  reports          | Read library: '/workspace/critical-shift/sections/facility-assembly/exteriors/electrical-room/exterior-R03.blend', '//../exteriors/electrical-room/exterior-R03.blend', parent '/workspace/critical-shift/sections/facility-assembly/blender/facility_spawn_material_preview_R17.blend'
00:01.442  reports          | Read library: '/workspace/critical-shift/sections/facility-assembly/exteriors/fuel-corridor/exterior-R02.blend', '//../exteriors/fuel-corridor/exterior-R02.blend', parent '/workspace/critical-shift/sections/facility-assembly/blender/facility_spawn_material_preview_R17.blend'
00:01.448  reports          | Read library: '/workspace/critical-shift/sections/facility-assembly/exteriors/medical-reanimation/exterior-R04.blend', '//../exteriors/medical-reanimation/exterior-R04.blend', parent '/workspace/critical-shift/sections/facility-assembly/blender/facility_spawn_material_preview_R17.blend'
00:01.456  reports          | Read library: '/workspace/critical-shift/sections/facility-assembly/exteriors/reactor-room/exterior-R05.blend', '//../exteriors/reactor-room/exterior-R05.blend', parent '/workspace/critical-shift/sections/facility-assembly/blender/facility_spawn_material_preview_R17.blend'
00:01.473  reports          | Read library: '/workspace/critical-shift/sections/facility-assembly/exteriors/refinery/exterior-R01.blend', '//../exteriors/refinery/exterior-R01.blend', parent '/workspace/critical-shift/sections/facility-assembly/blender/facility_spawn_material_preview_R17.blend'
00:01.480  reports          | Read library: '/workspace/critical-shift/sections/facility-assembly/exteriors/spawn-room/exterior-R05.blend', '//../exteriors/spawn-room/exterior-R05.blend', parent '/workspace/critical-shift/sections/facility-assembly/blender/facility_spawn_material_preview_R17.blend'
00:01.492  reports          | Read library: '/workspace/critical-shift/sections/facility-assembly/exteriors/turbine-room/exterior-R04.blend', '//../exteriors/turbine-room/exterior-R04.blend', parent '/workspace/critical-shift/sections/facility-assembly/blender/facility_spawn_material_preview_R17.blend'
00:01.502  reports          | Read library: '/workspace/critical-shift/sections/facility-assembly/exteriors/waste-storage/exterior-R01.blend', '//../exteriors/waste-storage/exterior-R01.blend', parent '/workspace/critical-shift/sections/facility-assembly/blender/facility_spawn_material_preview_R17.blend'
00:07.196  reports          | Read library: '/workspace/critical-shift/sections/facility-assembly/sources/mine/module.blend', '//..\sources\mine\module.blend', parent '/workspace/critical-shift/sections/facility-assembly/blender/facility_environment.blend'
00:07.298  reports          | Read library: '/workspace/critical-shift/sections/facility-assembly/sources/spawn-room/module.blend', '//..\sources\spawn-room\module.blend', parent '/workspace/critical-shift/sections/facility-assembly/blender/facility_environment.blend'
00:08.562  reports          | Read library: '/workspace/critical-shift/sections/facility-assembly/sources/compliance-dock/module.blend', '//..\sources\compliance-dock\module.blend', parent '/workspace/critical-shift/sections/facility-assembly/blender/facility_environment.blend'
00:08.584  reports          | Read library: '/workspace/critical-shift/sections/facility-assembly/exteriors/compliance-dock/exterior-R08.blend', '//..\exteriors\compliance-dock\exterior-R08.blend', parent '/workspace/critical-shift/sections/facility-assembly/blender/facility_environment.blend'
00:08.591  reports          | Read library: '/workspace/critical-shift/sections/facility-assembly/sources/cooling-plant/module.blend', '//..\sources\cooling-plant\module.blend', parent '/workspace/critical-shift/sections/facility-assembly/blender/facility_environment.blend'
00:08.619  reports          | Read library: '/workspace/critical-shift/sections/facility-assembly/sources/electrical-room/module.blend', '//..\sources\electrical-room\module.blend', parent '/workspace/critical-shift/sections/facility-assembly/blender/facility_environment.blend'
00:08.652  reports          | Read library: '/workspace/critical-shift/sections/facility-assembly/sources/fuel-corridor/module.blend', '//..\sources\fuel-corridor\module.blend', parent '/workspace/critical-shift/sections/facility-assembly/blender/facility_environment.blend'
00:08.766  reports          | Read library: '/workspace/critical-shift/sections/facility-assembly/sources/medical-reanimation/module.blend', '//..\sources\medical-reanimation\module.blend', parent '/workspace/critical-shift/sections/facility-assembly/blender/facility_environment.blend'
00:08.791  reports          | Read library: '/workspace/critical-shift/sections/facility-assembly/sources/reactor-room/module.blend', '//..\sources\reactor-room\module.blend', parent '/workspace/critical-shift/sections/facility-assembly/blender/facility_environment.blend'
00:09.048  reports          | Read library: '/workspace/critical-shift/sections/facility-assembly/sources/refinery/module.blend', '//..\sources\refinery\module.blend', parent '/workspace/critical-shift/sections/facility-assembly/blender/facility_environment.blend'
00:09.092  reports          | Read library: '/workspace/critical-shift/sections/facility-assembly/sources/turbine-room/module.blend', '//..\sources\turbine-room\module.blend', parent '/workspace/critical-shift/sections/facility-assembly/blender/facility_environment.blend'
00:09.122  reports          | Read library: '/workspace/critical-shift/sections/facility-assembly/sources/waste-storage/module.blend', '//..\sources\waste-storage\module.blend', parent '/workspace/critical-shift/sections/facility-assembly/blender/facility_environment.blend'
[
  {
    "sample": [
      -5.4,
      1.9
    ],
    "enamel_back": [
      -5.400000095367432,
      3.581500291824341,
      1.899999976158142
    ],
    "hits": {
      "CD | D1 ID enamel": {
        "point": [
          -5.400000095367432,
          3.57450008392334,
          1.899999976158142
        ],
        "normal": [
          0.0,
          -1.0,
          0.0
        ],
        "triangle": 157
      },
      "D1 door leaf": {
        "point": [
          -5.400000095367432,
          3.5999999046325684,
          1.899999976158142
        ],
        "normal": [
          0.0,
          -1.0,
          0.0
        ],
        "triangle": 156
      },
      "CD | D1 die-pressed leaf.001": {
        "point": [
          -5.400000095367432,
          3.5879998207092285,
          1.899999976158142
        ],
        "normal": [
          0.0,
          -1.0,
          0.0
        ],
        "triangle": 279
      }
    },
    "nearest_actual_support_gap_m": 0.006499528884887695
  },
  {
    "sample": [
      -5.4,
      1.94
    ],
    "enamel_back": [
      -5.400000095367432,
      3.581500291824341,
      1.940000057220459
    ],
    "hits": {
      "CD | D1 ID enamel": {
        "point": [
          -5.400000095367432,
          3.57450008392334,
          1.940000057220459
        ],
        "normal": [
          0.0,
          -1.0,
          0.0
        ],
        "triangle": 156
      },
      "D1 door leaf": {
        "point": [
          -5.400000095367432,
          3.5999999046325684,
          1.940000057220459
        ],
        "normal": [
          0.0,
          -1.0,
          0.0
        ],
        "triangle": 156
      },
      "CD | D1 die-pressed leaf.001": null
    },
    "nearest_actual_support_gap_m": 0.01849961280822754
  },
  {
    "sample": [
      -5.3,
      1.9
    ],
    "enamel_back": [
      -5.300000190734863,
      3.581500291824341,
      1.899999976158142
    ],
    "hits": {
      "CD | D1 ID enamel": {
        "point": [
          -5.300000190734863,
          3.57450008392334,
          1.899999976158142
        ],
        "normal": [
          0.0,
          -1.0,
          0.0
        ],
        "triangle": 156
      },
      "D1 door leaf": {
        "point": [
          -5.300000190734863,
          3.5999999046325684,
          1.899999976158142
        ],
        "normal": [
          0.0,
          -1.0,
          0.0
        ],
        "triangle": 156
      },
      "CD | D1 die-pressed leaf.001": {
        "point": [
          -5.300000190734863,
          3.5880000591278076,
          1.899999976158142
        ],
        "normal": [
          0.0,
          -1.0,
          0.0
        ],
        "triangle": 281
      }
    },
    "nearest_actual_support_gap_m": 0.006499767303466797
  }
]

Blender quit
