00:00.373  blend            | Read blend: "/workspace/critical-shift/sections/facility-assembly/sources/compliance-dock/module_overhaul_R1.blend"
00:00.458  reports          | Read library: '/workspace/critical-shift/sections/facility-assembly/blender/facility_environment.blend', '//../../blender/facility_environment.blend', parent '<direct>'
Blender 5.2.2 LTS (hash d13f752e3b9c built 2026-09-15 01:34:58)
00:00.772  reports          | Read library: '/workspace/critical-shift/sections/facility-assembly/blender/facility_spawn_material_preview_R17.blend', '//../../blender/facility_spawn_material_preview_R17.blend', parent '<direct>'
00:01.237  reports          | Read library: '/workspace/critical-shift/sections/facility-assembly/sources/condenser-bay/module.blend', '//..\sources\condenser-bay\module.blend', parent '/workspace/critical-shift/sections/facility-assembly/blender/facility_spawn_material_preview_R17.blend'
00:01.272  reports          | Read library: '/workspace/critical-shift/sections/facility-assembly/exteriors/condenser-bay/exterior-R02.blend', '//../exteriors/condenser-bay/exterior-R02.blend', parent '/workspace/critical-shift/sections/facility-assembly/blender/facility_spawn_material_preview_R17.blend'
00:01.277  reports          | Read library: '/workspace/critical-shift/sections/facility-assembly/exteriors/cooling-plant/exterior-R03.blend', '//../exteriors/cooling-plant/exterior-R03.blend', parent '/workspace/critical-shift/sections/facility-assembly/blender/facility_spawn_material_preview_R17.blend'
00:01.283  reports          | Read library: '/workspace/critical-shift/sections/facility-assembly/exteriors/electrical-room/exterior-R03.blend', '//../exteriors/electrical-room/exterior-R03.blend', parent '/workspace/critical-shift/sections/facility-assembly/blender/facility_spawn_material_preview_R17.blend'
00:01.288  reports          | Read library: '/workspace/critical-shift/sections/facility-assembly/exteriors/fuel-corridor/exterior-R02.blend', '//../exteriors/fuel-corridor/exterior-R02.blend', parent '/workspace/critical-shift/sections/facility-assembly/blender/facility_spawn_material_preview_R17.blend'
00:01.294  reports          | Read library: '/workspace/critical-shift/sections/facility-assembly/exteriors/medical-reanimation/exterior-R04.blend', '//../exteriors/medical-reanimation/exterior-R04.blend', parent '/workspace/critical-shift/sections/facility-assembly/blender/facility_spawn_material_preview_R17.blend'
00:01.300  reports          | Read library: '/workspace/critical-shift/sections/facility-assembly/exteriors/reactor-room/exterior-R05.blend', '//../exteriors/reactor-room/exterior-R05.blend', parent '/workspace/critical-shift/sections/facility-assembly/blender/facility_spawn_material_preview_R17.blend'
00:01.311  reports          | Read library: '/workspace/critical-shift/sections/facility-assembly/exteriors/refinery/exterior-R01.blend', '//../exteriors/refinery/exterior-R01.blend', parent '/workspace/critical-shift/sections/facility-assembly/blender/facility_spawn_material_preview_R17.blend'
00:01.317  reports          | Read library: '/workspace/critical-shift/sections/facility-assembly/exteriors/spawn-room/exterior-R05.blend', '//../exteriors/spawn-room/exterior-R05.blend', parent '/workspace/critical-shift/sections/facility-assembly/blender/facility_spawn_material_preview_R17.blend'
00:01.324  reports          | Read library: '/workspace/critical-shift/sections/facility-assembly/exteriors/turbine-room/exterior-R04.blend', '//../exteriors/turbine-room/exterior-R04.blend', parent '/workspace/critical-shift/sections/facility-assembly/blender/facility_spawn_material_preview_R17.blend'
00:01.331  reports          | Read library: '/workspace/critical-shift/sections/facility-assembly/exteriors/waste-storage/exterior-R01.blend', '//../exteriors/waste-storage/exterior-R01.blend', parent '/workspace/critical-shift/sections/facility-assembly/blender/facility_spawn_material_preview_R17.blend'
00:07.011  reports          | Read library: '/workspace/critical-shift/sections/facility-assembly/sources/mine/module.blend', '//..\sources\mine\module.blend', parent '/workspace/critical-shift/sections/facility-assembly/blender/facility_environment.blend'
00:07.117  reports          | Read library: '/workspace/critical-shift/sections/facility-assembly/sources/spawn-room/module.blend', '//..\sources\spawn-room\module.blend', parent '/workspace/critical-shift/sections/facility-assembly/blender/facility_environment.blend'
00:08.368  reports          | Read library: '/workspace/critical-shift/sections/facility-assembly/sources/compliance-dock/module.blend', '//..\sources\compliance-dock\module.blend', parent '/workspace/critical-shift/sections/facility-assembly/blender/facility_environment.blend'
00:08.389  reports          | Read library: '/workspace/critical-shift/sections/facility-assembly/exteriors/compliance-dock/exterior-R08.blend', '//..\exteriors\compliance-dock\exterior-R08.blend', parent '/workspace/critical-shift/sections/facility-assembly/blender/facility_environment.blend'
00:08.396  reports          | Read library: '/workspace/critical-shift/sections/facility-assembly/sources/cooling-plant/module.blend', '//..\sources\cooling-plant\module.blend', parent '/workspace/critical-shift/sections/facility-assembly/blender/facility_environment.blend'
00:08.423  reports          | Read library: '/workspace/critical-shift/sections/facility-assembly/sources/electrical-room/module.blend', '//..\sources\electrical-room\module.blend', parent '/workspace/critical-shift/sections/facility-assembly/blender/facility_environment.blend'
00:08.458  reports          | Read library: '/workspace/critical-shift/sections/facility-assembly/sources/fuel-corridor/module.blend', '//..\sources\fuel-corridor\module.blend', parent '/workspace/critical-shift/sections/facility-assembly/blender/facility_environment.blend'
00:08.577  reports          | Read library: '/workspace/critical-shift/sections/facility-assembly/sources/medical-reanimation/module.blend', '//..\sources\medical-reanimation\module.blend', parent '/workspace/critical-shift/sections/facility-assembly/blender/facility_environment.blend'
00:08.603  reports          | Read library: '/workspace/critical-shift/sections/facility-assembly/sources/reactor-room/module.blend', '//..\sources\reactor-room\module.blend', parent '/workspace/critical-shift/sections/facility-assembly/blender/facility_environment.blend'
00:08.853  reports          | Read library: '/workspace/critical-shift/sections/facility-assembly/sources/refinery/module.blend', '//..\sources\refinery\module.blend', parent '/workspace/critical-shift/sections/facility-assembly/blender/facility_environment.blend'
00:08.901  reports          | Read library: '/workspace/critical-shift/sections/facility-assembly/sources/turbine-room/module.blend', '//..\sources\turbine-room\module.blend', parent '/workspace/critical-shift/sections/facility-assembly/blender/facility_environment.blend'
00:08.931  reports          | Read library: '/workspace/critical-shift/sections/facility-assembly/sources/waste-storage/module.blend', '//..\sources\waste-storage\module.blend', parent '/workspace/critical-shift/sections/facility-assembly/blender/facility_environment.blend'
RETURN_COMPLETE 126 2

Blender quit
