CONTACT_PROGRESS 0 1825 tests 1
CONTACT_PROGRESS 100 1825 tests 203
CONTACT_PROGRESS 200 1825 tests 527
CONTACT_PROGRESS 300 1825 tests 844
CONTACT_PROGRESS 400 1825 tests 1076
CONTACT_PROGRESS 500 1825 tests 1301
CONTACT_PROGRESS 600 1825 tests 1608
CONTACT_PROGRESS 700 1825 tests 1812
CONTACT_PROGRESS 800 1825 tests 1987
CONTACT_PROGRESS 900 1825 tests 2165
CONTACT_PROGRESS 1000 1825 tests 2335
CONTACT_PROGRESS 1100 1825 tests 2585
CONTACT_PROGRESS 1200 1825 tests 2727
CONTACT_PROGRESS 1300 1825 tests 2828
CONTACT_PROGRESS 1400 1825 tests 2982
CONTACT_PROGRESS 1500 1825 tests 3266
CONTACT_PROGRESS 1600 1825 tests 3541
CONTACT_PROGRESS 1700 1825 tests 3724
CONTACT_PROGRESS 1800 1825 tests 3921
INDEPENDENT_CONTACT_RESULT 1825 704 8 tests 3976
Blender 5.2.2 LTS (hash d13f752e3b9c built 2026-09-15 01:34:58)

Blender quit
