CONTACT_PROGRESS 0 4263 tests 3
CONTACT_PROGRESS 100 4263 tests 295
CONTACT_PROGRESS 200 4263 tests 466
CONTACT_PROGRESS 300 4263 tests 712
CONTACT_PROGRESS 400 4263 tests 992
CONTACT_PROGRESS 500 4263 tests 1179
CONTACT_PROGRESS 600 4263 tests 1506
CONTACT_PROGRESS 700 4263 tests 1713
CONTACT_PROGRESS 800 4263 tests 1902
CONTACT_PROGRESS 900 4263 tests 2123
CONTACT_PROGRESS 1000 4263 tests 2454
CONTACT_PROGRESS 1100 4263 tests 2872
CONTACT_PROGRESS 1200 4263 tests 3312
CONTACT_PROGRESS 1300 4263 tests 3583
CONTACT_PROGRESS 1400 4263 tests 3936
CONTACT_PROGRESS 1500 4263 tests 4269
CONTACT_PROGRESS 1600 4263 tests 4572
CONTACT_PROGRESS 1700 4263 tests 4832
CONTACT_PROGRESS 1800 4263 tests 5153
CONTACT_PROGRESS 1900 4263 tests 5472
CONTACT_PROGRESS 2000 4263 tests 5972
CONTACT_PROGRESS 2100 4263 tests 6350
CONTACT_PROGRESS 2200 4263 tests 6683
CONTACT_PROGRESS 2300 4263 tests 7154
CONTACT_PROGRESS 2400 4263 tests 7564
CONTACT_PROGRESS 2500 4263 tests 7747
CONTACT_PROGRESS 2600 4263 tests 8036
CONTACT_PROGRESS 2700 4263 tests 8310
CONTACT_PROGRESS 2800 4263 tests 8618
CONTACT_PROGRESS 2900 4263 tests 8930
CONTACT_PROGRESS 3000 4263 tests 9300
CONTACT_PROGRESS 3100 4263 tests 9596
CONTACT_PROGRESS 3200 4263 tests 9772
CONTACT_PROGRESS 3300 4263 tests 9948
CONTACT_PROGRESS 3400 4263 tests 10123
CONTACT_PROGRESS 3500 4263 tests 10342
CONTACT_PROGRESS 3600 4263 tests 10553
CONTACT_PROGRESS 3700 4263 tests 10654
CONTACT_PROGRESS 3800 4263 tests 10756
CONTACT_PROGRESS 3900 4263 tests 11021
CONTACT_PROGRESS 4000 4263 tests 11322
CONTACT_PROGRESS 4100 4263 tests 11520
CONTACT_PROGRESS 4200 4263 tests 11703
INDEPENDENT_CONTACT_RESULT 4263 118 547 tests 11841
Blender 5.2.2 LTS (hash d13f752e3b9c built 2026-09-15 01:34:58)

Blender quit
