00:00.391  blend            | Read blend: "/workspace/critical-shift/sections/facility-assembly/sources/compliance-dock/module_overhaul_R1.blend"
Traceback (most recent call last):
  File "/workspace/critical-shift/sections/facility-assembly/sources/compliance-dock/revamp/production/probes/f16-saved-suspension-and-cloth.py", line 57, in <module>
    assert all(v['area_fraction_anisotropy_gt_1_25']<.0001 for v in cloth),cloth
           ~~~^^^^^^^^^^^^^^^^^^^^^^^^^^^^^^^^^^^^^^^^^^^^^^^^^^^^^^^^^^^^
AssertionError: [{'object': 'Chair seat cushion', 'consumed_uv': 'CD_Fabric_Cut_1m', 'actual_materials': ['CD | fabric'], 'area_m2': 0.5239642006639329, 'area_fraction_anisotropy_gt_1_25': 0.21653589183150376, 'area_weighted_anisotropy_p95': 1.4832908502807145, 'maximum_anisotropy': 1.574292893361097}, {'object': 'Chair back lumbar', 'consumed_uv': 'CD_Fabric_Cut_1m', 'actual_materials': ['CD | fabric'], 'area_m2': 0.2168778345595981, 'area_fraction_anisotropy_gt_1_25': 0.19109310580164904, 'area_weighted_anisotropy_p95': 1.4925664654133024, 'maximum_anisotropy': 1.5575574422656315}, {'object': 'Chair back upper', 'consumed_uv': 'CD_Fabric_Cut_1m', 'actual_materials': ['CD | fabric'], 'area_m2': 0.17577269258194764, 'area_fraction_anisotropy_gt_1_25': 0.24987301027373401, 'area_weighted_anisotropy_p95': 1.5953449778065807, 'maximum_anisotropy': 1.6025558542780016}, {'object': 'CD | Joined Covered Trolley H1 / cotton', 'consumed_uv': 'CD_Fabric_Cut_1m', 'actual_materials': ['CD | cotton'], 'area_m2': 0.031536180388963914, 'area_fraction_anisotropy_gt_1_25': 0.0, 'area_weighted_anisotropy_p95': 1.0001566810566433, 'maximum_anisotropy': 1.0001566810566433}]
Info: Read library: '/workspace/critical-shift/sections/facility-assembly/blender/facility_environment.blend', '//../../blender/facility_environment.blend', parent '<direct>'
Info: Read library: '/workspace/critical-shift/sections/facility-assembly/blender/facility_spawn_material_preview_R17.blend', '//../../blender/facility_spawn_material_preview_R17.blend', parent '<direct>'
Info: Read library: '/workspace/critical-shift/sections/facility-assembly/sources/condenser-bay/module.blend', '//..\sources\condenser-bay\module.blend', parent '/workspace/critical-shift/sections/facility-assembly/blender/facility_spawn_material_preview_R17.blend'
Info: Read library: '/workspace/critical-shift/sections/facility-assembly/exteriors/condenser-bay/exterior-R02.blend', '//../exteriors/condenser-bay/exterior-R02.blend', parent '/workspace/critical-shift/sections/facility-assembly/blender/facility_spawn_material_preview_R17.blend'
Info: Read library: '/workspace/critical-shift/sections/facility-assembly/exteriors/cooling-plant/exterior-R03.blend', '//../exteriors/cooling-plant/exterior-R03.blend', parent '/workspace/critical-shift/sections/facility-assembly/blender/facility_spawn_material_preview_R17.blend'
Info: Read library: '/workspace/critical-shift/sections/facility-assembly/exteriors/electrical-room/exterior-R03.blend', '//../exteriors/electrical-room/exterior-R03.blend', parent '/workspace/critical-shift/sections/facility-assembly/blender/facility_spawn_material_preview_R17.blend'
Info: Read library: '/workspace/critical-shift/sections/facility-assembly/exteriors/fuel-corridor/exterior-R02.blend', '//../exteriors/fuel-corridor/exterior-R02.blend', parent '/workspace/critical-shift/sections/facility-assembly/blender/facility_spawn_material_preview_R17.blend'
Info: Read library: '/workspace/critical-shift/sections/facility-assembly/exteriors/medical-reanimation/exterior-R04.blend', '//../exteriors/medical-reanimation/exterior-R04.blend', parent '/workspace/critical-shift/sections/facility-assembly/blender/facility_spawn_material_preview_R17.blend'
Info: Read library: '/workspace/critical-shift/sections/facility-assembly/exteriors/reactor-room/exterior-R05.blend', '//../exteriors/reactor-room/exterior-R05.blend', parent '/workspace/critical-shift/sections/facility-assembly/blender/facility_spawn_material_preview_R17.blend'
Info: Read library: '/workspace/critical-shift/sections/facility-assembly/exteriors/refinery/exterior-R01.blend', '//../exteriors/refinery/exterior-R01.blend', parent '/workspace/critical-shift/sections/facility-assembly/blender/facility_spawn_material_preview_R17.blend'
Info: Read library: '/workspace/critical-shift/sections/facility-assembly/exteriors/spawn-room/exterior-R05.blend', '//../exteriors/spawn-room/exterior-R05.blend', parent '/workspace/critical-shift/sections/facility-assembly/blender/facility_spawn_material_preview_R17.blend'
Info: Read library: '/workspace/critical-shift/sections/facility-assembly/exteriors/turbine-room/exterior-R04.blend', '//../exteriors/turbine-room/exterior-R04.blend', parent '/workspace/critical-shift/sections/facility-assembly/blender/facility_spawn_material_preview_R17.blend'
Info: Read library: '/workspace/critical-shift/sections/facility-assembly/exteriors/waste-storage/exterior-R01.blend', '//../exteriors/waste-storage/exterior-R01.blend', parent '/workspace/critical-shift/sections/facility-assembly/blender/facility_spawn_material_preview_R17.blend'
Info: Read library: '/workspace/critical-shift/sections/facility-assembly/sources/mine/module.blend', '//..\sources\mine\module.blend', parent '/workspace/critical-shift/sections/facility-assembly/blender/facility_environment.blend'
Info: Read library: '/workspace/critical-shift/sections/facility-assembly/sources/spawn-room/module.blend', '//..\sources\spawn-room\module.blend', parent '/workspace/critical-shift/sections/facility-assembly/blender/facility_environment.blend'
Info: Read library: '/workspace/critical-shift/sections/facility-assembly/sources/compliance-dock/module.blend', '//..\sources\compliance-dock\module.blend', parent '/workspace/critical-shift/sections/facility-assembly/blender/facility_environment.blend'
Info: Read library: '/workspace/critical-shift/sections/facility-assembly/exteriors/compliance-dock/exterior-R08.blend', '//..\exteriors\compliance-dock\exterior-R08.blend', parent '/workspace/critical-shift/sections/facility-assembly/blender/facility_environment.blend'
Info: Read library: '/workspace/critical-shift/sections/facility-assembly/sources/cooling-plant/module.blend', '//..\sources\cooling-plant\module.blend', parent '/workspace/critical-shift/sections/facility-assembly/blender/facility_environment.blend'
Info: Read library: '/workspace/critical-shift/sections/facility-assembly/sources/electrical-room/module.blend', '//..\sources\electrical-room\module.blend', parent '/workspace/critical-shift/sections/facility-assembly/blender/facility_environment.blend'
Info: Read library: '/workspace/critical-shift/sections/facility-assembly/sources/fuel-corridor/module.blend', '//..\sources\fuel-corridor\module.blend', parent '/workspace/critical-shift/sections/facility-assembly/blender/facility_environment.blend'
Info: Read library: '/workspace/critical-shift/sections/facility-assembly/sources/medical-reanimation/module.blend', '//..\sources\medical-reanimation\module.blend', parent '/workspace/critical-shift/sections/facility-assembly/blender/facility_environment.blend'
Info: Read library: '/workspace/critical-shift/sections/facility-assembly/sources/reactor-room/module.blend', '//..\sources\reactor-room\module.blend', parent '/workspace/critical-shift/sections/facility-assembly/blender/facility_environment.blend'
Info: Read library: '/workspace/critical-shift/sections/facility-assembly/sources/refinery/module.blend', '//..\sources\refinery\module.blend', parent '/workspace/critical-shift/sections/facility-assembly/blender/facility_environment.blend'
Info: Read library: '/workspace/critical-shift/sections/facility-assembly/sources/turbine-room/module.blend', '//..\sources\turbine-room\module.blend', parent '/workspace/critical-shift/sections/facility-assembly/blender/facility_environment.blend'
Info: Read library: '/workspace/critical-shift/sections/facility-assembly/sources/waste-storage/module.blend', '//..\sources\waste-storage\module.blend', parent '/workspace/critical-shift/sections/facility-assembly/blender/facility_environment.blend'

Error: script failed, file: 'sections/facility-assembly/sources/compliance-dock/revamp/production/probes/f16-saved-suspension-and-cloth.py', exiting.
Blender 5.2.2 LTS (hash d13f752e3b9c built 2026-09-15 01:34:58)

Blender quit
