00:00.407  blend            | Read blend: "/workspace/critical-shift/sections/facility-assembly/sources/compliance-dock/module_overhaul_R1.blend"
Info: Read library: '/workspace/critical-shift/sections/facility-assembly/blender/facility_environment.blend', '//../../blender/facility_environment.blend', parent '<direct>'
Info: Read library: '/workspace/critical-shift/sections/facility-assembly/blender/facility_spawn_material_preview_R17.blend', '//../../blender/facility_spawn_material_preview_R17.blend', parent '<direct>'
Info: Read library: '/workspace/critical-shift/sections/facility-assembly/sources/condenser-bay/module.blend', '//..\sources\condenser-bay\module.blend', parent '/workspace/critical-shift/sections/facility-assembly/blender/facility_spawn_material_preview_R17.blend'
Info: Read library: '/workspace/critical-shift/sections/facility-assembly/exteriors/condenser-bay/exterior-R02.blend', '//../exteriors/condenser-bay/exterior-R02.blend', parent '/workspace/critical-shift/sections/facility-assembly/blender/facility_spawn_material_preview_R17.blend'
Info: Read library: '/workspace/critical-shift/sections/facility-assembly/exteriors/cooling-plant/exterior-R03.blend', '//../exteriors/cooling-plant/exterior-R03.blend', parent '/workspace/critical-shift/sections/facility-assembly/blender/facility_spawn_material_preview_R17.blend'
Info: Read library: '/workspace/critical-shift/sections/facility-assembly/exteriors/electrical-room/exterior-R03.blend', '//../exteriors/electrical-room/exterior-R03.blend', parent '/workspace/critical-shift/sections/facility-assembly/blender/facility_spawn_material_preview_R17.blend'
Info: Read library: '/workspace/critical-shift/sections/facility-assembly/exteriors/fuel-corridor/exterior-R02.blend', '//../exteriors/fuel-corridor/exterior-R02.blend', parent '/workspace/critical-shift/sections/facility-assembly/blender/facility_spawn_material_preview_R17.blend'
Info: Read library: '/workspace/critical-shift/sections/facility-assembly/exteriors/medical-reanimation/exterior-R04.blend', '//../exteriors/medical-reanimation/exterior-R04.blend', parent '/workspace/critical-shift/sections/facility-assembly/blender/facility_spawn_material_preview_R17.blend'
Info: Read library: '/workspace/critical-shift/sections/facility-assembly/exteriors/reactor-room/exterior-R05.blend', '//../exteriors/reactor-room/exterior-R05.blend', parent '/workspace/critical-shift/sections/facility-assembly/blender/facility_spawn_material_preview_R17.blend'
Info: Read library: '/workspace/critical-shift/sections/facility-assembly/exteriors/refinery/exterior-R01.blend', '//../exteriors/refinery/exterior-R01.blend', parent '/workspace/critical-shift/sections/facility-assembly/blender/facility_spawn_material_preview_R17.blend'
Info: Read library: '/workspace/critical-shift/sections/facility-assembly/exteriors/spawn-room/exterior-R05.blend', '//../exteriors/spawn-room/exterior-R05.blend', parent '/workspace/critical-shift/sections/facility-assembly/blender/facility_spawn_material_preview_R17.blend'
Info: Read library: '/workspace/critical-shift/sections/facility-assembly/exteriors/turbine-room/exterior-R04.blend', '//../exteriors/turbine-room/exterior-R04.blend', parent '/workspace/critical-shift/sections/facility-assembly/blender/facility_spawn_material_preview_R17.blend'
Info: Read library: '/workspace/critical-shift/sections/facility-assembly/exteriors/waste-storage/exterior-R01.blend', '//../exteriors/waste-storage/exterior-R01.blend', parent '/workspace/critical-shift/sections/facility-assembly/blender/facility_spawn_material_preview_R17.blend'
Info: Read library: '/workspace/critical-shift/sections/facility-assembly/sources/mine/module.blend', '//..\sources\mine\module.blend', parent '/workspace/critical-shift/sections/facility-assembly/blender/facility_environment.blend'
Info: Read library: '/workspace/critical-shift/sections/facility-assembly/sources/spawn-room/module.blend', '//..\sources\spawn-room\module.blend', parent '/workspace/critical-shift/sections/facility-assembly/blender/facility_environment.blend'
Info: Read library: '/workspace/critical-shift/sections/facility-assembly/sources/compliance-dock/module.blend', '//..\sources\compliance-dock\module.blend', parent '/workspace/critical-shift/sections/facility-assembly/blender/facility_environment.blend'
Info: Read library: '/workspace/critical-shift/sections/facility-assembly/exteriors/compliance-dock/exterior-R08.blend', '//..\exteriors\compliance-dock\exterior-R08.blend', parent '/workspace/critical-shift/sections/facility-assembly/blender/facility_environment.blend'
Info: Read library: '/workspace/critical-shift/sections/facility-assembly/sources/cooling-plant/module.blend', '//..\sources\cooling-plant\module.blend', parent '/workspace/critical-shift/sections/facility-assembly/blender/facility_environment.blend'
Info: Read library: '/workspace/critical-shift/sections/facility-assembly/sources/electrical-room/module.blend', '//..\sources\electrical-room\module.blend', parent '/workspace/critical-shift/sections/facility-assembly/blender/facility_environment.blend'
Info: Read library: '/workspace/critical-shift/sections/facility-assembly/sources/fuel-corridor/module.blend', '//..\sources\fuel-corridor\module.blend', parent '/workspace/critical-shift/sections/facility-assembly/blender/facility_environment.blend'
Info: Read library: '/workspace/critical-shift/sections/facility-assembly/sources/medical-reanimation/module.blend', '//..\sources\medical-reanimation\module.blend', parent '/workspace/critical-shift/sections/facility-assembly/blender/facility_environment.blend'
Info: Read library: '/workspace/critical-shift/sections/facility-assembly/sources/reactor-room/module.blend', '//..\sources\reactor-room\module.blend', parent '/workspace/critical-shift/sections/facility-assembly/blender/facility_environment.blend'
Info: Read library: '/workspace/critical-shift/sections/facility-assembly/sources/refinery/module.blend', '//..\sources\refinery\module.blend', parent '/workspace/critical-shift/sections/facility-assembly/blender/facility_environment.blend'
Info: Read library: '/workspace/critical-shift/sections/facility-assembly/sources/turbine-room/module.blend', '//..\sources\turbine-room\module.blend', parent '/workspace/critical-shift/sections/facility-assembly/blender/facility_environment.blend'
Info: Read library: '/workspace/critical-shift/sections/facility-assembly/sources/waste-storage/module.blend', '//..\sources\waste-storage\module.blend', parent '/workspace/critical-shift/sections/facility-assembly/blender/facility_environment.blend'
F17_ISOLATED_SEAT_AND_CHEST_CLOSED_NONDEGENERATE_PASS [{'object': 'Chair seat cushion', 'vertices': 161, 'triangles': 318, 'closed_consistent_winding': True, 'degenerate_triangles': [], 'bounds': [[-4.679999828338623, 6.559999942779541, 0.44999998807907104], [-4.21999979019165, 7.039999961853027, 0.5299999713897705]]}, {'object': 'Cargo crate base', 'vertices': 145, 'triangles': 286, 'closed_consistent_winding': True, 'degenerate_triangles': [], 'bounds': [[4.275000095367432, 5.375, 0.8250000476837158], [5.025000095367432, 6.324999809265137, 1.375]]}, {'object': 'Cargo crate lid', 'vertices': 112, 'triangles': 220, 'closed_consistent_winding': True, 'degenerate_triangles': [], 'bounds': [[4.260000228881836, 5.359999656677246, 1.3600000143051147], [5.039999961853027, 6.340000152587891, 1.4399999380111694]]}] 1.0432338734081716
Blender 5.2.2 LTS (hash d13f752e3b9c built 2026-09-15 01:34:58)

Blender quit
