{
  "current": 35,
  "reference": 4,
  "manifests": [
    {
      "path": "/workspace/critical-shift/sections/facility-assembly/sources/compliance-dock/revamp/production/renders/full-cycle-08/manifest.json",
      "sha256": "96b9aa2855691f920793bfbee64e054dd9326716ae5d2096eb34160ad24a46f0",
      "complete": true,
      "count": 27,
      "diagnostic": null
    },
    {
      "path": "/workspace/critical-shift/sections/facility-assembly/sources/compliance-dock/revamp/production/renders/full-cycle-08-neutral/manifest.json",
      "sha256": "7fb29c100179c892693ccfc10c053576201461362148597b3896426e54a4974b",
      "complete": true,
      "count": 4,
      "diagnostic": "neutral"
    },
    {
      "path": "/workspace/critical-shift/sections/facility-assembly/sources/compliance-dock/revamp/production/renders/full-cycle-08-uv-standard/manifest.json",
      "sha256": "ed8118a20c82f36b350c5d42dce4b7858d151b1920f4640b029eed7047db9d4b",
      "complete": true,
      "count": 4,
      "diagnostic": "uv"
    }
  ],
  "all_hashes_verified": true
}
