00:00.398  blend            | Read blend: "/home/runner/work/critical-shift/critical-shift/sections/fuel-corridor/production/checkpoints/fuel_full_F5ci.blend"
02:20.958  render           | Saved: '/home/runner/work/critical-shift/critical-shift/sections/fuel-corridor/production/renders/review/full-F5ci/C01_ENTRY.png'
04:33.651  render           | Saved: '/home/runner/work/critical-shift/critical-shift/sections/fuel-corridor/production/renders/review/full-F5ci/C02_PRIMARY_ROUTE.png'
06:53.336  render           | Saved: '/home/runner/work/critical-shift/critical-shift/sections/fuel-corridor/production/renders/review/full-F5ci/C03_HERO.png'
09:11.012  render           | Saved: '/home/runner/work/critical-shift/critical-shift/sections/fuel-corridor/production/renders/review/full-F5ci/C04_REVERSE.png'
11:25.226  render           | Saved: '/home/runner/work/critical-shift/critical-shift/sections/fuel-corridor/production/renders/review/full-F5ci/C05_EAST_TURN.png'
13:36.742  render           | Saved: '/home/runner/work/critical-shift/critical-shift/sections/fuel-corridor/production/renders/review/full-F5ci/C06_REACTOR_THRESHOLD.png'
15:53.794  render           | Saved: '/home/runner/work/critical-shift/critical-shift/sections/fuel-corridor/production/renders/review/full-F5ci/C07_BYPASS.png'
18:11.416  render           | Saved: '/home/runner/work/critical-shift/critical-shift/sections/fuel-corridor/production/renders/review/full-F5ci/C08_SERVICE_JUNCTION.png'
20:25.399  render           | Saved: '/home/runner/work/critical-shift/critical-shift/sections/fuel-corridor/production/renders/review/full-F5ci/C09_MATERIALS.png'
22:41.096  render           | Saved: '/home/runner/work/critical-shift/critical-shift/sections/fuel-corridor/production/renders/review/full-F5ci/C10_PLANT_HEADER.png'
24:52.334  render           | Saved: '/home/runner/work/critical-shift/critical-shift/sections/fuel-corridor/production/renders/review/full-F5ci/D01_CARRIER_OPERATION.png'
27:04.740  render           | Saved: '/home/runner/work/critical-shift/critical-shift/sections/fuel-corridor/production/renders/review/full-F5ci/D02_WORKBENCH.png'
29:22.342  render           | Saved: '/home/runner/work/critical-shift/critical-shift/sections/fuel-corridor/production/renders/review/full-F5ci/D03_UTILITY.png'
31:35.251  render           | Saved: '/home/runner/work/critical-shift/critical-shift/sections/fuel-corridor/production/renders/review/full-F5ci/D04_REACTOR_WIDE.png'
33:50.697  render           | Saved: '/home/runner/work/critical-shift/critical-shift/sections/fuel-corridor/production/renders/review/full-F5ci/D05_GATE_MECHANISM.png'
36:01.201  render           | Saved: '/home/runner/work/critical-shift/critical-shift/sections/fuel-corridor/production/renders/review/full-F5ci/D06_SERVICE_RECESS.png'
38:14.083  render           | Saved: '/home/runner/work/critical-shift/critical-shift/sections/fuel-corridor/production/renders/review/full-F5ci/E01_WASTE_APPROACH.png'
40:31.507  render           | Saved: '/home/runner/work/critical-shift/critical-shift/sections/fuel-corridor/production/renders/review/full-F5ci/E02_CLEAN_APPROACH.png'
42:44.403  render           | Saved: '/home/runner/work/critical-shift/critical-shift/sections/fuel-corridor/production/renders/review/full-F5ci/E03_FREIGHT_LEAF.png'
CAM done C01_ENTRY
CAM done C02_PRIMARY_ROUTE
CAM done C03_HERO
CAM done C04_REVERSE
CAM done C05_EAST_TURN
CAM done C06_REACTOR_THRESHOLD
CAM done C07_BYPASS
CAM done C08_SERVICE_JUNCTION
CAM done C09_MATERIALS
CAM done C10_PLANT_HEADER
CAM done D01_CARRIER_OPERATION
CAM done D02_WORKBENCH
CAM done D03_UTILITY
CAM done D04_REACTOR_WIDE
CAM done D05_GATE_MECHANISM
CAM done D06_SERVICE_RECESS
CAM done E01_WASTE_APPROACH
CAM done E02_CLEAN_APPROACH
CAM done E03_FREIGHT_LEAF
REVIEW_MANIFEST /home/runner/work/critical-shift/critical-shift/sections/fuel-corridor/production/renders/review/full-F5ci
Blender 5.2.1 LTS (hash 9e2066aef7ef built 2026-08-25 02:12:34)

Blender quit
