COPLANAR_OVERLAPS 460
Evidence cabinet base plinth Evidence cabinet vault carcass 1.2727548547209153 [0.0, 0.0, -1.0] 0.0
Skirting east East wall wainscot 0.6948474965591629 [1.0, 0.0, -0.0] 6.8
P1 corridor wall W South wall west 0.6941199556934841 [1.0, 0.0, -0.0] -1.2
P1 corridor wall E South wall east 0.6941199556934841 [-1.0, 0.0, 0.0] -1.2
Switchgear plinth 0 Switchgear unit 0 0.693056213134696 [0.0, 0.0, -1.0] 0.0
Switchgear plinth 1 Switchgear unit 1 0.693056213134696 [0.0, 0.0, -1.0] 0.0
Support screen base curb Support privacy screen wall 0.6568229097138101 [0.0, 0.0, -1.0] 0.0
P1 corridor ceiling South lintel P1 0.6399839834246634 [0.0, 0.0, -1.0] -2.6
Skirting south west South wall wainscot west 0.24604783234786964 [0.0, -1.0, 0.0] 0.0
Skirting south east South wall wainscot east 0.24604783234786964 [0.0, -1.0, 0.0] 0.0
East wall wainscot Pilaster east 5.5 0.24262426812742888 [1.0, 0.0, -0.0] 6.8
East wall wainscot Pilaster east 2.5 0.24262384278870286 [1.0, 0.0, -0.0] 6.8
East wall wainscot Pilaster east 8.5 0.24262341744997684 [1.0, 0.0, -0.0] 6.8
East wall wainscot Pilaster east 11.5 0.24262341744997684 [1.0, 0.0, -0.0] 6.8
East wall wainscot Pilaster east 14.8 0.24262341744997684 [1.0, 0.0, -0.0] 6.8
South wall west P1 corridor wall W 0.23309976997376225 [0.0, 1.0, 0.0] 0.0
P1 corridor wall E South wall east 0.23309976997376225 [0.0, 1.0, 0.0] 0.0
P1 corridor ceiling South lintel P1 0.21492036540985282 [0.0, 1.0, 0.0] 0.0
Skirting north west North wall wainscot west 0.1906078915996403 [0.0, 1.0, 0.0] 15.8
Skirting north east North wall wainscot east 0.1906078915996403 [0.0, 1.0, 0.0] 15.8
G1 floor track plate G1 tower flange E 0.08142002780914481 [0.0, 0.0, -1.0] 0.0
G1 floor track plate G1 tower flange E 0.08142002780914481 [0.0, 0.0, 1.0] 0.02
G1 tower flange E G1 guide tower east 0.08134406457520527 [0.0, 0.0, -1.0] 0.0
Scanner base flange -1 Scanner portal column -1 0.0811708898325918 [0.0, 0.0, -1.0] 0.0
Scanner base flange 1 Scanner portal column 1 0.0811708898325918 [0.0, 0.0, -1.0] 0.0
CD | Joined P2 blast leaf west / steel CD | Joined P2 blast leaf east / steel 0.07255585431479972 [0.0, -1.0, 0.0] -15.728
CD | Joined P2 blast leaf west / steel CD | Joined P2 blast leaf east / steel 0.07255584906960166 [0.0, 1.0, 0.0] 15.752
CD | Open case folder cover Desk blotter mat 0.07005305425172992 [0.0, 0.0, -1.0] -0.76
G1 floor track plate G1 guide tower east 0.06844804568481777 [0.0, 0.0, -1.0] 0.0
G1 latch flange W G1 floor track plate 0.06210001173019464 [0.0, 0.0, -1.0] 0.0
G1 latch flange W G1 floor track plate 0.06210001173019464 [0.0, 0.0, 1.0] 0.02
CD | Joined Staff Desk Assembly / paper Desk blotter mat 0.060405734445794224 [0.0, 0.0, 1.0] 0.764
Hatch security grille bottom CD | Counter linoleum inset 0.04227980873110937 [0.0, 0.0, -1.0] -1.04
North wall wainscot east P2 security console 0.03943999629973405 [0.0, 1.0, 0.0] 15.8
Skirting east Pilaster east 5.5 0.039168059570329206 [1.0, 0.0, -0.0] 6.8
Skirting east Pilaster east 2.5 0.03916799090575296 [1.0, 0.0, -0.0] 6.8
Skirting west Pilaster west 11.5 0.03916792224117671 [-1.0, 0.0, 0.0] 6.8
Skirting west Pilaster west 14.8 0.03916792224117671 [-1.0, 0.0, 0.0] 6.8
Skirting east Pilaster east 8.5 0.03916792224117671 [1.0, 0.0, -0.0] 6.8
Skirting east Pilaster east 11.5 0.03916792224117671 [1.0, 0.0, -0.0] 6.8
Skirting east Pilaster east 14.8 0.03916792224117671 [1.0, 0.0, -0.0] 6.8
Desk stretcher Y Desk modesty panel 0.0375960356750511 [1.0, 0.0, -0.0] -2.93
Desk blotter mat Desk shift folder 0.036845459112555545 [0.0, 0.0, -1.0] -0.76
G1 latch flange W G1 latch post west 0.03449992585183281 [0.0, 0.0, -1.0] 0.0
G1 floor track plate G1 latch post west 0.03449992585183281 [0.0, 0.0, -1.0] 0.0
Transit pallet base 1 Pilaster east flange 11.5 0.032591142257842876 [0.0, 0.0, -1.0] 0.0
Transit drum A Transit drum B 0.03193015390662168 [0.0, 0.0, -1.0] -0.12
Transit drum A Transit drum B 0.03193015390662168 [0.0, 0.0, 1.0] 0.88
CD | Joined Cargo Inspection Conveyor / steel Lead tunnel main body 0.029472208621996288 [-1.0, 0.0, 0.0] -3.9
CD | Joined Cargo Inspection Conveyor / steel Lead tunnel main body 0.029472208621996288 [1.0, 0.0, 0.0] 5.4
