FIXING_DONE 1636
DETACHED_CUES 21
Checkin Counter Hatch CD | Joined Checkin Counter Hatch / ivory 2 [[-3.7049999237060547, 3.5905001163482666, 1.600000023841858], [-3.315000057220459, 3.5915000438690186, 1.6999999284744263]] [{'other_object': 'Hatch speaking aperture plate', 'other_island': 0, 'distance_m': 0.025079956278204918, 'nearest_points': [[-3.7049999237060547, 3.5915000438690186, 1.600000023841858], [-3.7049999237060547, 3.5934998989105225, 1.5749999284744263]]}]
Checkin Counter Hatch CD | Joined Checkin Counter Hatch / yellow 0 [[-1.0, 2.2899999618530273, 0.0], [-0.8999999761581421, 2.4099998474121094, 0.0010000000474974513]] []
Checkin Counter Hatch CD | Joined Checkin Counter Hatch / yellow 1 [[-1.0, 2.5199999809265137, 0.0], [-0.8999999761581421, 2.6399998664855957, 0.0010000000474974513]] []
Checkin Counter Hatch CD | Joined Checkin Counter Hatch / yellow 2 [[-1.0, 2.75, 0.0], [-0.8999999761581421, 2.869999885559082, 0.0010000000474974513]] []
Checkin Counter Hatch CD | Joined Checkin Counter Hatch / yellow 3 [[-1.3200000524520874, 2.817499876022339, 0.0], [-1.0800000429153442, 2.882499933242798, 0.0010000000474974513]] []
Checkin Counter Hatch CD | Joined Checkin Counter Hatch / yellow 4 [[-1.7200000286102295, 2.817499876022339, 0.0], [-1.4800000190734863, 2.882499933242798, 0.0010000000474974513]] []
Checkin Counter Hatch CD | Joined Checkin Counter Hatch / yellow 5 [[-2.119999885559082, 2.817499876022339, 0.0], [-1.8799998760223389, 2.882499933242798, 0.0010000000474974513]] []
Checkin Counter Hatch CD | Joined Checkin Counter Hatch / yellow 6 [[-2.5199999809265137, 2.817499876022339, 0.0], [-2.2799999713897705, 2.882499933242798, 0.0010000000474974513]] []
Checkin Counter Hatch CD | Joined Checkin Counter Hatch / yellow 7 [[-2.919999837875366, 2.817499876022339, 0.0], [-2.679999828338623, 2.882499933242798, 0.0010000000474974513]] []
Checkin Counter Hatch CD | Joined Checkin Counter Hatch / yellow 8 [[-3.319999933242798, 2.817499876022339, 0.0], [-3.080000162124634, 2.882499933242798, 0.0010000000474974513]] []
Person Scanner Arch CD | Joined Person Scanner Arch / steel 51 [[-0.840999960899353, 7.180000305175781, 0.21000009775161743], [-0.8289999961853027, 7.196000099182129, 2.490000009536743]] [{'other_object': 'CD | Joined Person Scanner Arch / steel', 'other_island': 53, 'distance_m': 0.0065000057220458984, 'nearest_points': [[-0.8289999961853027, 7.185300350189209, 0.55430006980896], [-0.8224999904632568, 7.185300350189209, 0.5543000102043152]]}]
Person Scanner Arch CD | Joined Person Scanner Arch / steel 52 [[-0.6309999823570251, 7.180000305175781, 0.21000009775161743], [-0.6190000176429749, 7.196000099182129, 2.490000009536743]] [{'other_object': 'CD | Joined Person Scanner Arch / steel', 'other_island': 53, 'distance_m': 0.006500065326690674, 'nearest_points': [[-0.6309999823570251, 7.185300350189209, 0.5543000102043152], [-0.6375000476837158, 7.185300350189209, 0.5543000102043152]]}]
Person Scanner Arch CD | Joined Person Scanner Arch / steel 53 [[-0.8224999904632568, 7.185000419616699, 0.5540000200271606], [-0.6375000476837158, 7.190999984741211, 0.5659999847412109]] [{'other_object': 'Scanner portal column -1', 'other_island': 0, 'distance_m': 0.006342487875372171, 'nearest_points': [[-0.8222000002861023, 7.185000419616699, 0.5656999945640564], [-0.8188650608062744, 7.179605484008789, 0.5657000541687012]]}]
Person Scanner Arch CD | Joined Person Scanner Arch / steel 54 [[-0.8224999904632568, 7.185000419616699, 1.2139999866485596], [-0.6375000476837158, 7.190999984741211, 1.2260000705718994]] [{'other_object': 'Scanner portal column -1', 'other_island': 0, 'distance_m': 0.006342113483697176, 'nearest_points': [[-0.8222000002861023, 7.185000419616699, 1.2142999172210693], [-0.8188650012016296, 7.179605960845947, 1.2143000364303589]]}]
Person Scanner Arch CD | Joined Person Scanner Arch / steel 55 [[-0.8224999904632568, 7.185000419616699, 1.874000072479248], [-0.6375000476837158, 7.190999984741211, 1.886000156402588]] [{'other_object': 'Scanner portal column -1', 'other_island': 0, 'distance_m': 0.006342487875372171, 'nearest_points': [[-0.8222000002861023, 7.185000419616699, 1.8743000030517578], [-0.8188650608062744, 7.179605484008789, 1.8743001222610474]]}]
Person Scanner Arch CD | Joined Person Scanner Arch / steel 61 [[0.6189999580383301, 7.180000305175781, 0.21000009775161743], [0.6310000419616699, 7.196000099182129, 2.490000009536743]] [{'other_object': 'CD | Joined Person Scanner Arch / steel', 'other_island': 63, 'distance_m': 0.0065000057220458984, 'nearest_points': [[0.6310000419616699, 7.185300350189209, 0.55430006980896], [0.6375000476837158, 7.185300350189209, 0.5543000102043152]]}]
Person Scanner Arch CD | Joined Person Scanner Arch / steel 62 [[0.8289999961853027, 7.180000305175781, 0.21000009775161743], [0.8410000801086426, 7.196000099182129, 2.490000009536743]] [{'other_object': 'CD | Joined Person Scanner Arch / steel', 'other_island': 63, 'distance_m': 0.0065000057220458984, 'nearest_points': [[0.8289999961853027, 7.185300350189209, 0.5543000102043152], [0.8224999904632568, 7.185300350189209, 0.5543000102043152]]}]
Person Scanner Arch CD | Joined Person Scanner Arch / steel 63 [[0.6375000476837158, 7.185000419616699, 0.5540000200271606], [0.8224999904632568, 7.190999984741211, 0.5659999847412109]] [{'other_object': 'Scanner portal column 1', 'other_island': 0, 'distance_m': 0.006342487875372171, 'nearest_points': [[0.6377999782562256, 7.185000419616699, 0.5656999945640564], [0.6411349177360535, 7.179605484008789, 0.5657000541687012]]}]
Person Scanner Arch CD | Joined Person Scanner Arch / steel 64 [[0.6375000476837158, 7.185000419616699, 1.2139999866485596], [0.8224999904632568, 7.190999984741211, 1.2260000705718994]] [{'other_object': 'Scanner portal column 1', 'other_island': 0, 'distance_m': 0.006342113483697176, 'nearest_points': [[0.6377999782562256, 7.185000419616699, 1.2142999172210693], [0.6411349773406982, 7.179605960845947, 1.2143000364303589]]}]
Person Scanner Arch CD | Joined Person Scanner Arch / steel 65 [[0.6375000476837158, 7.185000419616699, 1.874000072479248], [0.8224999904632568, 7.190999984741211, 1.886000156402588]] [{'other_object': 'Scanner portal column 1', 'other_island': 0, 'distance_m': 0.006342487875372171, 'nearest_points': [[0.6377999782562256, 7.185000419616699, 1.8743000030517578], [0.6411349177360535, 7.179605484008789, 1.8743001222610474]]}]
CD | Arrival check-in cue CD | Arrival check-in cue plate 0 [[-2.319999933242798, 3.450000047683716, 2.5199999809265137], [-2.305999994277954, 4.150000095367432, 2.820000171661377]] []
Blender 5.2.2 LTS (hash d13f752e3b9c built 2026-09-15 01:34:58)

Blender quit
